Component: Arm Compiler for Embedded 6.24 Tool: armlink [5f371500]

==============================================================================

Section Cross References

    startup_stm32h723xx.o(STACK) refers (Special) to heapauxi.o(.text) for __use_two_region_memory
    startup_stm32h723xx.o(HEAP) refers (Special) to heapauxi.o(.text) for __use_two_region_memory
    startup_stm32h723xx.o(RESET) refers (Special) to heapauxi.o(.text) for __use_two_region_memory
    startup_stm32h723xx.o(RESET) refers to startup_stm32h723xx.o(STACK) for __initial_sp
    startup_stm32h723xx.o(RESET) refers to startup_stm32h723xx.o(.text) for Reset_Handler
    startup_stm32h723xx.o(RESET) refers to stm32h7xx_it.o(.text.NMI_Handler) for NMI_Handler
    startup_stm32h723xx.o(RESET) refers to stm32h7xx_it.o(.text.HardFault_Handler) for HardFault_Handler
    startup_stm32h723xx.o(RESET) refers to stm32h7xx_it.o(.text.MemManage_Handler) for MemManage_Handler
    startup_stm32h723xx.o(RESET) refers to stm32h7xx_it.o(.text.BusFault_Handler) for BusFault_Handler
    startup_stm32h723xx.o(RESET) refers to stm32h7xx_it.o(.text.UsageFault_Handler) for UsageFault_Handler
    startup_stm32h723xx.o(RESET) refers to stm32h7xx_it.o(.text.SVC_Handler) for SVC_Handler
    startup_stm32h723xx.o(RESET) refers to stm32h7xx_it.o(.text.DebugMon_Handler) for DebugMon_Handler
    startup_stm32h723xx.o(RESET) refers to stm32h7xx_it.o(.text.PendSV_Handler) for PendSV_Handler
    startup_stm32h723xx.o(RESET) refers to stm32h7xx_it.o(.text.SysTick_Handler) for SysTick_Handler
    startup_stm32h723xx.o(RESET) refers to stm32h7xx_it.o(.text.USART1_IRQHandler) for USART1_IRQHandler
    startup_stm32h723xx.o(.text) refers (Special) to heapauxi.o(.text) for __use_two_region_memory
    startup_stm32h723xx.o(.text) refers to system_stm32h7xx.o(.text.ExitRun0Mode) for ExitRun0Mode
    startup_stm32h723xx.o(.text) refers to system_stm32h7xx.o(.text.SystemInit) for SystemInit
    startup_stm32h723xx.o(.text) refers to __main.o(!!!main) for __main
    startup_stm32h723xx.o(.text) refers to startup_stm32h723xx.o(HEAP) for Heap_Mem
    startup_stm32h723xx.o(.text) refers to startup_stm32h723xx.o(STACK) for Stack_Mem
    dds.o(.text.DDS_GenerateSineLUT) refers to dds.o(.data.M_PI) for M_PI
    dds.o(.text.DDS_GenerateSineLUT) refers to sin.o(i.__hardfp_sin) for __hardfp_sin
    dds.o(.ARM.exidx.text.DDS_GenerateSineLUT) refers to dds.o(.text.DDS_GenerateSineLUT) for [Anonymous Symbol]
    dds.o(.text.DDS_WriteWaveformRAM) refers to dds.o(.text.DDS_DisableDAC) for DDS_DisableDAC
    dds.o(.text.DDS_WriteWaveformRAM) refers to dds.o(.text.DDS_EnableDAC) for DDS_EnableDAC
    dds.o(.ARM.exidx.text.DDS_WriteWaveformRAM) refers to dds.o(.text.DDS_WriteWaveformRAM) for [Anonymous Symbol]
    dds.o(.ARM.exidx.text.DDS_DisableDAC) refers to dds.o(.text.DDS_DisableDAC) for [Anonymous Symbol]
    dds.o(.ARM.exidx.text.DDS_EnableDAC) refers to dds.o(.text.DDS_EnableDAC) for [Anonymous Symbol]
    dds.o(.ARM.exidx.text.DDS_CalcFTW) refers to dds.o(.text.DDS_CalcFTW) for [Anonymous Symbol]
    dds.o(.text.DDS_SetFrequency) refers to dds.o(.text.DDS_CalcFTW) for DDS_CalcFTW
    dds.o(.ARM.exidx.text.DDS_SetFrequency) refers to dds.o(.text.DDS_SetFrequency) for [Anonymous Symbol]
    dds.o(.ARM.exidx.text.DDS_ReadFrequency) refers to dds.o(.text.DDS_ReadFrequency) for [Anonymous Symbol]
    dds.o(.ARM.exidx.text.DDS_GetDACState) refers to dds.o(.text.DDS_GetDACState) for [Anonymous Symbol]
    dds.o(.ARM.exidx.text.DDS_PhaseReset) refers to dds.o(.text.DDS_PhaseReset) for [Anonymous Symbol]
    dds.o(.text.DDS_VerifyWaveform) refers to dds.o(.bss.sine_lut) for sine_lut
    dds.o(.ARM.exidx.text.DDS_VerifyWaveform) refers to dds.o(.text.DDS_VerifyWaveform) for [Anonymous Symbol]
    dds.o(.ARM.exidx.text.DDS_CalcChecksum) refers to dds.o(.text.DDS_CalcChecksum) for [Anonymous Symbol]
    dds.o(.text.DDS_Init) refers to dds.o(.bss.sine_lut) for sine_lut
    dds.o(.text.DDS_Init) refers to dds.o(.text.DDS_GenerateSineLUT) for DDS_GenerateSineLUT
    dds.o(.text.DDS_Init) refers to dds.o(.text.DDS_WriteWaveformRAM) for DDS_WriteWaveformRAM
    dds.o(.text.DDS_Init) refers to dds.o(.text.DDS_SetFrequency) for DDS_SetFrequency
    dds.o(.text.DDS_Init) refers to dds.o(.text.DDS_PhaseReset) for DDS_PhaseReset
    dds.o(.text.DDS_Init) refers to dds.o(.text.DDS_EnableDAC) for DDS_EnableDAC
    dds.o(.ARM.exidx.text.DDS_Init) refers to dds.o(.text.DDS_Init) for [Anonymous Symbol]
    main.o(.text.main) refers to main.o(.text.MPU_Config) for MPU_Config
    main.o(.text.main) refers to stm32h7xx_hal.o(.text.HAL_Init) for HAL_Init
    main.o(.text.main) refers to main.o(.text.SystemClock_Config) for SystemClock_Config
    main.o(.text.main) refers to gpio.o(.text.MX_GPIO_Init) for MX_GPIO_Init
    main.o(.text.main) refers to fmc.o(.text.MX_FMC_Init) for MX_FMC_Init
    main.o(.text.main) refers to usart.o(.text.MX_USART1_UART_Init) for MX_USART1_UART_Init
[...]
    UARTEx_SetNbDataToProcess.numerator      0x08009534   Data           8  stm32h7xx_hal_uart_ex.o(.rodata.UARTEx_SetNbDataToProcess.numerator)
    [Anonymous Symbol]                       0x08009534   Section        0  stm32h7xx_hal_uart_ex.o(.rodata.UARTEx_SetNbDataToProcess.numerator)
    .L.str.11                                0x08009554   Data          33  main.o(.rodata.str1.1)
    [Anonymous Symbol]                       0x08009554   Section        0  main.o(.rodata.str1.1)
    .L.str.6                                 0x08009575   Data          35  main.o(.rodata.str1.1)
    .L.str.4                                 0x08009598   Data          35  main.o(.rodata.str1.1)
    .L.str.5                                 0x080095bb   Data          35  main.o(.rodata.str1.1)
    .L.str.9                                 0x080095de   Data          40  main.o(.rodata.str1.1)
    .L.str.3                                 0x08009606   Data          30  main.o(.rodata.str1.1)
    .L.str.1                                 0x08009624   Data          14  main.o(.rodata.str1.1)
    .L.str.2                                 0x08009632   Data          34  main.o(.rodata.str1.1)
    .L.str                                   0x08009654   Data         165  main.o(.rodata.str1.1)
    .L.str.10                                0x080096f9   Data          14  main.o(.rodata.str1.1)
    .L.str.7                                 0x08009707   Data           8  main.o(.rodata.str1.1)
    .L.str.8                                 0x0800970f   Data           9  main.o(.rodata.str1.1)
    locale$$data                             0x08009748   Section       28  lc_numeric_c.o(locale$$data)
    __lcnum_c_name                           0x0800974c   Data           2  lc_numeric_c.o(locale$$data)
    __lcnum_c_start                          0x08009754   Data           0  lc_numeric_c.o(locale$$data)
    __lcnum_c_point                          0x08009760   Data           0  lc_numeric_c.o(locale$$data)
    __lcnum_c_thousands                      0x08009762   Data           0  lc_numeric_c.o(locale$$data)
    __lcnum_c_grouping                       0x08009763   Data           0  lc_numeric_c.o(locale$$data)
    __lcnum_c_end                            0x08009764   Data           0  lc_numeric_c.o(locale$$data)
    locale$$data                             0x08009764   Section      272  lc_ctype_c.o(locale$$data)
    __lcctype_c_name                         0x08009768   Data           2  lc_ctype_c.o(locale$$data)
    __lcctype_c_start                        0x08009770   Data           0  lc_ctype_c.o(locale$$data)
    __lcctype_c_end                          0x08009874   Data           0  lc_ctype_c.o(locale$$data)
    sine_lut                                 0x20000000   Data        2048  dds.o(.bss.sine_lut)
    [Anonymous Symbol]                       0x20000000   Section        0  dds.o(.bss.sine_lut)
    M_PI                                     0x24000000   Data           4  dds.o(.data.M_PI)
    [Anonymous Symbol]                       0x24000000   Section        0  dds.o(.data.M_PI)
    .bss                                     0x24000018   Section       96  libspace.o(.bss)
    FMC_Initialized                          0x24000078   Data           4  fmc.o(.bss.FMC_Initialized)
    [Anonymous Symbol]                       0x24000078   Section        0  fmc.o(.bss.FMC_Initialized)
    Heap_Mem                                 0x24000160   Data         512  startup_stm32h723xx.o(HEAP)
    HEAP                                     0x24000160   Section      512  startup_stm32h723xx.o(HEAP)
    Stack_Mem                                0x24000360   Data        1024  startup_stm32h723xx.o(STACK)
    STACK                                    0x24000360   Section     1024  startup_stm32h723xx.o(STACK)
    __initial_sp                             0x24000760   Data           0  startup_stm32h723xx.o(STACK)

    Global Symbols

    Symbol Name                              Value     Ov Type        Size  Object(Section)

    BuildAttributes$$THM_ISAv4$E$P$D$K$B$S$7EM$VFPv5_D16$PE$PLD8$A:L22UL41UL21$X:L11$S22US41US21$IEEE1$IW$~IW$USESV6$~STKCKD$USESV7$~SHL$OTIME$ROPI$IEEEX$EBA8$UX$STANDARDLIB$REQ8$PRES8$EABIv2 0x00000000   Number         0  anon$$obj.o ABSOLUTE
    _printf_flags                            0x00000000   Number         0  printf_stubs.o ABSOLUTE
    _printf_return_value                     0x00000000   Number         0  printf_stubs.o ABSOLUTE
    _printf_sizespec                         0x00000000   Number         0  printf_stubs.o ABSOLUTE
    _printf_widthprec                        0x00000000   Number         0  printf_stubs.o ABSOLUTE
    __ARM_exceptions_init                     - Undefined Weak Reference
    __alloca_initialize                       - Undefined Weak Reference
    __arm_preinit_                            - Undefined Weak Reference
    __arm_relocate_pie_                       - Undefined Weak Reference
    __cpp_initialize__aeabi_                  - Undefined Weak Reference
    __cxa_finalize                            - Undefined Weak Reference
    __sigvec_lookup                           - Undefined Weak Reference
    _atexit_init                              - Undefined Weak Reference
    _call_atexit_fns                          - Undefined Weak Reference
    _clock_init                               - Undefined Weak Reference
    _fp_trap_init                             - Undefined Weak Reference
    _fp_trap_shutdown                         - Undefined Weak Reference
    _get_lc_collate                           - Undefined Weak Reference
    _get_lc_monetary                          - Undefined Weak Reference
    _get_lc_time                              - Undefined Weak Reference
    _getenv_init                              - Undefined Weak Reference
    _handle_redirection                       - Undefined Weak Reference
    _init_alloc                               - Undefined Weak Reference
    _init_user_alloc                          - Undefined Weak Reference
    _initio                                   - Undefined Weak Reference
    _printf_mbtowc                            - Undefined Weak Reference
    _printf_wc                                - Undefined Weak Reference
    _rand_init                                - Undefined Weak Reference
    _signal_finish                            - Undefined Weak Reference
    _signal_init                              - Undefined Weak Reference
    _terminate_alloc                          - Undefined Weak Reference
    _terminate_user_alloc                     - Undefined Weak Reference
    _terminateio                              - Undefined Weak Reference
    __Vectors_Size                           0x000002cc   Number         0  startup_stm32h723xx.o ABSOLUTE
    __Vectors                                0x08000000   Data           4  startup_stm32h723xx.o(RESET)
    __Vectors_End                            0x080002cc   Data           0  startup_stm32h723xx.o(RESET)
    __main                                   0x080002cd   Thumb Code     8  __main.o(!!!main)
    __scatterload                            0x080002d5   Thumb Code     0  __scatter.o(!!!scatter)
    __scatterload_rt2                        0x080002d5   Thumb Code    84  __scatter.o(!!!scatter)
    __scatterload_rt2_thumb_only             0x080002d5   Thumb Code     0  __scatter.o(!!!scatter)
    __scatterload_loop                       0x080002df   Thumb Code     0  __scatter.o(!!!scatter)
    __scatterload_copy                       0x08000331   Thumb Code    26  __scatter_copy.o(!!handler_copy)
    __scatterload_null                       0x0800034d   Thumb Code     2  __scatter.o(!!handler_null)
    __scatterload_zeroinit                   0x08000351   Thumb Code    28  __scatter_zi.o(!!handler_zi)
    _printf_n                                0x0800036d   Thumb Code     0  _printf_n.o(.ARM.Collect$$_printf_percent$$00000001)
    _printf_percent                          0x0800036d   Thumb Code     0  _printf_percent.o(.ARM.Collect$$_printf_percent$$00000000)
    _printf_p                                0x08000373   Thumb Code     0  _printf_p.o(.ARM.Collect$$_printf_percent$$00000002)
    _printf_f                                0x08000379   Thumb Code     0  _printf_f.o(.ARM.Collect$$_printf_percent$$00000003)
    _printf_e                                0x0800037f   Thumb Code     0  _printf_e.o(.ARM.Collect$$_printf_percent$$00000004)
    _printf_g                                0x08000385   Thumb Code     0  _printf_g.o(.ARM.Collect$$_printf_percent$$00000005)
    _printf_a                                0x0800038b   Thumb Code     0  _printf_a.o(.ARM.Collect$$_printf_percent$$00000006)
    _printf_ll                               0x08000391   Thumb Code     0  _printf_ll.o(.ARM.Collect$$_printf_percent$$00000007)
    _printf_i                                0x0800039b   Thumb Code     0  _printf_i.o(.ARM.Collect$$_printf_percent$$00000008)
    _printf_d                                0x080003a1   Thumb Code     0  _printf_d.o(.ARM.Collect$$_printf_percent$$00000009)
    _printf_u                                0x080003a7   Thumb Code     0  _printf_u.o(.ARM.Collect$$_printf_percent$$0000000A)
    _printf_o                                0x080003ad   Thumb Code     0  _printf_o.o(.ARM.Collect$$_printf_percent$$0000000B)
    _printf_x                                0x080003b3   Thumb Code     0  _printf_x.o(.ARM.Collect$$_printf_percent$$0000000C)
    _printf_lli                              0x080003b9   Thumb Code     0  _printf_lli.o(.ARM.Collect$$_printf_percent$$0000000D)
    _printf_lld                              0x080003bf   Thumb Code     0  _printf_lld.o(.ARM.Collect$$_printf_percent$$0000000E)
    _printf_llu                              0x080003c5   Thumb Code     0  _printf_llu.o(.ARM.Collect$$_printf_percent$$0000000F)
    _printf_llo                              0x080003cb   Thumb Code     0  _printf_llo.o(.ARM.Collect$$_printf_percent$$00000010)
    _printf_llx                              0x080003d1   Thumb Code     0  _printf_llx.o(.ARM.Collect$$_printf_percent$$00000011)
    _printf_l                                0x080003d7   Thumb Code     0  _printf_l.o(.ARM.Collect$$_printf_percent$$00000012)
    _printf_c                                0x080003e1   Thumb Code     0  _printf_c.o(.ARM.Collect$$_printf_percent$$00000013)
    _printf_s                                0x080003e7   Thumb Code     0  _printf_s.o(.ARM.Collect$$_printf_percent$$00000014)
    _printf_lc                               0x080003ed   Thumb Code     0  _printf_lc.o(.ARM.Collect$$_printf_percent$$00000015)
    _printf_ls                               0x080003f3   Thumb Code     0  _printf_ls.o(.ARM.Collect$$_printf_percent$$00000016)
    _printf_percent_end                      0x080003f9   Thumb Code     0  _printf_percent_end.o(.ARM.Collect$$_printf_percent$$00000017)
    __rt_lib_init                            0x080003fd   Thumb Code     0  libinit.o(.ARM.Collect$$libinit$$00000000)
    __rt_lib_init_fp_1                       0x080003ff   Thumb Code     0  libinit2.o(.ARM.Collect$$libinit$$00000001)
    __rt_lib_init_heap_1                     0x08000403   Thumb Code     0  libinit2.o(.ARM.Collect$$libinit$$0000000C)
    __rt_lib_init_lc_common                  0x08000403   Thumb Code     0  libinit2.o(.ARM.Collect$$libinit$$00000011)
    __rt_lib_init_preinit_1                  0x08000403   Thumb Code     0  libinit2.o(.ARM.Collect$$libinit$$00000006)
    __rt_lib_init_rand_1                     0x08000403   Thumb Code     0  libinit2.o(.ARM.Collect$$libinit$$00000010)
    __rt_lib_init_relocate_pie_1             0x08000403   Thumb Code     0  libinit2.o(.ARM.Collect$$libinit$$00000004)
    __rt_lib_init_user_alloc_1               0x08000403   Thumb Code     0  libinit2.o(.ARM.Collect$$libinit$$0000000E)
    __rt_lib_init_lc_collate_1               0x08000409   Thumb Code     0  libinit2.o(.ARM.Collect$$libinit$$00000013)
    __rt_lib_init_lc_ctype_2                 0x08000409   Thumb Code     0  libinit2.o(.ARM.Collect$$libinit$$00000014)
    __rt_lib_init_lc_ctype_1                 0x08000415   Thumb Code     0  libinit2.o(.ARM.Collect$$libinit$$00000015)
    __rt_lib_init_lc_monetary_1              0x08000415   Thumb Code     0  libinit2.o(.ARM.Collect$$libinit$$00000017)
    __rt_lib_init_lc_numeric_2               0x08000415   Thumb Code     0  libinit2.o(.ARM.Collect$$libinit$$00000018)
    __rt_lib_init_alloca_1                   0x0800041f   Thumb Code     0  libinit2.o(.ARM.Collect$$libinit$$00000030)
    __rt_lib_init_argv_1                     0x0800041f   Thumb Code     0  libinit2.o(.ARM.Collect$$libinit$$0000002E)
    __rt_lib_init_atexit_1                   0x0800041f   Thumb Code     0  libinit2.o(.ARM.Collect$$libinit$$0000001D)
    __rt_lib_init_clock_1                    0x0800041f   Thumb Code     0  libinit2.o(.ARM.Collect$$libinit$$00000023)
    __rt_lib_init_cpp_1                      0x0800041f   Thumb Code     0  libinit2.o(.ARM.Collect$$libinit$$00000034)
    __rt_lib_init_exceptions_1               0x0800041f   Thumb Code     0  libinit2.o(.ARM.Collect$$libinit$$00000032)
    __rt_lib_init_fp_trap_1                  0x0800041f   Thumb Code     0  libinit2.o(.ARM.Collect$$libinit$$00000021)
    __rt_lib_init_getenv_1                   0x0800041f   Thumb Code     0  libinit2.o(.ARM.Collect$$libinit$$00000025)
    __rt_lib_init_lc_numeric_1               0x0800041f   Thumb Code     0  libinit2.o(.ARM.Collect$$libinit$$00000019)
    __rt_lib_init_lc_time_1                  0x0800041f   Thumb Code     0  libinit2.o(.ARM.Collect$$libinit$$0000001B)
    __rt_lib_init_return                     0x0800041f   Thumb Code     0  libinit2.o(.ARM.Collect$$libinit$$00000035)
    __rt_lib_init_signal_1                   0x0800041f   Thumb Code     0  libinit2.o(.ARM.Collect$$libinit$$0000001F)
    __rt_lib_init_stdio_1                    0x0800041f   Thumb Code     0  libinit2.o(.ARM.Collect$$libinit$$00000027)
    __rt_lib_shutdown                        0x08000421   Thumb Code     0  libshutdown.o(.ARM.Collect$$libshutdown$$00000000)
    __rt_lib_shutdown_cpp_1                  0x08000423   Thumb Code     0  libshutdown2.o(.ARM.Collect$$libshutdown$$00000002)
    __rt_lib_shutdown_fp_trap_1              0x08000423   Thumb Code     0  libshutdown2.o(.ARM.Collect$$libshutdown$$00000007)
    __rt_lib_shutdown_heap_1                 0x08000423   Thumb Code     0  libshutdown2.o(.ARM.Collect$$libshutdown$$0000000F)
    __rt_lib_shutdown_return                 0x08000423   Thumb Code     0  libshutdown2.o(.ARM.Collect$$libshutdown$$00000010)
    __rt_lib_shutdown_signal_1               0x08000423   Thumb Code     0  libshutdown2.o(.ARM.Collect$$libshutdown$$0000000A)
    __rt_lib_shutdown_stdio_1                0x08000423   Thumb Code     0  libshutdown2.o(.ARM.Collect$$libshutdown$$00000004)
    __rt_lib_shutdown_user_alloc_1           0x08000423   Thumb Code     0  libshutdown2.o(.ARM.Collect$$libshutdown$$0000000C)
    __rt_entry                               0x08000425   Thumb Code     0  __rtentry.o(.ARM.Collect$$rtentry$$00000000)
    __rt_entry_presh_1                       0x08000425   Thumb Code     0  __rtentry2.o(.ARM.Collect$$rtentry$$00000002)
    __rt_entry_sh                            0x08000425   Thumb Code     0  __rtentry4.o(.ARM.Collect$$rtentry$$00000004)
    __rt_entry_li                            0x0800042b   Thumb Code     0  __rtentry2.o(.ARM.Collect$$rtentry$$0000000A)
    __rt_entry_postsh_1                      0x0800042b   Thumb Code     0  __rtentry2.o(.ARM.Collect$$rtentry$$00000009)
    __rt_entry_main                          0x0800042f   Thumb Code     0  __rtentry2.o(.ARM.Collect$$rtentry$$0000000D)
    __rt_entry_postli_1                      0x0800042f   Thumb Code     0  __rtentry2.o(.ARM.Collect$$rtentry$$0000000C)
    __rt_exit                                0x08000437   Thumb Code     0  rtexit.o(.ARM.Collect$$rtexit$$00000000)
    __rt_exit_ls                             0x08000439   Thumb Code     0  rtexit2.o(.ARM.Collect$$rtexit$$00000003)
    __rt_exit_prels_1                        0x08000439   Thumb Code     0  rtexit2.o(.ARM.Collect$$rtexit$$00000002)
    __rt_exit_exit                           0x0800043d   Thumb Code     0  rtexit2.o(.ARM.Collect$$rtexit$$00000004)
    Reset_Handler                            0x08000445   Thumb Code    12  startup_stm32h723xx.o(.text)
    ADC3_IRQHandler                          0x08000463   Thumb Code     0  startup_stm32h723xx.o(.text)
    ADC_IRQHandler                           0x08000463   Thumb Code     0  startup_stm32h723xx.o(.text)
    BDMA_Channel0_IRQHandler                 0x08000463   Thumb Code     0  startup_stm32h723xx.o(.text)
    BDMA_Channel1_IRQHandler                 0x08000463   Thumb Code     0  startup_stm32h723xx.o(.text)
    BDMA_Channel2_IRQHandler                 0x08000463   Thumb Code     0  startup_stm32h723xx.o(.text)
    BDMA_Channel3_IRQHandler                 0x08000463   Thumb Code     0  startup_stm32h723xx.o(.text)
    BDMA_Channel4_IRQHandler                 0x08000463   Thumb Code     0  startup_stm32h723xx.o(.text)
    BDMA_Channel5_IRQHandler                 0x08000463   Thumb Code     0  startup_stm32h723xx.o(.text)
    BDMA_Channel6_IRQHandler                 0x08000463   Thumb Code     0  startup_stm32h723xx.o(.text)
    BDMA_Channel7_IRQHandler                 0x08000463   Thumb Code     0  startup_stm32h723xx.o(.text)
    CEC_IRQHandler                           0x08000463   Thumb Code     0  startup_stm32h723xx.o(.text)
    COMP1_IRQHandler                         0x08000463   Thumb Code     0  startup_stm32h723xx.o(.text)
    CORDIC_IRQHandler                        0x08000463   Thumb Code     0  startup_stm32h723xx.o(.text)
    CRS_IRQHandler                           0x08000463   Thumb Code     0  startup_stm32h723xx.o(.text)
    DCMI_PSSI_IRQHandler                     0x08000463   Thumb Code     0  startup_stm32h723xx.o(.text)
    DFSDM1_FLT0_IRQHandler                   0x08000463   Thumb Code     0  startup_stm32h723xx.o(.text)
    DFSDM1_FLT1_IRQHandler                   0x08000463   Thumb Code     0  startup_stm32h723xx.o(.text)
    DFSDM1_FLT2_IRQHandler                   0x08000463   Thumb Code     0  startup_stm32h723xx.o(.text)
    DFSDM1_FLT3_IRQHandler                   0x08000463   Thumb Code     0  startup_stm32h723xx.o(.text)
    DMA1_Stream0_IRQHandler                  0x08000463   Thumb Code     0  startup_stm32h723xx.o(.text)
    DMA1_Stream1_IRQHandler                  0x08000463   Thumb Code     0  startup_stm32h723xx.o(.text)
    DMA1_Stream2_IRQHandler                  0x08000463   Thumb Code     0  startup_stm32h723xx.o(.text)
    DMA1_Stream3_IRQHandler                  0x08000463   Thumb Code     0  startup_stm32h723xx.o(.text)
    DMA1_Stream4_IRQHandler                  0x08000463   Thumb Code     0  startup_stm32h723xx.o(.text)
    DMA1_Stream5_IRQHandler                  0x08000463   Thumb Code     0  startup_stm32h723xx.o(.text)
    DMA1_Stream6_IRQHandler                  0x08000463   Thumb Code     0  startup_stm32h723xx.o(.text)
    DMA1_Stream7_IRQHandler                  0x08000463   Thumb Code     0  startup_stm32h723xx.o(.text)
    DMA2D_IRQHandler                         0x08000463   Thumb Code     0  startup_stm32h723xx.o(.text)
    DMA2_Stream0_IRQHandler                  0x08000463   Thumb Code     0  startup_stm32h723xx.o(.text)
    DMA2_Stream1_IRQHandler                  0x08000463   Thumb Code     0  startup_stm32h723xx.o(.text)
    DMA2_Stream2_IRQHandler                  0x08000463   Thumb Code     0  startup_stm32h723xx.o(.text)
    DMA2_Stream3_IRQHandler                  0x08000463   Thumb Code     0  startup_stm32h723xx.o(.text)
    DMA2_Stream4_IRQHandler                  0x08000463   Thumb Code     0  startup_stm32h723xx.o(.text)
    DMA2_Stream5_IRQHandler                  0x08000463   Thumb Code     0  startup_stm32h723xx.o(.text)
    DMA2_Stream6_IRQHandler                  0x08000463   Thumb Code     0  startup_stm32h723xx.o(.text)
    DMA2_Stream7_IRQHandler                  0x08000463   Thumb Code     0  startup_stm32h723xx.o(.text)
    DMAMUX1_OVR_IRQHandler                   0x08000463   Thumb Code     0  startup_stm32h723xx.o(.text)
    DMAMUX2_OVR_IRQHandler                   0x08000463   Thumb Code     0  startup_stm32h723xx.o(.text)
    DTS_IRQHandler                           0x08000463   Thumb Code     0  startup_stm32h723xx.o(.text)
    ECC_IRQHandler                           0x08000463   Thumb Code     0  startup_stm32h723xx.o(.text)
    ETH_IRQHandler                           0x08000463   Thumb Code     0  startup_stm32h723xx.o(.text)
    ETH_WKUP_IRQHandler                      0x08000463   Thumb Code     0  startup_stm32h723xx.o(.text)
    EXTI0_IRQHandler                         0x08000463   Thumb Code     0  startup_stm32h723xx.o(.text)
    EXTI15_10_IRQHandler                     0x08000463   Thumb Code     0  startup_stm32h723xx.o(.text)
    EXTI1_IRQHandler                         0x08000463   Thumb Code     0  startup_stm32h723xx.o(.text)
    EXTI2_IRQHandler                         0x08000463   Thumb Code     0  startup_stm32h723xx.o(.text)
    EXTI3_IRQHandler                         0x08000463   Thumb Code     0  startup_stm32h723xx.o(.text)
    EXTI4_IRQHandler                         0x08000463   Thumb Code     0  startup_stm32h723xx.o(.text)
    EXTI9_5_IRQHandler                       0x08000463   Thumb Code     0  startup_stm32h723xx.o(.text)
    FDCAN1_IT0_IRQHandler                    0x08000463   Thumb Code     0  startup_stm32h723xx.o(.text)
    FDCAN1_IT1_IRQHandler                    0x08000463   Thumb Code     0  startup_stm32h723xx.o(.text)
    FDCAN2_IT0_IRQHandler                    0x08000463   Thumb Code     0  startup_stm32h723xx.o(.text)
    FDCAN2_IT1_IRQHandler                    0x08000463   Thumb Code     0  startup_stm32h723xx.o(.text)
    FDCAN3_IT0_IRQHandler                    0x08000463   Thumb Code     0  startup_stm32h723xx.o(.text)
    FDCAN3_IT1_IRQHandler                    0x08000463   Thumb Code     0  startup_stm32h723xx.o(.text)
    FDCAN_CAL_IRQHandler                     0x08000463   Thumb Code     0  startup_stm32h723xx.o(.text)
    FLASH_IRQHandler                         0x08000463   Thumb Code     0  startup_stm32h723xx.o(.text)
    FMAC_IRQHandler                          0x08000463   Thumb Code     0  startup_stm32h723xx.o(.text)
    FMC_IRQHandler                           0x08000463   Thumb Code     0  startup_stm32h723xx.o(.text)
    FPU_IRQHandler                           0x08000463   Thumb Code     0  startup_stm32h723xx.o(.text)
    HSEM1_IRQHandler                         0x08000463   Thumb Code     0  startup_stm32h723xx.o(.text)
    I2C1_ER_IRQHandler                       0x08000463   Thumb Code     0  startup_stm32h723xx.o(.text)
    I2C1_EV_IRQHandler                       0x08000463   Thumb Code     0  startup_stm32h723xx.o(.text)
    I2C2_ER_IRQHandler                       0x08000463   Thumb Code     0  startup_stm32h723xx.o(.text)
    I2C2_EV_IRQHandler                       0x08000463   Thumb Code     0  startup_stm32h723xx.o(.text)
    I2C3_ER_IRQHandler                       0x08000463   Thumb Code     0  startup_stm32h723xx.o(.text)
    I2C3_EV_IRQHandler                       0x08000463   Thumb Code     0  startup_stm32h723xx.o(.text)
    I2C4_ER_IRQHandler                       0x08000463   Thumb Code     0  startup_stm32h723xx.o(.text)
    I2C4_EV_IRQHandler                       0x08000463   Thumb Code     0  startup_stm32h723xx.o(.text)
    I2C5_ER_IRQHandler                       0x08000463   Thumb Code     0  startup_stm32h723xx.o(.text)
    I2C5_EV_IRQHandler                       0x08000463   Thumb Code     0  startup_stm32h723xx.o(.text)
    LPTIM1_IRQHandler                        0x08000463   Thumb Code     0  startup_stm32h723xx.o(.text)
    LPTIM2_IRQHandler                        0x08000463   Thumb Code     0  startup_stm32h723xx.o(.text)
    LPTIM3_IRQHandler                        0x08000463   Thumb Code     0  startup_stm32h723xx.o(.text)
    LPTIM4_IRQHandler                        0x08000463   Thumb Code     0  startup_stm32h723xx.o(.text)
    LPTIM5_IRQHandler                        0x08000463   Thumb Code     0  startup_stm32h723xx.o(.text)
    LPUART1_IRQHandler                       0x08000463   Thumb Code     0  startup_stm32h723xx.o(.text)
    LTDC_ER_IRQHandler                       0x08000463   Thumb Code     0  startup_stm32h723xx.o(.text)
    LTDC_IRQHandler                          0x08000463   Thumb Code     0  startup_stm32h723xx.o(.text)
    MDIOS_IRQHandler                         0x08000463   Thumb Code     0  startup_stm32h723xx.o(.text)
    MDIOS_WKUP_IRQHandler                    0x08000463   Thumb Code     0  startup_stm32h723xx.o(.text)
    MDMA_IRQHandler                          0x08000463   Thumb Code     0  startup_stm32h723xx.o(.text)
    OCTOSPI1_IRQHandler                      0x08000463   Thumb Code     0  startup_stm32h723xx.o(.text)
    OCTOSPI2_IRQHandler                      0x08000463   Thumb Code     0  startup_stm32h723xx.o(.text)
    OTG_HS_EP1_IN_IRQHandler                 0x08000463   Thumb Code     0  startup_stm32h723xx.o(.text)
    OTG_HS_EP1_OUT_IRQHandler                0x08000463   Thumb Code     0  startup_stm32h723xx.o(.text)
    OTG_HS_IRQHandler                        0x08000463   Thumb Code     0  startup_stm32h723xx.o(.text)
    OTG_HS_WKUP_IRQHandler                   0x08000463   Thumb Code     0  startup_stm32h723xx.o(.text)
    PVD_AVD_IRQHandler                       0x08000463   Thumb Code     0  startup_stm32h723xx.o(.text)
    RCC_IRQHandler                           0x08000463   Thumb Code     0  startup_stm32h723xx.o(.text)
    RNG_IRQHandler                           0x08000463   Thumb Code     0  startup_stm32h723xx.o(.text)
    RTC_Alarm_IRQHandler                     0x08000463   Thumb Code     0  startup_stm32h723xx.o(.text)
    RTC_WKUP_IRQHandler                      0x08000463   Thumb Code     0  startup_stm32h723xx.o(.text)
    SAI1_IRQHandler                          0x08000463   Thumb Code     0  startup_stm32h723xx.o(.text)
    SAI4_IRQHandler                          0x08000463   Thumb Code     0  startup_stm32h723xx.o(.text)
    SDMMC1_IRQHandler                        0x08000463   Thumb Code     0  startup_stm32h723xx.o(.text)
    SDMMC2_IRQHandler                        0x08000463   Thumb Code     0  startup_stm32h723xx.o(.text)
    SPDIF_RX_IRQHandler                      0x08000463   Thumb Code     0  startup_stm32h723xx.o(.text)
    SPI1_IRQHandler                          0x08000463   Thumb Code     0  startup_stm32h723xx.o(.text)
    SPI2_IRQHandler                          0x08000463   Thumb Code     0  startup_stm32h723xx.o(.text)
    SPI3_IRQHandler                          0x08000463   Thumb Code     0  startup_stm32h723xx.o(.text)
    SPI4_IRQHandler                          0x08000463   Thumb Code     0  startup_stm32h723xx.o(.text)
    SPI5_IRQHandler                          0x08000463   Thumb Code     0  startup_stm32h723xx.o(.text)
    SPI6_IRQHandler                          0x08000463   Thumb Code     0  startup_stm32h723xx.o(.text)
    SWPMI1_IRQHandler                        0x08000463   Thumb Code     0  startup_stm32h723xx.o(.text)
    TAMP_STAMP_IRQHandler                    0x08000463   Thumb Code     0  startup_stm32h723xx.o(.text)
    TIM15_IRQHandler                         0x08000463   Thumb Code     0  startup_stm32h723xx.o(.text)
    TIM16_IRQHandler                         0x08000463   Thumb Code     0  startup_stm32h723xx.o(.text)
    TIM17_IRQHandler                         0x08000463   Thumb Code     0  startup_stm32h723xx.o(.text)
    TIM1_BRK_IRQHandler                      0x08000463   Thumb Code     0  startup_stm32h723xx.o(.text)
    TIM1_CC_IRQHandler                       0x08000463   Thumb Code     0  startup_stm32h723xx.o(.text)
    TIM1_TRG_COM_IRQHandler                  0x08000463   Thumb Code     0  startup_stm32h723xx.o(.text)
    TIM1_UP_IRQHandler                       0x08000463   Thumb Code     0  startup_stm32h723xx.o(.text)
    TIM23_IRQHandler                         0x08000463   Thumb Code     0  startup_stm32h723xx.o(.text)
    TIM24_IRQHandler                         0x08000463   Thumb Code     0  startup_stm32h723xx.o(.text)
    TIM2_IRQHandler                          0x08000463   Thumb Code     0  startup_stm32h723xx.o(.text)
    TIM3_IRQHandler                          0x08000463   Thumb Code     0  startup_stm32h723xx.o(.text)
    TIM4_IRQHandler                          0x08000463   Thumb Code     0  startup_stm32h723xx.o(.text)
    TIM5_IRQHandler                          0x08000463   Thumb Code     0  startup_stm32h723xx.o(.text)
    TIM6_DAC_IRQHandler                      0x08000463   Thumb Code     0  startup_stm32h723xx.o(.text)
    TIM7_IRQHandler                          0x08000463   Thumb Code     0  startup_stm32h723xx.o(.text)
    TIM8_BRK_TIM12_IRQHandler                0x08000463   Thumb Code     0  startup_stm32h723xx.o(.text)
    TIM8_CC_IRQHandler                       0x08000463   Thumb Code     0  startup_stm32h723xx.o(.text)
    TIM8_TRG_COM_TIM14_IRQHandler            0x08000463   Thumb Code     0  startup_stm32h723xx.o(.text)
    TIM8_UP_TIM13_IRQHandler                 0x08000463   Thumb Code     0  startup_stm32h723xx.o(.text)
    UART4_IRQHandler                         0x08000463   Thumb Code     0  startup_stm32h723xx.o(.text)
    UART5_IRQHandler                         0x08000463   Thumb Code     0  startup_stm32h723xx.o(.text)
    UART7_IRQHandler                         0x08000463   Thumb Code     0  startup_stm32h723xx.o(.text)
    UART8_IRQHandler                         0x08000463   Thumb Code     0  startup_stm32h723xx.o(.text)
    UART9_IRQHandler                         0x08000463   Thumb Code     0  startup_stm32h723xx.o(.text)
    USART10_IRQHandler                       0x08000463   Thumb Code     0  startup_stm32h723xx.o(.text)
    USART2_IRQHandler                        0x08000463   Thumb Code     0  startup_stm32h723xx.o(.text)
    USART3_IRQHandler                        0x08000463   Thumb Code     0  startup_stm32h723xx.o(.text)
    USART6_IRQHandler                        0x08000463   Thumb Code     0  startup_stm32h723xx.o(.text)
    WAKEUP_PIN_IRQHandler                    0x08000463   Thumb Code     0  startup_stm32h723xx.o(.text)
    WWDG_IRQHandler                          0x08000463   Thumb Code     0  startup_stm32h723xx.o(.text)
    __user_initial_stackheap                 0x08000465   Thumb Code     0  startup_stm32h723xx.o(.text)
    __aeabi_uldivmod                         0x0800048d   Thumb Code     0  lludivv7m.o(.text)
    _ll_udiv                                 0x0800048d   Thumb Code   240  lludivv7m.o(.text)
    sprintf                                  0x0800057d   Thumb Code    38  sprintf.o(.text)
    strlen                                   0x080005a9   Thumb Code    62  strlen.o(.text)
    __aeabi_memclr4                          0x080005e7   Thumb Code     0  rt_memclr_w.o(.text)
    __aeabi_memclr8                          0x080005e7   Thumb Code     0  rt_memclr_w.o(.text)
    __rt_memclr_w                            0x080005e7   Thumb Code     0  rt_memclr_w.o(.text)
    _memset_w                                0x080005eb   Thumb Code    74  rt_memclr_w.o(.text)
    __use_two_region_memory                  0x08000635   Thumb Code     2  heapauxi.o(.text)
    __rt_heap_escrow$2region                 0x08000637   Thumb Code     2  heapauxi.o(.text)
    __rt_heap_expand$2region                 0x08000639   Thumb Code     2  heapauxi.o(.text)
    __read_errno                             0x0800063b   Thumb Code    10  _rserrno.o(.text)
    __set_errno                              0x08000645   Thumb Code    12  _rserrno.o(.text)
    _printf_pre_padding                      0x08000651   Thumb Code    44  _printf_pad.o(.text)
    _printf_post_padding                     0x0800067d   Thumb Code    34  _printf_pad.o(.text)
    _printf_truncate_signed                  0x0800069f   Thumb Code    18  _printf_truncate.o(.text)
    _printf_truncate_unsigned                0x080006b1   Thumb Code    18  _printf_truncate.o(.text)
    _printf_str                              0x080006c3   Thumb Code    82  _printf_str.o(.text)
    _printf_int_dec                          0x08000715   Thumb Code   104  _printf_dec.o(.text)
    _printf_charcount                        0x0800078d   Thumb Code    40  _printf_charcount.o(.text)
    _printf_char_common                      0x080007bf   Thumb Code    32  _printf_char_common.o(.text)
    _sputc                                   0x080007e5   Thumb Code    10  _sputc.o(.text)
    _printf_wctomb                           0x080007f1   Thumb Code   182  _printf_wctomb.o(.text)
    _printf_longlong_dec                     0x080008ad   Thumb Code   108  _printf_longlong_dec.o(.text)
    _printf_longlong_oct                     0x08000929   Thumb Code    68  _printf_oct_int_ll.o(.text)
    _printf_int_oct                          0x0800096d   Thumb Code    24  _printf_oct_int_ll.o(.text)
    _printf_ll_oct                           0x08000985   Thumb Code    12  _printf_oct_int_ll.o(.text)
    _printf_longlong_hex                     0x08000999   Thumb Code    86  _printf_hex_int_ll_ptr.o(.text)
    _printf_int_hex                          0x080009ef   Thumb Code    28  _printf_hex_int_ll_ptr.o(.text)
    _printf_ll_hex                           0x08000a0b   Thumb Code    12  _printf_hex_int_ll_ptr.o(.text)
    _printf_hex_ptr                          0x08000a17   Thumb Code    18  _printf_hex_int_ll_ptr.o(.text)
    __printf                                 0x08000a2d   Thumb Code   388  __printf_flags_ss_wp.o(.text)
    __aeabi_errno_addr                       0x08000bb5   Thumb Code     8  rt_errno_addr_intlibspace.o(.text)
    __errno$intlibspace                      0x08000bb5   Thumb Code     0  rt_errno_addr_intlibspace.o(.text)
    __rt_errno_addr$intlibspace              0x08000bb5   Thumb Code     0  rt_errno_addr_intlibspace.o(.text)
    _ll_udiv10                               0x08000bbd   Thumb Code   138  lludiv10.o(.text)
    _printf_int_common                       0x08000c47   Thumb Code   178  _printf_intcommon.o(.text)
    _printf_fp_dec_real                      0x08000ea9   Thumb Code   620  _printf_fp_dec.o(.text)
    _printf_fp_hex_real                      0x08001115   Thumb Code   756  _printf_fp_hex.o(.text)
    _printf_cs_common                        0x08001411   Thumb Code    20  _printf_char.o(.text)
    _printf_char                             0x08001425   Thumb Code    16  _printf_char.o(.text)
    _printf_string                           0x08001435   Thumb Code     8  _printf_char.o(.text)
    _printf_lcs_common                       0x0800143d   Thumb Code    20  _printf_wchar.o(.text)
    _printf_wchar                            0x08001451   Thumb Code    16  _printf_wchar.o(.text)
    _printf_wstring                          0x08001461   Thumb Code     8  _printf_wchar.o(.text)
    _c16rtomb                                0x08001469   Thumb Code    72  _c16rtomb.o(.text)
    _wcrtomb                                 0x08001469   Thumb Code     0  _c16rtomb.o(.text)
    __user_libspace                          0x080014b1   Thumb Code     8  libspace.o(.text)
    __user_perproc_libspace                  0x080014b1   Thumb Code     0  libspace.o(.text)
    __user_perthread_libspace                0x080014b1   Thumb Code     0  libspace.o(.text)
    __user_setup_stackheap                   0x080014b9   Thumb Code    74  sys_stackheap_outer.o(.text)
    __rt_ctype_table                         0x08001505   Thumb Code    16  rt_ctype_table.o(.text)
    __rt_locale                              0x08001515   Thumb Code     8  rt_locale_intlibspace.o(.text)
    _printf_fp_infnan                        0x0800151d   Thumb Code   112  _printf_fp_infnan.o(.text)
    _btod_etento                             0x0800159d   Thumb Code   224  bigflt0.o(.text)
    exit                                     0x08001681   Thumb Code    18  exit.o(.text)
    strcmp                                   0x08001699   Thumb Code   124  strcmpv7m_pel.o(.text)
    _sys_exit                                0x08001715   Thumb Code     8  sys_exit.o(.text)
    __I$use$semihosting                      0x08001721   Thumb Code     0  use_no_semi.o(.text)
    __use_no_semihosting_swi                 0x08001721   Thumb Code     2  use_no_semi.o(.text)
    __semihosting_library_function           0x08001723   Thumb Code     0  indicate_semi.o(.text)
    BusFault_Handler                         0x08001729   Thumb Code     4  stm32h7xx_it.o(.text.BusFault_Handler)
    DDS_CalcFTW                              0x08001731   Thumb Code   120  dds.o(.text.DDS_CalcFTW)
    DDS_DisableDAC                           0x080017c1   Thumb Code    14  dds.o(.text.DDS_DisableDAC)
    DDS_EnableDAC                            0x080017d1   Thumb Code    14  dds.o(.text.DDS_EnableDAC)
    DDS_GenerateSineLUT                      0x080017e1   Thumb Code   200  dds.o(.text.DDS_GenerateSineLUT)
    DDS_Init                                 0x080018b1   Thumb Code    56  dds.o(.text.DDS_Init)
    DDS_PhaseReset                           0x080018f1   Thumb Code    14  dds.o(.text.DDS_PhaseReset)
    DDS_SetFrequency                         0x08001901   Thumb Code    74  dds.o(.text.DDS_SetFrequency)
    DDS_WriteWaveformRAM                     0x08001951   Thumb Code    80  dds.o(.text.DDS_WriteWaveformRAM)
    DebugMon_Handler                         0x080019a1   Thumb Code     2  stm32h7xx_it.o(.text.DebugMon_Handler)
    Error_Handler                            0x080019a9   Thumb Code    14  main.o(.text.Error_Handler)
    ExitRun0Mode                             0x080019b9   Thumb Code    40  system_stm32h7xx.o(.text.ExitRun0Mode)
    FMC_NORSRAM_Extended_Timing_Init         0x080019e1   Thumb Code   100  stm32h7xx_ll_fmc.o(.text.FMC_NORSRAM_Extended_Timing_Init)
    FMC_NORSRAM_Init                         0x08001a49   Thumb Code   268  stm32h7xx_ll_fmc.o(.text.FMC_NORSRAM_Init)
    FMC_NORSRAM_Timing_Init                  0x08001b59   Thumb Code   134  stm32h7xx_ll_fmc.o(.text.FMC_NORSRAM_Timing_Init)
    HAL_DMA_Abort                            0x08001be1   Thumb Code  2424  stm32h7xx_hal_dma.o(.text.HAL_DMA_Abort)
    HAL_DMA_Abort_IT                         0x08002559   Thumb Code  1706  stm32h7xx_hal_dma.o(.text.HAL_DMA_Abort_IT)
    HAL_Delay                                0x08002c09   Thumb Code    66  stm32h7xx_hal.o(.text.HAL_Delay)
    HAL_GPIO_Init                            0x08002de9   Thumb Code   936  stm32h7xx_hal_gpio.o(.text.HAL_GPIO_Init)
    HAL_GetTick                              0x08003191   Thumb Code    12  stm32h7xx_hal.o(.text.HAL_GetTick)
    HAL_IncTick                              0x080031a1   Thumb Code    26  stm32h7xx_hal.o(.text.HAL_IncTick)
    HAL_Init                                 0x080031c1   Thumb Code   122  stm32h7xx_hal.o(.text.HAL_Init)
    HAL_InitTick                             0x08003241   Thumb Code   134  stm32h7xx_hal.o(.text.HAL_InitTick)
    HAL_MPU_ConfigRegion                     0x080032c9   Thumb Code   128  stm32h7xx_hal_cortex.o(.text.HAL_MPU_ConfigRegion)
    HAL_MPU_Disable                          0x08003349   Thumb Code    34  stm32h7xx_hal_cortex.o(.text.HAL_MPU_Disable)
    HAL_MPU_Enable                           0x08003371   Thumb Code    48  stm32h7xx_hal_cortex.o(.text.HAL_MPU_Enable)
    HAL_MspInit                              0x080033a1   Thumb Code    36  stm32h7xx_hal_msp.o(.text.HAL_MspInit)
    HAL_NVIC_EnableIRQ                       0x080033c9   Thumb Code    20  stm32h7xx_hal_cortex.o(.text.HAL_NVIC_EnableIRQ)
    HAL_NVIC_SetPriority                     0x080033e1   Thumb Code    46  stm32h7xx_hal_cortex.o(.text.HAL_NVIC_SetPriority)
    HAL_NVIC_SetPriorityGrouping             0x08003411   Thumb Code    16  stm32h7xx_hal_cortex.o(.text.HAL_NVIC_SetPriorityGrouping)
    HAL_PWREx_ConfigSupply                   0x08003421   Thumb Code   162  stm32h7xx_hal_pwr_ex.o(.text.HAL_PWREx_ConfigSupply)
    HAL_RCCEx_GetD3PCLK1Freq                 0x080034c9   Thumb Code    38  stm32h7xx_hal_rcc_ex.o(.text.HAL_RCCEx_GetD3PCLK1Freq)
    HAL_RCCEx_GetPLL2ClockFreq               0x080034f1   Thumb Code   648  stm32h7xx_hal_rcc_ex.o(.text.HAL_RCCEx_GetPLL2ClockFreq)
    HAL_RCCEx_GetPLL3ClockFreq               0x08003789   Thumb Code   648  stm32h7xx_hal_rcc_ex.o(.text.HAL_RCCEx_GetPLL3ClockFreq)
    HAL_RCCEx_PeriphCLKConfig                0x08003a21   Thumb Code  4076  stm32h7xx_hal_rcc_ex.o(.text.HAL_RCCEx_PeriphCLKConfig)
    HAL_RCC_ClockConfig                      0x08004a11   Thumb Code  1176  stm32h7xx_hal_rcc.o(.text.HAL_RCC_ClockConfig)
    HAL_RCC_GetHCLKFreq                      0x08004ea9   Thumb Code    86  stm32h7xx_hal_rcc.o(.text.HAL_RCC_GetHCLKFreq)
    HAL_RCC_GetPCLK1Freq                     0x08004f01   Thumb Code    38  stm32h7xx_hal_rcc.o(.text.HAL_RCC_GetPCLK1Freq)
    HAL_RCC_GetPCLK2Freq                     0x08004f29   Thumb Code    38  stm32h7xx_hal_rcc.o(.text.HAL_RCC_GetPCLK2Freq)
    HAL_RCC_GetSysClockFreq                  0x08004f51   Thumb Code   748  stm32h7xx_hal_rcc.o(.text.HAL_RCC_GetSysClockFreq)
    HAL_RCC_OscConfig                        0x08005251   Thumb Code  2592  stm32h7xx_hal_rcc.o(.text.HAL_RCC_OscConfig)
    HAL_SRAM_Init                            0x08005c71   Thumb Code   144  stm32h7xx_hal_sram.o(.text.HAL_SRAM_Init)
    HAL_SRAM_MspInit                         0x08005d01   Thumb Code    14  fmc.o(.text.HAL_SRAM_MspInit)
    HAL_SYSTICK_Config                       0x08005d11   Thumb Code    16  stm32h7xx_hal_cortex.o(.text.HAL_SYSTICK_Config)
    HAL_UARTEx_DisableFifoMode               0x08005d21   Thumb Code   124  stm32h7xx_hal_uart_ex.o(.text.HAL_UARTEx_DisableFifoMode)
    HAL_UARTEx_RxEventCallback               0x08005da1   Thumb Code    12  stm32h7xx_hal_uart.o(.text.HAL_UARTEx_RxEventCallback)
    HAL_UARTEx_RxFifoFullCallback            0x08005db1   Thumb Code     8  stm32h7xx_hal_uart_ex.o(.text.HAL_UARTEx_RxFifoFullCallback)
    HAL_UARTEx_SetRxFifoThreshold            0x08005db9   Thumb Code   140  stm32h7xx_hal_uart_ex.o(.text.HAL_UARTEx_SetRxFifoThreshold)
    HAL_UARTEx_SetTxFifoThreshold            0x08005e49   Thumb Code   140  stm32h7xx_hal_uart_ex.o(.text.HAL_UARTEx_SetTxFifoThreshold)
    HAL_UARTEx_TxFifoEmptyCallback           0x08005ed9   Thumb Code     8  stm32h7xx_hal_uart_ex.o(.text.HAL_UARTEx_TxFifoEmptyCallback)
    HAL_UARTEx_WakeupCallback                0x08005ee1   Thumb Code     8  stm32h7xx_hal_uart_ex.o(.text.HAL_UARTEx_WakeupCallback)
    HAL_UART_ErrorCallback                   0x08005ee9   Thumb Code     8  stm32h7xx_hal_uart.o(.text.HAL_UART_ErrorCallback)
    HAL_UART_IRQHandler                      0x08005ef1   Thumb Code  1790  stm32h7xx_hal_uart.o(.text.HAL_UART_IRQHandler)
    HAL_UART_Init                            0x080065f1   Thumb Code   170  stm32h7xx_hal_uart.o(.text.HAL_UART_Init)
    HAL_UART_MspInit                         0x080066a1   Thumb Code   190  usart.o(.text.HAL_UART_MspInit)
    HAL_UART_Transmit                        0x08006761   Thumb Code   312  stm32h7xx_hal_uart.o(.text.HAL_UART_Transmit)
    HAL_UART_TxCpltCallback                  0x08006899   Thumb Code     8  stm32h7xx_hal_uart.o(.text.HAL_UART_TxCpltCallback)
    HardFault_Handler                        0x080068a1   Thumb Code     4  stm32h7xx_it.o(.text.HardFault_Handler)
    MX_FMC_Init                              0x08006909   Thumb Code   136  fmc.o(.text.MX_FMC_Init)
    MX_GPIO_Init                             0x08006991   Thumb Code   216  gpio.o(.text.MX_GPIO_Init)
    MX_USART1_UART_Init                      0x08006a69   Thumb Code   142  usart.o(.text.MX_USART1_UART_Init)
    MemManage_Handler                        0x08006af9   Thumb Code     4  stm32h7xx_it.o(.text.MemManage_Handler)
    NMI_Handler                              0x08006b01   Thumb Code     4  stm32h7xx_it.o(.text.NMI_Handler)
    PendSV_Handler                           0x08006b79   Thumb Code     2  stm32h7xx_it.o(.text.PendSV_Handler)
    SVC_Handler                              0x08006f21   Thumb Code     2  stm32h7xx_it.o(.text.SVC_Handler)
    SysTick_Handler                          0x08006f81   Thumb Code     8  stm32h7xx_it.o(.text.SysTick_Handler)
    SystemClock_Config                       0x08006f89   Thumb Code   208  main.o(.text.SystemClock_Config)
    SystemInit                               0x08007059   Thumb Code   358  system_stm32h7xx.o(.text.SystemInit)
    UART_AdvFeatureConfig                    0x08007249   Thumb Code   328  stm32h7xx_hal_uart.o(.text.UART_AdvFeatureConfig)
    UART_CheckIdleState                      0x08007391   Thumb Code   326  stm32h7xx_hal_uart.o(.text.UART_CheckIdleState)
    UART_SetConfig                           0x080075e1   Thumb Code  2638  stm32h7xx_hal_uart.o(.text.UART_SetConfig)
    UART_WaitOnFlagUntilTimeout              0x08008031   Thumb Code   268  stm32h7xx_hal_uart.o(.text.UART_WaitOnFlagUntilTimeout)
    USART1_IRQHandler                        0x08008141   Thumb Code    16  stm32h7xx_it.o(.text.USART1_IRQHandler)
    UsageFault_Handler                       0x08008151   Thumb Code     4  stm32h7xx_it.o(.text.UsageFault_Handler)
    main                                     0x08008221   Thumb Code   688  main.o(.text.main)
    _btod_d2e                                0x080084d1   Thumb Code    62  btod.o(CL$$btod_d2e)
    _d2e_denorm_low                          0x0800850f   Thumb Code    70  btod.o(CL$$btod_d2e_denorm_low)
    _d2e_norm_op1                            0x08008555   Thumb Code    96  btod.o(CL$$btod_d2e_norm_op1)
    __btod_div_common                        0x080085b5   Thumb Code   696  btod.o(CL$$btod_div_common)
    _e2e                                     0x080088ed   Thumb Code   220  btod.o(CL$$btod_e2e)
    _btod_ediv                               0x080089c9   Thumb Code    42  btod.o(CL$$btod_ediv)
    _btod_emul                               0x080089f3   Thumb Code    42  btod.o(CL$$btod_emul)
    __btod_mult_common                       0x08008a1d   Thumb Code   580  btod.o(CL$$btod_mult_common)
    __ARM_fpclassify                         0x08008c61   Thumb Code    48  fpclassify.o(i.__ARM_fpclassify)
    __hardfp_sin                             0x08008c91   Thumb Code   158  sin.o(i.__hardfp_sin)
    __ieee754_rem_pio2                       0x08008d41   Thumb Code   646  rred.o(i.__ieee754_rem_pio2)
    __kernel_cos                             0x08009049   Thumb Code   182  cos_i.o(i.__kernel_cos)
    __kernel_poly                            0x0800910d   Thumb Code   112  poly.o(i.__kernel_poly)
    __kernel_sin                             0x08009181   Thumb Code   144  sin_i.o(i.__kernel_sin)
    __mathlib_dbl_invalid                    0x08009221   Thumb Code    10  dunder.o(i.__mathlib_dbl_invalid)
    __mathlib_dbl_underflow                  0x08009239   Thumb Code    10  dunder.o(i.__mathlib_dbl_underflow)
    _is_digit                                0x08009251   Thumb Code    14  __printf_wp.o(i._is_digit)
    fabs                                     0x0800925f   Thumb Code    24  fabs.o(i.fabs)
    _get_lc_numeric                          0x08009279   Thumb Code    44  lc_numeric_c.o(locale$$code)
    _get_lc_ctype                            0x080092a5   Thumb Code    44  lc_ctype_c.o(locale$$code)
    _fp_init                                 0x080092d1   Thumb Code    26  fpinit.o(x$fpl$fpinit)
    __fplib_config_fpu_vfp                   0x080092e9   Thumb Code     0  fpinit.o(x$fpl$fpinit)
    __fplib_config_pureend_doubles           0x080092e9   Thumb Code     0  fpinit.o(x$fpl$fpinit)
    _printf_fp_dec                           0x080092eb   Thumb Code     4  printf1.o(x$fpl$printf1)
    _printf_fp_hex                           0x080092ef   Thumb Code     4  printf2.o(x$fpl$printf2)
    __I$use$fp                               0x080092f2   Number         0  usenofp.o(x$fpl$usenofp)
    D1CorePrescTable                         0x0800951c   Data          16  system_stm32h7xx.o(.rodata.D1CorePrescTable)
    UARTPrescTable                           0x0800953c   Data          24  stm32h7xx_hal_uart.o(.rodata.UARTPrescTable)
    Region$$Table$$Base                      0x08009718   Number         0  anon$$obj.o(Region$$Table)
    Region$$Table$$Limit                     0x08009748   Number         0  anon$$obj.o(Region$$Table)
    __ctype                                  0x08009771   Data           0  lc_ctype_c.o(locale$$data)
    SystemCoreClock                          0x24000004   Data           4  system_stm32h7xx.o(.data.SystemCoreClock)
    SystemD2Clock                            0x24000008   Data           4  system_stm32h7xx.o(.data.SystemD2Clock)
    uwTickFreq                               0x2400000c   Data           1  stm32h7xx_hal.o(.data.uwTickFreq)
    uwTickPrio                               0x24000010   Data           4  stm32h7xx_hal.o(.data.uwTickPrio)
    __libspace_start                         0x24000018   Data          96  libspace.o(.bss)
    __temporary_stack_top$libspace           0x24000078   Data           0  libspace.o(.bss)
    hsram1                                   0x2400007c   Data          76  fmc.o(.bss.hsram1)
    huart1                                   0x240000c8   Data         148  usart.o(.bss.huart1)
    uwTick                                   0x2400015c   Data           4  stm32h7xx_hal.o(.bss.uwTick)



==============================================================================

Memory Map of the image

  Image Entry point : 0x080002cd

  Load Region LR_IROM1 (Base: 0x08000000, Size: 0x00009890, Max: 0x00100000, ABSOLUTE)

    Execution Region ER_IROM1 (Exec base: 0x08000000, Load base: 0x08000000, Size: 0x00009874, Max: 0x00100000, ABSOLUTE)

    Exec Addr    Load Addr    Size         Type   Attr      Idx    E Section Name        Object

    0x08000000   0x08000000   0x000002cc   Data   RO            3    RESET               startup_stm32h723xx.o
    0x080002cc   0x080002cc   0x00000008   Code   RO         1362  * !!!main             c_w.l(__main.o)
    0x080002d4   0x080002d4   0x0000005c   Code   RO         1755    !!!scatter          c_w.l(__scatter.o)
    0x08000330   0x08000330   0x0000001a   Code   RO         1759    !!handler_copy      c_w.l(__scatter_copy.o)
    0x0800034a   0x0800034a   0x00000002   PAD
    0x0800034c   0x0800034c   0x00000002   Code   RO         1756    !!handler_null      c_w.l(__scatter.o)
    0x0800034e   0x0800034e   0x00000002   PAD
    0x08000350   0x08000350   0x0000001c   Code   RO         1761    !!handler_zi        c_w.l(__scatter_zi.o)
    0x0800036c   0x0800036c   0x00000000   Code   RO         1458    .ARM.Collect$$_printf_percent$$00000000  c_w.l(_printf_percent.o)
    0x0800036c   0x0800036c   0x00000006   Code   RO         1447    .ARM.Collect$$_printf_percent$$00000001  c_w.l(_printf_n.o)
    0x08000372   0x08000372   0x00000006   Code   RO         1449    .ARM.Collect$$_printf_percent$$00000002  c_w.l(_printf_p.o)
    0x08000378   0x08000378   0x00000006   Code   RO         1454    .ARM.Collect$$_printf_percent$$00000003  c_w.l(_printf_f.o)
    0x0800037e   0x0800037e   0x00000006   Code   RO         1455    .ARM.Collect$$_printf_percent$$00000004  c_w.l(_printf_e.o)
    0x08000384   0x08000384   0x00000006   Code   RO         1456    .ARM.Collect$$_printf_percent$$00000005  c_w.l(_printf_g.o)
    0x0800038a   0x0800038a   0x00000006   Code   RO         1457    .ARM.Collect$$_printf_percent$$00000006  c_w.l(_printf_a.o)
    0x08000390   0x08000390   0x0000000a   Code   RO         1462    .ARM.Collect$$_printf_percent$$00000007  c_w.l(_printf_ll.o)
    0x0800039a   0x0800039a   0x00000006   Code   RO         1451    .ARM.Collect$$_printf_percent$$00000008  c_w.l(_printf_i.o)
    0x080003a0   0x080003a0   0x00000006   Code   RO         1452    .ARM.Collect$$_printf_percent$$00000009  c_w.l(_printf_d.o)
    0x080003a6   0x080003a6   0x00000006   Code   RO         1453    .ARM.Collect$$_printf_percent$$0000000A  c_w.l(_printf_u.o)
    0x080003ac   0x080003ac   0x00000006   Code   RO         1450    .ARM.Collect$$_printf_percent$$0000000B  c_w.l(_printf_o.o)
    0x080003b2   0x080003b2   0x00000006   Code   RO         1448    .ARM.Collect$$_printf_percent$$0000000C  c_w.l(_printf_x.o)
    0x080003b8   0x080003b8   0x00000006   Code   RO         1459    .ARM.Collect$$_printf_percent$$0000000D  c_w.l(_printf_lli.o)
    0x080003be   0x080003be   0x00000006   Code   RO         1460    .ARM.Collect$$_printf_percent$$0000000E  c_w.l(_printf_lld.o)
    0x080003c4   0x080003c4   0x00000006   Code   RO         1461    .ARM.Collect$$_printf_percent$$0000000F  c_w.l(_printf_llu.o)
    0x080003ca   0x080003ca   0x00000006   Code   RO         1466    .ARM.Collect$$_printf_percent$$00000010  c_w.l(_printf_llo.o)
    0x080003d0   0x080003d0   0x00000006   Code   RO         1467    .ARM.Collect$$_printf_percent$$00000011  c_w.l(_printf_llx.o)
    0x080003d6   0x080003d6   0x0000000a   Code   RO         1463    .ARM.Collect$$_printf_percent$$00000012  c_w.l(_printf_l.o)
    0x080003e0   0x080003e0   0x00000006   Code   RO         1445    .ARM.Collect$$_printf_percent$$00000013  c_w.l(_printf_c.o)
    0x080003e6   0x080003e6   0x00000006   Code   RO         1446    .ARM.Collect$$_printf_percent$$00000014  c_w.l(_printf_s.o)
    0x080003ec   0x080003ec   0x00000006   Code   RO         1464    .ARM.Collect$$_printf_percent$$00000015  c_w.l(_printf_lc.o)
    0x080003f2   0x080003f2   0x00000006   Code   RO         1465    .ARM.Collect$$_printf_percent$$00000016  c_w.l(_printf_ls.o)
    0x080003f8   0x080003f8   0x00000004   Code   RO         1541    .ARM.Collect$$_printf_percent$$00000017  c_w.l(_printf_percent_end.o)
    0x080003fc   0x080003fc   0x00000002   Code   RO         1609    .ARM.Collect$$libinit$$00000000  c_w.l(libinit.o)
    0x080003fe   0x080003fe   0x00000004   Code   RO         1627    .ARM.Collect$$libinit$$00000001  c_w.l(libinit2.o)
    0x08000402   0x08000402   0x00000000   Code   RO         1630    .ARM.Collect$$libinit$$00000004  c_w.l(libinit2.o)
    0x08000402   0x08000402   0x00000000   Code   RO         1632    .ARM.Collect$$libinit$$00000006  c_w.l(libinit2.o)
    0x08000402   0x08000402   0x00000000   Code   RO         1635    .ARM.Collect$$libinit$$0000000C  c_w.l(libinit2.o)
    0x08000402   0x08000402   0x00000000   Code   RO         1637    .ARM.Collect$$libinit$$0000000E  c_w.l(libinit2.o)
    0x08000402   0x08000402   0x00000000   Code   RO         1639    .ARM.Collect$$libinit$$00000010  c_w.l(libinit2.o)
    0x08000402   0x08000402   0x00000006   Code   RO         1640    .ARM.Collect$$libinit$$00000011  c_w.l(libinit2.o)
    0x08000408   0x08000408   0x00000000   Code   RO         1642    .ARM.Collect$$libinit$$00000013  c_w.l(libinit2.o)
    0x08000408   0x08000408   0x0000000c   Code   RO         1643    .ARM.Collect$$libinit$$00000014  c_w.l(libinit2.o)
    0x08000414   0x08000414   0x00000000   Code   RO         1644    .ARM.Collect$$libinit$$00000015  c_w.l(libinit2.o)
    0x08000414   0x08000414   0x00000000   Code   RO         1646    .ARM.Collect$$libinit$$00000017  c_w.l(libinit2.o)
    0x08000414   0x08000414   0x0000000a   Code   RO         1647    .ARM.Collect$$libinit$$00000018  c_w.l(libinit2.o)
    0x0800041e   0x0800041e   0x00000000   Code   RO         1648    .ARM.Collect$$libinit$$00000019  c_w.l(libinit2.o)
    0x0800041e   0x0800041e   0x00000000   Code   RO         1650    .ARM.Collect$$libinit$$0000001B  c_w.l(libinit2.o)
    0x0800041e   0x0800041e   0x00000000   Code   RO         1652    .ARM.Collect$$libinit$$0000001D  c_w.l(libinit2.o)
    0x0800041e   0x0800041e   0x00000000   Code   RO         1654    .ARM.Collect$$libinit$$0000001F  c_w.l(libinit2.o)
    0x0800041e   0x0800041e   0x00000000   Code   RO         1656    .ARM.Collect$$libinit$$00000021  c_w.l(libinit2.o)
    0x0800041e   0x0800041e   0x00000000   Code   RO         1658    .ARM.Collect$$libinit$$00000023  c_w.l(libinit2.o)
    0x0800041e   0x0800041e   0x00000000   Code   RO         1660    .ARM.Collect$$libinit$$00000025  c_w.l(libinit2.o)
    0x0800041e   0x0800041e   0x00000000   Code   RO         1662    .ARM.Collect$$libinit$$00000027  c_w.l(libinit2.o)
    0x0800041e   0x0800041e   0x00000000   Code   RO         1666    .ARM.Collect$$libinit$$0000002E  c_w.l(libinit2.o)
    0x0800041e   0x0800041e   0x00000000   Code   RO         1668    .ARM.Collect$$libinit$$00000030  c_w.l(libinit2.o)
    0x0800041e   0x0800041e   0x00000000   Code   RO         1670    .ARM.Collect$$libinit$$00000032  c_w.l(libinit2.o)
    0x0800041e   0x0800041e   0x00000000   Code   RO         1672    .ARM.Collect$$libinit$$00000034  c_w.l(libinit2.o)
    0x0800041e   0x0800041e   0x00000002   Code   RO         1673    .ARM.Collect$$libinit$$00000035  c_w.l(libinit2.o)
    0x08000420   0x08000420   0x00000002   Code   RO         1710    .ARM.Collect$$libshutdown$$00000000  c_w.l(libshutdown.o)
    0x08000422   0x08000422   0x00000000   Code   RO         1738    .ARM.Collect$$libshutdown$$00000002  c_w.l(libshutdown2.o)
    0x08000422   0x08000422   0x00000000   Code   RO         1740    .ARM.Collect$$libshutdown$$00000004  c_w.l(libshutdown2.o)
    0x08000422   0x08000422   0x00000000   Code   RO         1743    .ARM.Collect$$libshutdown$$00000007  c_w.l(libshutdown2.o)
    0x08000422   0x08000422   0x00000000   Code   RO         1746    .ARM.Collect$$libshutdown$$0000000A  c_w.l(libshutdown2.o)
    0x08000422   0x08000422   0x00000000   Code   RO         1748    .ARM.Collect$$libshutdown$$0000000C  c_w.l(libshutdown2.o)
    0x08000422   0x08000422   0x00000000   Code   RO         1751    .ARM.Collect$$libshutdown$$0000000F  c_w.l(libshutdown2.o)
    0x08000422   0x08000422   0x00000002   Code   RO         1752    .ARM.Collect$$libshutdown$$00000010  c_w.l(libshutdown2.o)
    0x08000424   0x08000424   0x00000000   Code   RO         1370    .ARM.Collect$$rtentry$$00000000  c_w.l(__rtentry.o)
    0x08000424   0x08000424   0x00000000   Code   RO         1503    .ARM.Collect$$rtentry$$00000002  c_w.l(__rtentry2.o)
    0x08000424   0x08000424   0x00000006   Code   RO         1515    .ARM.Collect$$rtentry$$00000004  c_w.l(__rtentry4.o)
    0x0800042a   0x0800042a   0x00000000   Code   RO         1505    .ARM.Collect$$rtentry$$00000009  c_w.l(__rtentry2.o)
    0x0800042a   0x0800042a   0x00000004   Code   RO         1506    .ARM.Collect$$rtentry$$0000000A  c_w.l(__rtentry2.o)
    0x0800042e   0x0800042e   0x00000000   Code   RO         1508    .ARM.Collect$$rtentry$$0000000C  c_w.l(__rtentry2.o)
    0x0800042e   0x0800042e   0x00000008   Code   RO         1509    .ARM.Collect$$rtentry$$0000000D  c_w.l(__rtentry2.o)
    0x08000436   0x08000436   0x00000002   Code   RO         1612    .ARM.Collect$$rtexit$$00000000  c_w.l(rtexit.o)
    0x08000438   0x08000438   0x00000000   Code   RO         1679    .ARM.Collect$$rtexit$$00000002  c_w.l(rtexit2.o)
    0x08000438   0x08000438   0x00000004   Code   RO         1680    .ARM.Collect$$rtexit$$00000003  c_w.l(rtexit2.o)
    0x0800043c   0x0800043c   0x00000006   Code   RO         1681    .ARM.Collect$$rtexit$$00000004  c_w.l(rtexit2.o)
    0x08000442   0x08000442   0x00000002   PAD
    0x08000444   0x08000444   0x00000048   Code   RO            4    .text               startup_stm32h723xx.o
    0x0800048c   0x0800048c   0x000000f0   Code   RO         1352    .text               c_w.l(lludivv7m.o)
    0x0800057c   0x0800057c   0x0000002c   Code   RO         1354    .text               c_w.l(sprintf.o)
    0x080005a8   0x080005a8   0x0000003e   Code   RO         1356    .text               c_w.l(strlen.o)
    0x080005e6   0x080005e6   0x0000004e   Code   RO         1358    .text               c_w.l(rt_memclr_w.o)
    0x08000634   0x08000634   0x00000006   Code   RO         1360    .text               c_w.l(heapauxi.o)
    0x0800063a   0x0800063a   0x00000016   Code   RO         1375    .text               c_w.l(_rserrno.o)
    0x08000650   0x08000650   0x0000004e   Code   RO         1379    .text               c_w.l(_printf_pad.o)
    0x0800069e   0x0800069e   0x00000024   Code   RO         1381    .text               c_w.l(_printf_truncate.o)
    0x080006c2   0x080006c2   0x00000052   Code   RO         1383    .text               c_w.l(_printf_str.o)
    0x08000714   0x08000714   0x00000078   Code   RO         1385    .text               c_w.l(_printf_dec.o)
    0x0800078c   0x0800078c   0x00000028   Code   RO         1387    .text               c_w.l(_printf_charcount.o)
    0x080007b4   0x080007b4   0x00000030   Code   RO         1389    .text               c_w.l(_printf_char_common.o)
    0x080007e4   0x080007e4   0x0000000a   Code   RO         1391    .text               c_w.l(_sputc.o)
    0x080007ee   0x080007ee   0x00000002   PAD
    0x080007f0   0x080007f0   0x000000bc   Code   RO         1393    .text               c_w.l(_printf_wctomb.o)
    0x080008ac   0x080008ac   0x0000007c   Code   RO         1396    .text               c_w.l(_printf_longlong_dec.o)
    0x08000928   0x08000928   0x00000070   Code   RO         1402    .text               c_w.l(_printf_oct_int_ll.o)
    0x08000998   0x08000998   0x00000094   Code   RO         1422    .text               c_w.l(_printf_hex_int_ll_ptr.o)
    0x08000a2c   0x08000a2c   0x00000188   Code   RO         1442    .text               c_w.l(__printf_flags_ss_wp.o)
    0x08000bb4   0x08000bb4   0x00000008   Code   RO         1522    .text               c_w.l(rt_errno_addr_intlibspace.o)
    0x08000bbc   0x08000bbc   0x0000008a   Code   RO         1524    .text               c_w.l(lludiv10.o)
    0x08000c46   0x08000c46   0x000000b2   Code   RO         1526    .text               c_w.l(_printf_intcommon.o)
    0x08000cf8   0x08000cf8   0x0000041c   Code   RO         1528    .text               c_w.l(_printf_fp_dec.o)
    0x08001114   0x08001114   0x000002fc   Code   RO         1532    .text               c_w.l(_printf_fp_hex.o)
    0x08001410   0x08001410   0x0000002c   Code   RO         1537    .text               c_w.l(_printf_char.o)
    0x0800143c   0x0800143c   0x0000002c   Code   RO         1539    .text               c_w.l(_printf_wchar.o)
    0x08001468   0x08001468   0x00000048   Code   RO         1542    .text               c_w.l(_c16rtomb.o)
    0x080014b0   0x080014b0   0x00000008   Code   RO         1554    .text               c_w.l(libspace.o)
    0x080014b8   0x080014b8   0x0000004a   Code   RO         1557    .text               c_w.l(sys_stackheap_outer.o)
    0x08001502   0x08001502   0x00000002   PAD
    0x08001504   0x08001504   0x00000010   Code   RO         1559    .text               c_w.l(rt_ctype_table.o)
    0x08001514   0x08001514   0x00000008   Code   RO         1564    .text               c_w.l(rt_locale_intlibspace.o)
    0x0800151c   0x0800151c   0x00000080   Code   RO         1566    .text               c_w.l(_printf_fp_infnan.o)
    0x0800159c   0x0800159c   0x000000e4   Code   RO         1568    .text               c_w.l(bigflt0.o)
    0x08001680   0x08001680   0x00000012   Code   RO         1598    .text               c_w.l(exit.o)
    0x08001692   0x08001692   0x00000006   PAD
    0x08001698   0x08001698   0x0000007c   Code   RO         1625    .text               c_w.l(strcmpv7m_pel.o)
    0x08001714   0x08001714   0x0000000c   Code   RO         1674    .text               c_w.l(sys_exit.o)
    0x08001720   0x08001720   0x00000002   Code   RO         1699    .text               c_w.l(use_no_semi.o)
    0x08001722   0x08001722   0x00000000   Code   RO         1701    .text               c_w.l(indicate_semi.o)
    0x08001722   0x08001722   0x00000006   PAD
    0x08001728   0x08001728   0x00000004   Code   RO          109    .text.BusFault_Handler  stm32h7xx_it.o
    0x0800172c   0x0800172c   0x00000004   PAD
    0x08001730   0x08001730   0x00000090   Code   RO           19    .text.DDS_CalcFTW   dds.o
    0x080017c0   0x080017c0   0x0000000e   Code   RO           15    .text.DDS_DisableDAC  dds.o
    0x080017ce   0x080017ce   0x00000002   PAD
    0x080017d0   0x080017d0   0x0000000e   Code   RO           17    .text.DDS_EnableDAC  dds.o
    0x080017de   0x080017de   0x00000002   PAD
    0x080017e0   0x080017e0   0x000000d0   Code   RO           11    .text.DDS_GenerateSineLUT  dds.o
    0x080018b0   0x080018b0   0x00000040   Code   RO           33    .text.DDS_Init      dds.o
    0x080018f0   0x080018f0   0x0000000e   Code   RO           27    .text.DDS_PhaseReset  dds.o
    0x080018fe   0x080018fe   0x00000002   PAD
    0x08001900   0x08001900   0x0000004a   Code   RO           21    .text.DDS_SetFrequency  dds.o
    0x0800194a   0x0800194a   0x00000006   PAD
    0x08001950   0x08001950   0x00000050   Code   RO           13    .text.DDS_WriteWaveformRAM  dds.o
    0x080019a0   0x080019a0   0x00000002   Code   RO          115    .text.DebugMon_Handler  stm32h7xx_it.o
    0x080019a2   0x080019a2   0x00000006   PAD
    0x080019a8   0x080019a8   0x0000000e   Code   RO           50    .text.Error_Handler  main.o
    0x080019b6   0x080019b6   0x00000002   PAD
    0x080019b8   0x080019b8   0x00000028   Code   RO         1339    .text.ExitRun0Mode  system_stm32h7xx.o
    0x080019e0   0x080019e0   0x00000064   Code   RO          221    .text.FMC_NORSRAM_Extended_Timing_Init  stm32h7xx_ll_fmc.o
    0x08001a44   0x08001a44   0x00000004   PAD
    0x08001a48   0x08001a48   0x0000010c   Code   RO          215    .text.FMC_NORSRAM_Init  stm32h7xx_ll_fmc.o
    0x08001b54   0x08001b54   0x00000004   PAD
    0x08001b58   0x08001b58   0x00000086   Code   RO          219    .text.FMC_NORSRAM_Timing_Init  stm32h7xx_ll_fmc.o
    0x08001bde   0x08001bde   0x00000002   PAD
    0x08001be0   0x08001be0   0x00000978   Code   RO          587    .text.HAL_DMA_Abort  stm32h7xx_hal_dma.o
    0x08002558   0x08002558   0x000006aa   Code   RO          589    .text.HAL_DMA_Abort_IT  stm32h7xx_hal_dma.o
    0x08002c02   0x08002c02   0x00000006   PAD
    0x08002c08   0x08002c08   0x00000042   Code   RO          829    .text.HAL_Delay     stm32h7xx_hal.o
    0x08002c4a   0x08002c4a   0x00000006   PAD
    0x08002c50   0x08002c50   0x00000198   Code   RO           73    .text.HAL_FMC_MspInit  fmc.o
    0x08002de8   0x08002de8   0x000003a8   Code   RO          517    .text.HAL_GPIO_Init  stm32h7xx_hal_gpio.o
    0x08003190   0x08003190   0x0000000c   Code   RO          821    .text.HAL_GetTick   stm32h7xx_hal.o
    0x0800319c   0x0800319c   0x00000004   PAD
    0x080031a0   0x080031a0   0x0000001a   Code   RO          819    .text.HAL_IncTick   stm32h7xx_hal.o
    0x080031ba   0x080031ba   0x00000006   PAD
    0x080031c0   0x080031c0   0x0000007a   Code   RO          809    .text.HAL_Init      stm32h7xx_hal.o
    0x0800323a   0x0800323a   0x00000006   PAD
    0x08003240   0x08003240   0x00000086   Code   RO          811    .text.HAL_InitTick  stm32h7xx_hal.o
    0x080032c6   0x080032c6   0x00000002   PAD
    0x080032c8   0x080032c8   0x00000080   Code   RO          174    .text.HAL_MPU_ConfigRegion  stm32h7xx_hal_cortex.o
    0x08003348   0x08003348   0x00000022   Code   RO          166    .text.HAL_MPU_Disable  stm32h7xx_hal_cortex.o
    0x0800336a   0x0800336a   0x00000006   PAD
    0x08003370   0x08003370   0x00000030   Code   RO          168    .text.HAL_MPU_Enable  stm32h7xx_hal_cortex.o
    0x080033a0   0x080033a0   0x00000024   Code   RO          130    .text.HAL_MspInit   stm32h7xx_hal_msp.o
    0x080033c4   0x080033c4   0x00000004   PAD
    0x080033c8   0x080033c8   0x00000014   Code   RO          150    .text.HAL_NVIC_EnableIRQ  stm32h7xx_hal_cortex.o
    0x080033dc   0x080033dc   0x00000004   PAD
    0x080033e0   0x080033e0   0x0000002e   Code   RO          142    .text.HAL_NVIC_SetPriority  stm32h7xx_hal_cortex.o
    0x0800340e   0x0800340e   0x00000002   PAD
    0x08003410   0x08003410   0x00000010   Code   RO          138    .text.HAL_NVIC_SetPriorityGrouping  stm32h7xx_hal_cortex.o
    0x08003420   0x08003420   0x000000a2   Code   RO          726    .text.HAL_PWREx_ConfigSupply  stm32h7xx_hal_pwr_ex.o
    0x080034c2   0x080034c2   0x00000006   PAD
    0x080034c8   0x080034c8   0x00000026   Code   RO          367    .text.HAL_RCCEx_GetD3PCLK1Freq  stm32h7xx_hal_rcc_ex.o
    0x080034ee   0x080034ee   0x00000002   PAD
    0x080034f0   0x080034f0   0x00000298   Code   RO          363    .text.HAL_RCCEx_GetPLL2ClockFreq  stm32h7xx_hal_rcc_ex.o
    0x08003788   0x08003788   0x00000298   Code   RO          365    .text.HAL_RCCEx_GetPLL3ClockFreq  stm32h7xx_hal_rcc_ex.o
    0x08003a20   0x08003a20   0x00000fec   Code   RO          351    .text.HAL_RCCEx_PeriphCLKConfig  stm32h7xx_hal_rcc_ex.o
    0x08004a0c   0x08004a0c   0x00000004   PAD
    0x08004a10   0x08004a10   0x00000498   Code   RO          320    .text.HAL_RCC_ClockConfig  stm32h7xx_hal_rcc.o
    0x08004ea8   0x08004ea8   0x00000056   Code   RO          330    .text.HAL_RCC_GetHCLKFreq  stm32h7xx_hal_rcc.o
    0x08004efe   0x08004efe   0x00000002   PAD
    0x08004f00   0x08004f00   0x00000026   Code   RO          332    .text.HAL_RCC_GetPCLK1Freq  stm32h7xx_hal_rcc.o
    0x08004f26   0x08004f26   0x00000002   PAD
    0x08004f28   0x08004f28   0x00000026   Code   RO          334    .text.HAL_RCC_GetPCLK2Freq  stm32h7xx_hal_rcc.o
    0x08004f4e   0x08004f4e   0x00000002   PAD
    0x08004f50   0x08004f50   0x000002fc   Code   RO          322    .text.HAL_RCC_GetSysClockFreq  stm32h7xx_hal_rcc.o
    0x0800524c   0x0800524c   0x00000004   PAD
    0x08005250   0x08005250   0x00000a20   Code   RO          318    .text.HAL_RCC_OscConfig  stm32h7xx_hal_rcc.o
    0x08005c70   0x08005c70   0x00000090   Code   RO          267    .text.HAL_SRAM_Init  stm32h7xx_hal_sram.o
    0x08005d00   0x08005d00   0x0000000e   Code   RO           71    .text.HAL_SRAM_MspInit  fmc.o
    0x08005d0e   0x08005d0e   0x00000002   PAD
    0x08005d10   0x08005d10   0x00000010   Code   RO          162    .text.HAL_SYSTICK_Config  stm32h7xx_hal_cortex.o
    0x08005d20   0x08005d20   0x0000007c   Code   RO         1312    .text.HAL_UARTEx_DisableFifoMode  stm32h7xx_hal_uart_ex.o
    0x08005d9c   0x08005d9c   0x00000004   PAD
    0x08005da0   0x08005da0   0x0000000c   Code   RO         1236    .text.HAL_UARTEx_RxEventCallback  stm32h7xx_hal_uart.o
    0x08005dac   0x08005dac   0x00000004   PAD
    0x08005db0   0x08005db0   0x00000008   Code   RO         1294    .text.HAL_UARTEx_RxFifoFullCallback  stm32h7xx_hal_uart_ex.o
    0x08005db8   0x08005db8   0x0000008c   Code   RO         1316    .text.HAL_UARTEx_SetRxFifoThreshold  stm32h7xx_hal_uart_ex.o
    0x08005e44   0x08005e44   0x00000004   PAD
    0x08005e48   0x08005e48   0x0000008c   Code   RO         1314    .text.HAL_UARTEx_SetTxFifoThreshold  stm32h7xx_hal_uart_ex.o
    0x08005ed4   0x08005ed4   0x00000004   PAD
    0x08005ed8   0x08005ed8   0x00000008   Code   RO         1296    .text.HAL_UARTEx_TxFifoEmptyCallback  stm32h7xx_hal_uart_ex.o
    0x08005ee0   0x08005ee0   0x00000008   Code   RO         1292    .text.HAL_UARTEx_WakeupCallback  stm32h7xx_hal_uart_ex.o
    0x08005ee8   0x08005ee8   0x00000008   Code   RO         1234    .text.HAL_UART_ErrorCallback  stm32h7xx_hal_uart.o
    0x08005ef0   0x08005ef0   0x000006fe   Code   RO         1230    .text.HAL_UART_IRQHandler  stm32h7xx_hal_uart.o
    0x080065ee   0x080065ee   0x00000002   PAD
    0x080065f0   0x080065f0   0x000000aa   Code   RO         1142    .text.HAL_UART_Init  stm32h7xx_hal_uart.o
    0x0800669a   0x0800669a   0x00000006   PAD
    0x080066a0   0x080066a0   0x000000be   Code   RO           91    .text.HAL_UART_MspInit  usart.o
    0x0800675e   0x0800675e   0x00000002   PAD
    0x08006760   0x08006760   0x00000138   Code   RO         1162    .text.HAL_UART_Transmit  stm32h7xx_hal_uart.o
    0x08006898   0x08006898   0x00000008   Code   RO         1240    .text.HAL_UART_TxCpltCallback  stm32h7xx_hal_uart.o
    0x080068a0   0x080068a0   0x00000004   Code   RO          105    .text.HardFault_Handler  stm32h7xx_it.o
    0x080068a4   0x080068a4   0x00000004   PAD
    0x080068a8   0x080068a8   0x0000005c   Code   RO           46    .text.MPU_Config    main.o
    0x08006904   0x08006904   0x00000004   PAD
    0x08006908   0x08006908   0x00000088   Code   RO           69    .text.MX_FMC_Init   fmc.o
    0x08006990   0x08006990   0x000000d8   Code   RO           61    .text.MX_GPIO_Init  gpio.o
    0x08006a68   0x08006a68   0x0000008e   Code   RO           89    .text.MX_USART1_UART_Init  usart.o
    0x08006af6   0x08006af6   0x00000002   PAD
    0x08006af8   0x08006af8   0x00000004   Code   RO          107    .text.MemManage_Handler  stm32h7xx_it.o
    0x08006afc   0x08006afc   0x00000004   PAD
    0x08006b00   0x08006b00   0x00000004   Code   RO          103    .text.NMI_Handler   stm32h7xx_it.o
    0x08006b04   0x08006b04   0x00000004   PAD
    0x08006b08   0x08006b08   0x0000006c   Code   RO          148    .text.NVIC_EncodePriority  stm32h7xx_hal_cortex.o
    0x08006b74   0x08006b74   0x00000004   PAD
    0x08006b78   0x08006b78   0x00000002   Code   RO          117    .text.PendSV_Handler  stm32h7xx_it.o
    0x08006b7a   0x08006b7a   0x00000006   PAD
    0x08006b80   0x08006b80   0x000001ca   Code   RO          353    .text.RCCEx_PLL2_Config  stm32h7xx_hal_rcc_ex.o
    0x08006d4a   0x08006d4a   0x00000006   PAD
    0x08006d50   0x08006d50   0x000001ca   Code   RO          355    .text.RCCEx_PLL3_Config  stm32h7xx_hal_rcc_ex.o
    0x08006f1a   0x08006f1a   0x00000006   PAD
    0x08006f20   0x08006f20   0x00000002   Code   RO          113    .text.SVC_Handler   stm32h7xx_it.o
    0x08006f22   0x08006f22   0x00000006   PAD
    0x08006f28   0x08006f28   0x00000052   Code   RO          164    .text.SysTick_Config  stm32h7xx_hal_cortex.o
    0x08006f7a   0x08006f7a   0x00000006   PAD
    0x08006f80   0x08006f80   0x00000008   Code   RO          119    .text.SysTick_Handler  stm32h7xx_it.o
    0x08006f88   0x08006f88   0x000000d0   Code   RO           48    .text.SystemClock_Config  main.o
    0x08007058   0x08007058   0x00000166   Code   RO         1335    .text.SystemInit    system_stm32h7xx.o
    0x080071be   0x080071be   0x00000002   PAD
    0x080071c0   0x080071c0   0x00000086   Code   RO         1310    .text.UARTEx_SetNbDataToProcess  stm32h7xx_hal_uart_ex.o
    0x08007246   0x08007246   0x00000002   PAD
    0x08007248   0x08007248   0x00000148   Code   RO         1146    .text.UART_AdvFeatureConfig  stm32h7xx_hal_uart.o
    0x08007390   0x08007390   0x00000146   Code   RO         1150    .text.UART_CheckIdleState  stm32h7xx_hal_uart.o
    0x080074d6   0x080074d6   0x00000002   PAD
    0x080074d8   0x080074d8   0x0000001e   Code   RO         1232    .text.UART_DMAAbortOnError  stm32h7xx_hal_uart.o
    0x080074f6   0x080074f6   0x00000002   PAD
    0x080074f8   0x080074f8   0x0000009e   Code   RO         1202    .text.UART_EndRxTransfer  stm32h7xx_hal_uart.o
    0x08007596   0x08007596   0x00000002   PAD
    0x08007598   0x08007598   0x00000044   Code   RO         1238    .text.UART_EndTransmit_IT  stm32h7xx_hal_uart.o
    0x080075dc   0x080075dc   0x00000004   PAD
    0x080075e0   0x080075e0   0x00000a4e   Code   RO         1148    .text.UART_SetConfig  stm32h7xx_hal_uart.o
    0x0800802e   0x0800802e   0x00000002   PAD
    0x08008030   0x08008030   0x0000010c   Code   RO         1164    .text.UART_WaitOnFlagUntilTimeout  stm32h7xx_hal_uart.o
    0x0800813c   0x0800813c   0x00000004   PAD
    0x08008140   0x08008140   0x00000010   Code   RO          121    .text.USART1_IRQHandler  stm32h7xx_it.o
    0x08008150   0x08008150   0x00000004   Code   RO          111    .text.UsageFault_Handler  stm32h7xx_it.o
    0x08008154   0x08008154   0x00000004   PAD
    0x08008158   0x08008158   0x00000030   Code   RO          152    .text.__NVIC_EnableIRQ  stm32h7xx_hal_cortex.o
    0x08008188   0x08008188   0x00000010   Code   RO          144    .text.__NVIC_GetPriorityGrouping  stm32h7xx_hal_cortex.o
    0x08008198   0x08008198   0x00000042   Code   RO          146    .text.__NVIC_SetPriority  stm32h7xx_hal_cortex.o
    0x080081da   0x080081da   0x00000006   PAD
    0x080081e0   0x080081e0   0x0000003c   Code   RO          140    .text.__NVIC_SetPriorityGrouping  stm32h7xx_hal_cortex.o
    0x0800821c   0x0800821c   0x00000004   PAD
    0x08008220   0x08008220   0x000002b0   Code   RO           44    .text.main          main.o
    0x080084d0   0x080084d0   0x0000003e   Code   RO         1571    CL$$btod_d2e        c_w.l(btod.o)
    0x0800850e   0x0800850e   0x00000046   Code   RO         1573    CL$$btod_d2e_denorm_low  c_w.l(btod.o)
    0x08008554   0x08008554   0x00000060   Code   RO         1572    CL$$btod_d2e_norm_op1  c_w.l(btod.o)
    0x080085b4   0x080085b4   0x00000338   Code   RO         1581    CL$$btod_div_common  c_w.l(btod.o)
    0x080088ec   0x080088ec   0x000000dc   Code   RO         1578    CL$$btod_e2e        c_w.l(btod.o)
    0x080089c8   0x080089c8   0x0000002a   Code   RO         1575    CL$$btod_ediv       c_w.l(btod.o)
    0x080089f2   0x080089f2   0x0000002a   Code   RO         1574    CL$$btod_emul       c_w.l(btod.o)
    0x08008a1c   0x08008a1c   0x00000244   Code   RO         1580    CL$$btod_mult_common  c_w.l(btod.o)
    0x08008c60   0x08008c60   0x00000030   Code   RO         1550    i.__ARM_fpclassify  m_wv.l(fpclassify.o)
    0x08008c90   0x08008c90   0x000000b0   Code   RO         1364    i.__hardfp_sin      m_wv.l(sin.o)
    0x08008d40   0x08008d40   0x00000308   Code   RO         1494    i.__ieee754_rem_pio2  m_wv.l(rred.o)
    0x08009048   0x08009048   0x000000c4   Code   RO         1477    i.__kernel_cos      m_wv.l(cos_i.o)
    0x0800910c   0x0800910c   0x00000070   Code   RO         1552    i.__kernel_poly     m_wv.l(poly.o)
    0x0800917c   0x0800917c   0x00000004   PAD
    0x08009180   0x08009180   0x000000a0   Code   RO         1499    i.__kernel_sin      m_wv.l(sin_i.o)
    0x08009220   0x08009220   0x00000018   Code   RO         1483    i.__mathlib_dbl_invalid  m_wv.l(dunder.o)
    0x08009238   0x08009238   0x00000018   Code   RO         1486    i.__mathlib_dbl_underflow  m_wv.l(dunder.o)
    0x08009250   0x08009250   0x0000000e   Code   RO         1435    i._is_digit         c_w.l(__printf_wp.o)
    0x0800925e   0x0800925e   0x00000018   Code   RO         1546    i.fabs              m_wv.l(fabs.o)
    0x08009276   0x08009276   0x00000002   PAD
    0x08009278   0x08009278   0x0000002c   Code   RO         1596    locale$$code        c_w.l(lc_numeric_c.o)
    0x080092a4   0x080092a4   0x0000002c   Code   RO         1619    locale$$code        c_w.l(lc_ctype_c.o)
    0x080092d0   0x080092d0   0x0000001a   Code   RO         1693    x$fpl$fpinit        fz_wv.l(fpinit.o)
    0x080092ea   0x080092ea   0x00000004   Code   RO         1468    x$fpl$printf1       fz_wv.l(printf1.o)
    0x080092ee   0x080092ee   0x00000004   Code   RO         1470    x$fpl$printf2       fz_wv.l(printf2.o)
    0x080092f2   0x080092f2   0x00000000   Code   RO         1476    x$fpl$usenofp       fz_wv.l(usenofp.o)
    0x080092f2   0x080092f2   0x00000002   PAD
    0x080092f4   0x080092f4   0x00000008   Data   RO         1394    .constdata          c_w.l(_printf_wctomb.o)
    0x080092fc   0x080092fc   0x00000028   Data   RO         1423    .constdata          c_w.l(_printf_hex_int_ll_ptr.o)
    0x08009324   0x08009324   0x00000011   Data   RO         1443    .constdata          c_w.l(__printf_flags_ss_wp.o)
    0x08009335   0x08009335   0x00000003   PAD
    0x08009338   0x08009338   0x00000030   Data   RO         1478    .constdata          m_wv.l(cos_i.o)
    0x08009368   0x08009368   0x000000cc   Data   RO         1496    .constdata          m_wv.l(rred.o)
    0x08009434   0x08009434   0x00000004   PAD
    0x08009438   0x08009438   0x00000028   Data   RO         1500    .constdata          m_wv.l(sin_i.o)
    0x08009460   0x08009460   0x00000026   Data   RO         1533    .constdata          c_w.l(_printf_fp_hex.o)
    0x08009486   0x08009486   0x00000002   PAD
    0x08009488   0x08009488   0x00000094   Data   RO         1569    .constdata          c_w.l(bigflt0.o)
    0x0800951c   0x0800951c   0x00000010   Data   RO         1343    .rodata.D1CorePrescTable  system_stm32h7xx.o
    0x0800952c   0x0800952c   0x00000008   Data   RO         1327    .rodata.UARTEx_SetNbDataToProcess.denominator  stm32h7xx_hal_uart_ex.o
    0x08009534   0x08009534   0x00000008   Data   RO         1326    .rodata.UARTEx_SetNbDataToProcess.numerator  stm32h7xx_hal_uart_ex.o
    0x0800953c   0x0800953c   0x00000018   Data   RO         1282    .rodata.UARTPrescTable  stm32h7xx_hal_uart.o
    0x08009554   0x08009554   0x000001c4   Data   RO           52    .rodata.str1.1      main.o
    0x08009718   0x08009718   0x00000030   Data   RO         1754    Region$$Table       anon$$obj.o
    0x08009748   0x08009748   0x0000001c   Data   RO         1595    locale$$data        c_w.l(lc_numeric_c.o)
    0x08009764   0x08009764   0x00000110   Data   RO         1618    locale$$data        c_w.l(lc_ctype_c.o)


    Execution Region RW_IRAM1 (Exec base: 0x20000000, Load base: 0x08009874, Size: 0x00000800, Max: 0x00020000, ABSOLUTE)

    Exec Addr    Load Addr    Size         Type   Attr      Idx    E Section Name        Object

    0x20000000        -       0x00000800   Zero   RW           36    .bss.sine_lut       dds.o


    Execution Region RW_IRAM2 (Exec base: 0x24000000, Load base: 0x08009878, Size: 0x00000760, Max: 0x00020000, ABSOLUTE)

    Exec Addr    Load Addr    Size         Type   Attr      Idx    E Section Name        Object

    0x24000000   0x08009878   0x00000004   Data   RW           35    .data.M_PI          dds.o
    0x24000004   0x0800987c   0x00000004   Data   RW         1341    .data.SystemCoreClock  system_stm32h7xx.o
    0x24000008   0x08009880   0x00000004   Data   RW         1342    .data.SystemD2Clock  system_stm32h7xx.o
    0x2400000c   0x08009884   0x00000001   Data   RW          918    .data.uwTickFreq    stm32h7xx_hal.o
    0x2400000d   0x08009885   0x00000003   PAD
    0x24000010   0x08009888   0x00000004   Data   RW          917    .data.uwTickPrio    stm32h7xx_hal.o
    0x24000014   0x0800988c   0x00000004   PAD
    0x24000018        -       0x00000060   Zero   RW         1555    .bss                c_w.l(libspace.o)
    0x24000078        -       0x00000004   Zero   RW           80    .bss.FMC_Initialized  fmc.o
    0x2400007c        -       0x0000004c   Zero   RW           79    .bss.hsram1         fmc.o
    0x240000c8        -       0x00000094   Zero   RW           95    .bss.huart1         usart.o
    0x2400015c        -       0x00000004   Zero   RW          919    .bss.uwTick         stm32h7xx_hal.o
    0x24000160        -       0x00000200   Zero   RW            2    HEAP                startup_stm32h723xx.o
    0x24000360        -       0x00000400   Zero   RW            1    STACK               startup_stm32h723xx.o


==============================================================================

Image component sizes


      Code (inc. data)   RO Data    RW Data    ZI Data      Debug   Object Name

       612         40          0          4       2048       2978   dds.o
       558          0          0          0         80       8201   fmc.o
       216          0          0          0          0       2401   gpio.o
      1002          0        452          0          0       5126   main.o
        72         30        716          0       1536        844   startup_stm32h723xx.o
       360          0          0          5          4      14612   stm32h7xx_hal.o
       688          0          0          0          0      11492   stm32h7xx_hal_cortex.o
      4130          0          0          0          0      12471   stm32h7xx_hal_dma.o
       936          0          0          0          0       6999   stm32h7xx_hal_gpio.o
        36          0          0          0          0       2224   stm32h7xx_hal_msp.o
       162          0          0          0          0       9317   stm32h7xx_hal_pwr_ex.o
      4694         66          0          0          0      11388   stm32h7xx_hal_rcc.o
      6358         96          0          0          0      18640   stm32h7xx_hal_rcc_ex.o
       144          0          0          0          0       8877   stm32h7xx_hal_sram.o
      6116        342         24          0          0      29429   stm32h7xx_hal_uart.o
       562          0         16          0          0       8887   stm32h7xx_hal_uart_ex.o
        50          0          0          0          0       1100   stm32h7xx_it.o
       502          0          0          0          0       7274   stm32h7xx_ll_fmc.o
       398          0         16          8          0       5548   system_stm32h7xx.o
       332          0          0          0        148      10971   usart.o

    ----------------------------------------------------------------------
     28144        578       1272         20       3820     178779   Object Totals
         0          0         48          0          0          0   (incl. Generated)
       216          4          0          3          4          0   (incl. Padding)

    ----------------------------------------------------------------------

      Code (inc. data)   RO Data    RW Data    ZI Data      Debug   Library Member Name

         8          0          0          0          0         68   __main.o
       392          4         17          0          0         92   __printf_flags_ss_wp.o
        14          0          0          0          0         68   __printf_wp.o
         0          0          0          0          0          0   __rtentry.o
        12          0          0          0          0          0   __rtentry2.o
         6          0          0          0          0          0   __rtentry4.o
        94          8          0          0          0          0   __scatter.o
        26          0          0          0          0          0   __scatter_copy.o
        28          0          0          0          0          0   __scatter_zi.o
        72          0          0          0          0         96   _c16rtomb.o
         6          0          0          0          0          0   _printf_a.o
         6          0          0          0          0          0   _printf_c.o
        44          0          0          0          0        108   _printf_char.o
        48          6          0          0          0         96   _printf_char_common.o
        40          0          0          0          0         68   _printf_charcount.o
         6          0          0          0          0          0   _printf_d.o
       120         16          0          0          0         92   _printf_dec.o
         6          0          0          0          0          0   _printf_e.o
         6          0          0          0          0          0   _printf_f.o
      1052          0          0          0          0        148   _printf_fp_dec.o
       764          8         38          0          0        100   _printf_fp_hex.o
       128         16          0          0          0         84   _printf_fp_infnan.o
         6          0          0          0          0          0   _printf_g.o
       148          4         40          0          0        160   _printf_hex_int_ll_ptr.o
         6          0          0          0          0          0   _printf_i.o
       178          0          0          0          0         88   _printf_intcommon.o
        10          0          0          0          0          0   _printf_l.o
         6          0          0          0          0          0   _printf_lc.o
        10          0          0          0          0          0   _printf_ll.o
         6          0          0          0          0          0   _printf_lld.o
         6          0          0          0          0          0   _printf_lli.o
         6          0          0          0          0          0   _printf_llo.o
         6          0          0          0          0          0   _printf_llu.o
         6          0          0          0          0          0   _printf_llx.o
       124         16          0          0          0         92   _printf_longlong_dec.o
         6          0          0          0          0          0   _printf_ls.o
         6          0          0          0          0          0   _printf_n.o
         6          0          0          0          0          0   _printf_o.o
       112          8          0          0          0        124   _printf_oct_int_ll.o
         6          0          0          0          0          0   _printf_p.o
        78          0          0          0          0        108   _printf_pad.o
         0          0          0          0          0          0   _printf_percent.o
         4          0          0          0          0          0   _printf_percent_end.o
         6          0          0          0          0          0   _printf_s.o
        82          0          0          0          0         80   _printf_str.o
        36          0          0          0          0         84   _printf_truncate.o
         6          0          0          0          0          0   _printf_u.o
        44          0          0          0          0        108   _printf_wchar.o
       188          6          8          0          0         92   _printf_wctomb.o
         6          0          0          0          0          0   _printf_x.o
        22          0          0          0          0        100   _rserrno.o
        10          0          0          0          0         68   _sputc.o
       228          4        148          0          0         96   bigflt0.o
      1936        128          0          0          0        668   btod.o
        18          0          0          0          0         80   exit.o
         6          0          0          0          0        152   heapauxi.o
         0          0          0          0          0          0   indicate_semi.o
        44         10        272          0          0         76   lc_ctype_c.o
        44         10         28          0          0         76   lc_numeric_c.o
         2          0          0          0          0          0   libinit.o
        34          0          0          0          0          0   libinit2.o
         2          0          0          0          0          0   libshutdown.o
         2          0          0          0          0          0   libshutdown2.o
         8          4          0          0         96         68   libspace.o
       138          0          0          0          0         80   lludiv10.o
       240          0          0          0          0        100   lludivv7m.o
        16          4          0          0          0         76   rt_ctype_table.o
         8          4          0          0          0         68   rt_errno_addr_intlibspace.o
         8          4          0          0          0         68   rt_locale_intlibspace.o
        78          0          0          0          0         80   rt_memclr_w.o
         2          0          0          0          0          0   rtexit.o
        10          0          0          0          0          0   rtexit2.o
        44          6          0          0          0         84   sprintf.o
       124          0          0          0          0         88   strcmpv7m_pel.o
        62          0          0          0          0         76   strlen.o
        12          4          0          0          0         68   sys_exit.o
        74          0          0          0          0         80   sys_stackheap_outer.o
         2          0          0          0          0         68   use_no_semi.o
        26          0          0          0          0        116   fpinit.o
         4          0          0          0          0        116   printf1.o
         4          0          0          0          0        116   printf2.o
         0          0          0          0          0          0   usenofp.o
       196         14         48          0          0        176   cos_i.o
        48         28          0          0          0        232   dunder.o
        24          0          0          0          0        124   fabs.o
        48          0          0          0          0        124   fpclassify.o
       112          0          0          0          0        116   poly.o
       776        130        204          0          0        172   rred.o
       176         18          0          0          0        160   sin.o
       160         16         40          0          0        196   sin_i.o

    ----------------------------------------------------------------------
      8760        476        852          0         96       5924   Library Totals
        30          0          9          0          0          0   (incl. Padding)

    ----------------------------------------------------------------------

      Code (inc. data)   RO Data    RW Data    ZI Data      Debug   Library Name

      7156        270        551          0         96       4276   c_w.l
        34          0          0          0          0        348   fz_wv.l
      1540        206        292          0          0       1300   m_wv.l

    ----------------------------------------------------------------------
      8760        476        852          0         96       5924   Library Totals

    ----------------------------------------------------------------------

==============================================================================


      Code (inc. data)   RO Data    RW Data    ZI Data      Debug   

     36904       1054       2124         20       3916     181123   Grand Totals
     36904       1054       2124         20       3916     181123   ELF Image Totals
     36904       1054       2124         20          0          0   ROM Totals

==============================================================================

    Total RO  Size (Code + RO Data)                39028 (  38.11kB)
    Total RW  Size (RW Data + ZI Data)              3936 (   3.84kB)
    Total ROM Size (Code + RO Data + RW Data)      39048 (  38.13kB)

==============================================================================

