Component: Arm Compiler for Embedded 6.24 Tool: armlink [5f371500]

==============================================================================

Section Cross References

    startup_stm32h723xx.o(STACK) refers (Special) to heapauxi.o(.text) for __use_two_region_memory
    startup_stm32h723xx.o(HEAP) refers (Special) to heapauxi.o(.text) for __use_two_region_memory
    startup_stm32h723xx.o(RESET) refers (Special) to heapauxi.o(.text) for __use_two_region_memory
    startup_stm32h723xx.o(RESET) refers to startup_stm32h723xx.o(STACK) for __initial_sp
    startup_stm32h723xx.o(RESET) refers to startup_stm32h723xx.o(.text) for Reset_Handler
    startup_stm32h723xx.o(RESET) refers to stm32h7xx_it.o(.text.NMI_Handler) for NMI_Handler
    startup_stm32h723xx.o(RESET) refers to stm32h7xx_it.o(.text.HardFault_Handler) for HardFault_Handler
    startup_stm32h723xx.o(RESET) refers to stm32h7xx_it.o(.text.MemManage_Handler) for MemManage_Handler
    startup_stm32h723xx.o(RESET) refers to stm32h7xx_it.o(.text.BusFault_Handler) for BusFault_Handler
    startup_stm32h723xx.o(RESET) refers to stm32h7xx_it.o(.text.UsageFault_Handler) for UsageFault_Handler
    startup_stm32h723xx.o(RESET) refers to stm32h7xx_it.o(.text.SVC_Handler) for SVC_Handler
    startup_stm32h723xx.o(RESET) refers to stm32h7xx_it.o(.text.DebugMon_Handler) for DebugMon_Handler
    startup_stm32h723xx.o(RESET) refers to stm32h7xx_it.o(.text.PendSV_Handler) for PendSV_Handler
    startup_stm32h723xx.o(RESET) refers to stm32h7xx_it.o(.text.SysTick_Handler) for SysTick_Handler
    startup_stm32h723xx.o(RESET) refers to stm32h7xx_it.o(.text.DMA1_Stream0_IRQHandler) for DMA1_Stream0_IRQHandler
    startup_stm32h723xx.o(RESET) refers to stm32h7xx_it.o(.text.DMA1_Stream1_IRQHandler) for DMA1_Stream1_IRQHandler
    startup_stm32h723xx.o(RESET) refers to stm32h7xx_it.o(.text.ADC_IRQHandler) for ADC_IRQHandler
    startup_stm32h723xx.o(RESET) refers to stm32h7xx_it.o(.text.USART1_IRQHandler) for USART1_IRQHandler
    startup_stm32h723xx.o(RESET) refers to stm32h7xx_it.o(.text.USART2_IRQHandler) for USART2_IRQHandler
    startup_stm32h723xx.o(.text) refers (Special) to heapauxi.o(.text) for __use_two_region_memory
    startup_stm32h723xx.o(.text) refers to system_stm32h7xx.o(.text.ExitRun0Mode) for ExitRun0Mode
    startup_stm32h723xx.o(.text) refers to system_stm32h7xx.o(.text.SystemInit) for SystemInit
    startup_stm32h723xx.o(.text) refers to __main.o(!!!main) for __main
    startup_stm32h723xx.o(.text) refers to startup_stm32h723xx.o(HEAP) for Heap_Mem
    startup_stm32h723xx.o(.text) refers to startup_stm32h723xx.o(STACK) for Stack_Mem
    main.o(.text.main) refers to main.o(.text.MPU_Config) for MPU_Config
    main.o(.text.main) refers to stm32h7xx_hal.o(.text.HAL_Init) for HAL_Init
    main.o(.text.main) refers to main.o(.text.SystemClock_Config) for SystemClock_Config
    main.o(.text.main) refers to main.o(.text.PeriphCommonClock_Config) for PeriphCommonClock_Config
    main.o(.text.main) refers to gpio.o(.text.MX_GPIO_Init) for MX_GPIO_Init
    main.o(.text.main) refers to dma.o(.text.MX_DMA_Init) for MX_DMA_Init
    main.o(.text.main) refers to fmc.o(.text.MX_FMC_Init) for MX_FMC_Init
    main.o(.text.main) refers to spi.o(.text.MX_SPI4_Init) for MX_SPI4_Init
    main.o(.text.main) refers to usart.o(.text.MX_USART1_UART_Init) for MX_USART1_UART_Init
    main.o(.text.main) refers to usart.o(.text.MX_USART2_UART_Init) for MX_USART2_UART_Init
    main.o(.text.main) refers to adc.o(.text.MX_ADC1_Init) for MX_ADC1_Init
    main.o(.text.main) refers to adc.o(.text.MX_ADC2_Init) for MX_ADC2_Init
    main.o(.text.main) refers to tim.o(.text.MX_TIM6_Init) for MX_TIM6_Init
    main.o(.text.main) refers to tim.o(.text.MX_TIM7_Init) for MX_TIM7_Init
    main.o(.text.main) refers to adc.o(.text.MX_ADC3_Init) for MX_ADC3_Init
    main.o(.text.main) refers to bsp.o(.text.MainProcess) for MainProcess
    main.o(.ARM.exidx.text.main) refers to main.o(.text.main) for [Anonymous Symbol]
    main.o(.text.MPU_Config) refers to stm32h7xx_hal_cortex.o(.text.HAL_MPU_Disable) for HAL_MPU_Disable
    main.o(.text.MPU_Config) refers to stm32h7xx_hal_cortex.o(.text.HAL_MPU_ConfigRegion) for HAL_MPU_ConfigRegion
    main.o(.text.MPU_Config) refers to stm32h7xx_hal_cortex.o(.text.HAL_MPU_Enable) for HAL_MPU_Enable
    main.o(.ARM.exidx.text.MPU_Config) refers to main.o(.text.MPU_Config) for [Anonymous Symbol]
    main.o(.text.SystemClock_Config) refers to rt_memclr_w.o(.text) for __aeabi_memclr4
    main.o(.text.SystemClock_Config) refers to stm32h7xx_hal_pwr_ex.o(.text.HAL_PWREx_ConfigSupply) for HAL_PWREx_ConfigSupply
    main.o(.text.SystemClock_Config) refers to stm32h7xx_hal_rcc.o(.text.HAL_RCC_OscConfig) for HAL_RCC_OscConfig
    main.o(.text.SystemClock_Config) refers to main.o(.text.Error_Handler) for Error_Handler
    main.o(.text.SystemClock_Config) refers to stm32h7xx_hal_rcc.o(.text.HAL_RCC_ClockConfig) for HAL_RCC_ClockConfig
[...]
    COMP1_IRQHandler                         0x0800049f   Thumb Code     0  startup_stm32h723xx.o(.text)
    CORDIC_IRQHandler                        0x0800049f   Thumb Code     0  startup_stm32h723xx.o(.text)
    CRS_IRQHandler                           0x0800049f   Thumb Code     0  startup_stm32h723xx.o(.text)
    DCMI_PSSI_IRQHandler                     0x0800049f   Thumb Code     0  startup_stm32h723xx.o(.text)
    DFSDM1_FLT0_IRQHandler                   0x0800049f   Thumb Code     0  startup_stm32h723xx.o(.text)
    DFSDM1_FLT1_IRQHandler                   0x0800049f   Thumb Code     0  startup_stm32h723xx.o(.text)
    DFSDM1_FLT2_IRQHandler                   0x0800049f   Thumb Code     0  startup_stm32h723xx.o(.text)
    DFSDM1_FLT3_IRQHandler                   0x0800049f   Thumb Code     0  startup_stm32h723xx.o(.text)
    DMA1_Stream2_IRQHandler                  0x0800049f   Thumb Code     0  startup_stm32h723xx.o(.text)
    DMA1_Stream3_IRQHandler                  0x0800049f   Thumb Code     0  startup_stm32h723xx.o(.text)
    DMA1_Stream4_IRQHandler                  0x0800049f   Thumb Code     0  startup_stm32h723xx.o(.text)
    DMA1_Stream5_IRQHandler                  0x0800049f   Thumb Code     0  startup_stm32h723xx.o(.text)
    DMA1_Stream6_IRQHandler                  0x0800049f   Thumb Code     0  startup_stm32h723xx.o(.text)
    DMA1_Stream7_IRQHandler                  0x0800049f   Thumb Code     0  startup_stm32h723xx.o(.text)
    DMA2D_IRQHandler                         0x0800049f   Thumb Code     0  startup_stm32h723xx.o(.text)
    DMA2_Stream0_IRQHandler                  0x0800049f   Thumb Code     0  startup_stm32h723xx.o(.text)
    DMA2_Stream1_IRQHandler                  0x0800049f   Thumb Code     0  startup_stm32h723xx.o(.text)
    DMA2_Stream2_IRQHandler                  0x0800049f   Thumb Code     0  startup_stm32h723xx.o(.text)
    DMA2_Stream3_IRQHandler                  0x0800049f   Thumb Code     0  startup_stm32h723xx.o(.text)
    DMA2_Stream4_IRQHandler                  0x0800049f   Thumb Code     0  startup_stm32h723xx.o(.text)
    DMA2_Stream5_IRQHandler                  0x0800049f   Thumb Code     0  startup_stm32h723xx.o(.text)
    DMA2_Stream6_IRQHandler                  0x0800049f   Thumb Code     0  startup_stm32h723xx.o(.text)
    DMA2_Stream7_IRQHandler                  0x0800049f   Thumb Code     0  startup_stm32h723xx.o(.text)
    DMAMUX1_OVR_IRQHandler                   0x0800049f   Thumb Code     0  startup_stm32h723xx.o(.text)
    DMAMUX2_OVR_IRQHandler                   0x0800049f   Thumb Code     0  startup_stm32h723xx.o(.text)
    DTS_IRQHandler                           0x0800049f   Thumb Code     0  startup_stm32h723xx.o(.text)
    ECC_IRQHandler                           0x0800049f   Thumb Code     0  startup_stm32h723xx.o(.text)
    ETH_IRQHandler                           0x0800049f   Thumb Code     0  startup_stm32h723xx.o(.text)
    ETH_WKUP_IRQHandler                      0x0800049f   Thumb Code     0  startup_stm32h723xx.o(.text)
    EXTI0_IRQHandler                         0x0800049f   Thumb Code     0  startup_stm32h723xx.o(.text)
    EXTI15_10_IRQHandler                     0x0800049f   Thumb Code     0  startup_stm32h723xx.o(.text)
    EXTI1_IRQHandler                         0x0800049f   Thumb Code     0  startup_stm32h723xx.o(.text)
    EXTI2_IRQHandler                         0x0800049f   Thumb Code     0  startup_stm32h723xx.o(.text)
    EXTI3_IRQHandler                         0x0800049f   Thumb Code     0  startup_stm32h723xx.o(.text)
    EXTI4_IRQHandler                         0x0800049f   Thumb Code     0  startup_stm32h723xx.o(.text)
    EXTI9_5_IRQHandler                       0x0800049f   Thumb Code     0  startup_stm32h723xx.o(.text)
    FDCAN1_IT0_IRQHandler                    0x0800049f   Thumb Code     0  startup_stm32h723xx.o(.text)
    FDCAN1_IT1_IRQHandler                    0x0800049f   Thumb Code     0  startup_stm32h723xx.o(.text)
    FDCAN2_IT0_IRQHandler                    0x0800049f   Thumb Code     0  startup_stm32h723xx.o(.text)
    FDCAN2_IT1_IRQHandler                    0x0800049f   Thumb Code     0  startup_stm32h723xx.o(.text)
    FDCAN3_IT0_IRQHandler                    0x0800049f   Thumb Code     0  startup_stm32h723xx.o(.text)
    FDCAN3_IT1_IRQHandler                    0x0800049f   Thumb Code     0  startup_stm32h723xx.o(.text)
    FDCAN_CAL_IRQHandler                     0x0800049f   Thumb Code     0  startup_stm32h723xx.o(.text)
    FLASH_IRQHandler                         0x0800049f   Thumb Code     0  startup_stm32h723xx.o(.text)
    FMAC_IRQHandler                          0x0800049f   Thumb Code     0  startup_stm32h723xx.o(.text)
    FMC_IRQHandler                           0x0800049f   Thumb Code     0  startup_stm32h723xx.o(.text)
    FPU_IRQHandler                           0x0800049f   Thumb Code     0  startup_stm32h723xx.o(.text)
    HSEM1_IRQHandler                         0x0800049f   Thumb Code     0  startup_stm32h723xx.o(.text)
    I2C1_ER_IRQHandler                       0x0800049f   Thumb Code     0  startup_stm32h723xx.o(.text)
    I2C1_EV_IRQHandler                       0x0800049f   Thumb Code     0  startup_stm32h723xx.o(.text)
    I2C2_ER_IRQHandler                       0x0800049f   Thumb Code     0  startup_stm32h723xx.o(.text)
    I2C2_EV_IRQHandler                       0x0800049f   Thumb Code     0  startup_stm32h723xx.o(.text)
    I2C3_ER_IRQHandler                       0x0800049f   Thumb Code     0  startup_stm32h723xx.o(.text)
    I2C3_EV_IRQHandler                       0x0800049f   Thumb Code     0  startup_stm32h723xx.o(.text)
    I2C4_ER_IRQHandler                       0x0800049f   Thumb Code     0  startup_stm32h723xx.o(.text)
    I2C4_EV_IRQHandler                       0x0800049f   Thumb Code     0  startup_stm32h723xx.o(.text)
    I2C5_ER_IRQHandler                       0x0800049f   Thumb Code     0  startup_stm32h723xx.o(.text)
    I2C5_EV_IRQHandler                       0x0800049f   Thumb Code     0  startup_stm32h723xx.o(.text)
    LPTIM1_IRQHandler                        0x0800049f   Thumb Code     0  startup_stm32h723xx.o(.text)
    LPTIM2_IRQHandler                        0x0800049f   Thumb Code     0  startup_stm32h723xx.o(.text)
    LPTIM3_IRQHandler                        0x0800049f   Thumb Code     0  startup_stm32h723xx.o(.text)
    LPTIM4_IRQHandler                        0x0800049f   Thumb Code     0  startup_stm32h723xx.o(.text)
    LPTIM5_IRQHandler                        0x0800049f   Thumb Code     0  startup_stm32h723xx.o(.text)
    LPUART1_IRQHandler                       0x0800049f   Thumb Code     0  startup_stm32h723xx.o(.text)
    LTDC_ER_IRQHandler                       0x0800049f   Thumb Code     0  startup_stm32h723xx.o(.text)
    LTDC_IRQHandler                          0x0800049f   Thumb Code     0  startup_stm32h723xx.o(.text)
    MDIOS_IRQHandler                         0x0800049f   Thumb Code     0  startup_stm32h723xx.o(.text)
    MDIOS_WKUP_IRQHandler                    0x0800049f   Thumb Code     0  startup_stm32h723xx.o(.text)
    MDMA_IRQHandler                          0x0800049f   Thumb Code     0  startup_stm32h723xx.o(.text)
    OCTOSPI1_IRQHandler                      0x0800049f   Thumb Code     0  startup_stm32h723xx.o(.text)
    OCTOSPI2_IRQHandler                      0x0800049f   Thumb Code     0  startup_stm32h723xx.o(.text)
    OTG_HS_EP1_IN_IRQHandler                 0x0800049f   Thumb Code     0  startup_stm32h723xx.o(.text)
    OTG_HS_EP1_OUT_IRQHandler                0x0800049f   Thumb Code     0  startup_stm32h723xx.o(.text)
    OTG_HS_IRQHandler                        0x0800049f   Thumb Code     0  startup_stm32h723xx.o(.text)
    OTG_HS_WKUP_IRQHandler                   0x0800049f   Thumb Code     0  startup_stm32h723xx.o(.text)
    PVD_AVD_IRQHandler                       0x0800049f   Thumb Code     0  startup_stm32h723xx.o(.text)
    RCC_IRQHandler                           0x0800049f   Thumb Code     0  startup_stm32h723xx.o(.text)
    RNG_IRQHandler                           0x0800049f   Thumb Code     0  startup_stm32h723xx.o(.text)
    RTC_Alarm_IRQHandler                     0x0800049f   Thumb Code     0  startup_stm32h723xx.o(.text)
    RTC_WKUP_IRQHandler                      0x0800049f   Thumb Code     0  startup_stm32h723xx.o(.text)
    SAI1_IRQHandler                          0x0800049f   Thumb Code     0  startup_stm32h723xx.o(.text)
    SAI4_IRQHandler                          0x0800049f   Thumb Code     0  startup_stm32h723xx.o(.text)
    SDMMC1_IRQHandler                        0x0800049f   Thumb Code     0  startup_stm32h723xx.o(.text)
    SDMMC2_IRQHandler                        0x0800049f   Thumb Code     0  startup_stm32h723xx.o(.text)
    SPDIF_RX_IRQHandler                      0x0800049f   Thumb Code     0  startup_stm32h723xx.o(.text)
    SPI1_IRQHandler                          0x0800049f   Thumb Code     0  startup_stm32h723xx.o(.text)
    SPI2_IRQHandler                          0x0800049f   Thumb Code     0  startup_stm32h723xx.o(.text)
    SPI3_IRQHandler                          0x0800049f   Thumb Code     0  startup_stm32h723xx.o(.text)
    SPI4_IRQHandler                          0x0800049f   Thumb Code     0  startup_stm32h723xx.o(.text)
    SPI5_IRQHandler                          0x0800049f   Thumb Code     0  startup_stm32h723xx.o(.text)
    SPI6_IRQHandler                          0x0800049f   Thumb Code     0  startup_stm32h723xx.o(.text)
    SWPMI1_IRQHandler                        0x0800049f   Thumb Code     0  startup_stm32h723xx.o(.text)
    TAMP_STAMP_IRQHandler                    0x0800049f   Thumb Code     0  startup_stm32h723xx.o(.text)
    TIM15_IRQHandler                         0x0800049f   Thumb Code     0  startup_stm32h723xx.o(.text)
    TIM16_IRQHandler                         0x0800049f   Thumb Code     0  startup_stm32h723xx.o(.text)
    TIM17_IRQHandler                         0x0800049f   Thumb Code     0  startup_stm32h723xx.o(.text)
    TIM1_BRK_IRQHandler                      0x0800049f   Thumb Code     0  startup_stm32h723xx.o(.text)
    TIM1_CC_IRQHandler                       0x0800049f   Thumb Code     0  startup_stm32h723xx.o(.text)
    TIM1_TRG_COM_IRQHandler                  0x0800049f   Thumb Code     0  startup_stm32h723xx.o(.text)
    TIM1_UP_IRQHandler                       0x0800049f   Thumb Code     0  startup_stm32h723xx.o(.text)
    TIM23_IRQHandler                         0x0800049f   Thumb Code     0  startup_stm32h723xx.o(.text)
    TIM24_IRQHandler                         0x0800049f   Thumb Code     0  startup_stm32h723xx.o(.text)
    TIM2_IRQHandler                          0x0800049f   Thumb Code     0  startup_stm32h723xx.o(.text)
    TIM3_IRQHandler                          0x0800049f   Thumb Code     0  startup_stm32h723xx.o(.text)
    TIM4_IRQHandler                          0x0800049f   Thumb Code     0  startup_stm32h723xx.o(.text)
    TIM5_IRQHandler                          0x0800049f   Thumb Code     0  startup_stm32h723xx.o(.text)
    TIM6_DAC_IRQHandler                      0x0800049f   Thumb Code     0  startup_stm32h723xx.o(.text)
    TIM7_IRQHandler                          0x0800049f   Thumb Code     0  startup_stm32h723xx.o(.text)
    TIM8_BRK_TIM12_IRQHandler                0x0800049f   Thumb Code     0  startup_stm32h723xx.o(.text)
    TIM8_CC_IRQHandler                       0x0800049f   Thumb Code     0  startup_stm32h723xx.o(.text)
    TIM8_TRG_COM_TIM14_IRQHandler            0x0800049f   Thumb Code     0  startup_stm32h723xx.o(.text)
    TIM8_UP_TIM13_IRQHandler                 0x0800049f   Thumb Code     0  startup_stm32h723xx.o(.text)
    UART4_IRQHandler                         0x0800049f   Thumb Code     0  startup_stm32h723xx.o(.text)
    UART5_IRQHandler                         0x0800049f   Thumb Code     0  startup_stm32h723xx.o(.text)
    UART7_IRQHandler                         0x0800049f   Thumb Code     0  startup_stm32h723xx.o(.text)
    UART8_IRQHandler                         0x0800049f   Thumb Code     0  startup_stm32h723xx.o(.text)
    UART9_IRQHandler                         0x0800049f   Thumb Code     0  startup_stm32h723xx.o(.text)
    USART10_IRQHandler                       0x0800049f   Thumb Code     0  startup_stm32h723xx.o(.text)
    USART3_IRQHandler                        0x0800049f   Thumb Code     0  startup_stm32h723xx.o(.text)
    USART6_IRQHandler                        0x0800049f   Thumb Code     0  startup_stm32h723xx.o(.text)
    WAKEUP_PIN_IRQHandler                    0x0800049f   Thumb Code     0  startup_stm32h723xx.o(.text)
    WWDG_IRQHandler                          0x0800049f   Thumb Code     0  startup_stm32h723xx.o(.text)
    __user_initial_stackheap                 0x080004a1   Thumb Code     0  startup_stm32h723xx.o(.text)
    __aeabi_uldivmod                         0x080004c9   Thumb Code     0  lludivv7m.o(.text)
    _ll_udiv                                 0x080004c9   Thumb Code   240  lludivv7m.o(.text)
    vsnprintf                                0x080005b9   Thumb Code    56  vsnprintf.o(.text)
    strlen                                   0x080005f5   Thumb Code    62  strlen.o(.text)
    __aeabi_memclr                           0x08000633   Thumb Code     0  rt_memclr.o(.text)
    __rt_memclr                              0x08000633   Thumb Code     0  rt_memclr.o(.text)
    _memset                                  0x08000637   Thumb Code    64  rt_memclr.o(.text)
    __aeabi_memclr4                          0x08000677   Thumb Code     0  rt_memclr_w.o(.text)
    __aeabi_memclr8                          0x08000677   Thumb Code     0  rt_memclr_w.o(.text)
    __rt_memclr_w                            0x08000677   Thumb Code     0  rt_memclr_w.o(.text)
    _memset_w                                0x0800067b   Thumb Code    74  rt_memclr_w.o(.text)
    __use_two_region_memory                  0x080006c5   Thumb Code     2  heapauxi.o(.text)
    __rt_heap_escrow$2region                 0x080006c7   Thumb Code     2  heapauxi.o(.text)
    __rt_heap_expand$2region                 0x080006c9   Thumb Code     2  heapauxi.o(.text)
    _printf_pre_padding                      0x080006cb   Thumb Code    44  _printf_pad.o(.text)
    _printf_post_padding                     0x080006f7   Thumb Code    34  _printf_pad.o(.text)
    _printf_truncate_signed                  0x08000719   Thumb Code    18  _printf_truncate.o(.text)
    _printf_truncate_unsigned                0x0800072b   Thumb Code    18  _printf_truncate.o(.text)
    _printf_str                              0x0800073d   Thumb Code    82  _printf_str.o(.text)
    _printf_int_dec                          0x08000791   Thumb Code   104  _printf_dec.o(.text)
    _printf_charcount                        0x08000809   Thumb Code    40  _printf_charcount.o(.text)
    _printf_char_common                      0x0800083b   Thumb Code    32  _printf_char_common.o(.text)
    _snputc                                  0x08000861   Thumb Code    16  _snputc.o(.text)
    _printf_wctomb                           0x08000871   Thumb Code   182  _printf_wctomb.o(.text)
    _printf_longlong_dec                     0x0800092d   Thumb Code   108  _printf_longlong_dec.o(.text)
    _printf_longlong_oct                     0x080009a9   Thumb Code    68  _printf_oct_int_ll.o(.text)
    _printf_int_oct                          0x080009ed   Thumb Code    24  _printf_oct_int_ll.o(.text)
    _printf_ll_oct                           0x08000a05   Thumb Code    12  _printf_oct_int_ll.o(.text)
    _printf_longlong_hex                     0x08000a19   Thumb Code    86  _printf_hex_int_ll_ptr.o(.text)
    _printf_int_hex                          0x08000a6f   Thumb Code    28  _printf_hex_int_ll_ptr.o(.text)
    _printf_ll_hex                           0x08000a8b   Thumb Code    12  _printf_hex_int_ll_ptr.o(.text)
    _printf_hex_ptr                          0x08000a97   Thumb Code    18  _printf_hex_int_ll_ptr.o(.text)
    __printf                                 0x08000aad   Thumb Code   388  __printf_flags_ss_wp.o(.text)
    _ll_udiv10                               0x08000c35   Thumb Code   138  lludiv10.o(.text)
    _printf_int_common                       0x08000cbf   Thumb Code   178  _printf_intcommon.o(.text)
    _printf_fp_dec_real                      0x08000f21   Thumb Code   620  _printf_fp_dec.o(.text)
    _printf_fp_hex_real                      0x0800118d   Thumb Code   756  _printf_fp_hex.o(.text)
    _printf_cs_common                        0x08001489   Thumb Code    20  _printf_char.o(.text)
    _printf_char                             0x0800149d   Thumb Code    16  _printf_char.o(.text)
    _printf_string                           0x080014ad   Thumb Code     8  _printf_char.o(.text)
    _printf_lcs_common                       0x080014b5   Thumb Code    20  _printf_wchar.o(.text)
    _printf_wchar                            0x080014c9   Thumb Code    16  _printf_wchar.o(.text)
    _printf_wstring                          0x080014d9   Thumb Code     8  _printf_wchar.o(.text)
    _c16rtomb                                0x080014e1   Thumb Code    72  _c16rtomb.o(.text)
    _wcrtomb                                 0x080014e1   Thumb Code     0  _c16rtomb.o(.text)
    __user_setup_stackheap                   0x08001529   Thumb Code    74  sys_stackheap_outer.o(.text)
    __rt_ctype_table                         0x08001575   Thumb Code    16  rt_ctype_table.o(.text)
    __rt_locale                              0x08001585   Thumb Code     8  rt_locale_intlibspace.o(.text)
    _printf_fp_infnan                        0x0800158d   Thumb Code   112  _printf_fp_infnan.o(.text)
    _btod_etento                             0x0800160d   Thumb Code   224  bigflt0.o(.text)
    exit                                     0x080016f1   Thumb Code    18  exit.o(.text)
    __user_libspace                          0x08001705   Thumb Code     8  libspace.o(.text)
    __user_perproc_libspace                  0x08001705   Thumb Code     0  libspace.o(.text)
    __user_perthread_libspace                0x08001705   Thumb Code     0  libspace.o(.text)
    strcmp                                   0x08001711   Thumb Code   124  strcmpv7m_pel.o(.text)
    _sys_exit                                0x0800178d   Thumb Code     8  sys_exit.o(.text)
    __I$use$semihosting                      0x08001799   Thumb Code     0  use_no_semi.o(.text)
    __use_no_semihosting_swi                 0x08001799   Thumb Code     2  use_no_semi.o(.text)
    __semihosting_library_function           0x0800179b   Thumb Code     0  indicate_semi.o(.text)
    AD9959_Config                            0x080017a1   Thumb Code   232  bsp_ad9959.o(.text.AD9959_Config)
    AD9959_Init                              0x08001899   Thumb Code   128  bsp_ad9959.o(.text.AD9959_Init)
    ADC_ConfigureBoostMode                   0x08001989   Thumb Code   474  stm32h7xx_hal_adc.o(.text.ADC_ConfigureBoostMode)
    ADC_IRQHandler                           0x08001b69   Thumb Code    28  stm32h7xx_it.o(.text.ADC_IRQHandler)
    BSP_UART_ReceiveToIdle_DMA               0x08001b89   Thumb Code   450  bsp_uart.o(.text.BSP_UART_ReceiveToIdle_DMA)
    BSP_UART_Transmit_DMA                    0x08001d51   Thumb Code   118  bsp_uart.o(.text.BSP_UART_Transmit_DMA)
    BusFault_Handler                         0x08001dc9   Thumb Code     4  stm32h7xx_it.o(.text.BusFault_Handler)
    DMA1_Stream0_IRQHandler                  0x08001dd1   Thumb Code    16  stm32h7xx_it.o(.text.DMA1_Stream0_IRQHandler)
    DMA1_Stream1_IRQHandler                  0x08001de1   Thumb Code    16  stm32h7xx_it.o(.text.DMA1_Stream1_IRQHandler)
    DebugMon_Handler                         0x08002871   Thumb Code     2  stm32h7xx_it.o(.text.DebugMon_Handler)
    Error_Handler                            0x08002879   Thumb Code    14  main.o(.text.Error_Handler)
    ExitRun0Mode                             0x08002889   Thumb Code    40  system_stm32h7xx.o(.text.ExitRun0Mode)
    FMC_NORSRAM_Extended_Timing_Init         0x080028b1   Thumb Code   100  stm32h7xx_ll_fmc.o(.text.FMC_NORSRAM_Extended_Timing_Init)
    FMC_NORSRAM_Init                         0x08002919   Thumb Code   268  stm32h7xx_ll_fmc.o(.text.FMC_NORSRAM_Init)
    FMC_NORSRAM_Timing_Init                  0x08002a29   Thumb Code   134  stm32h7xx_ll_fmc.o(.text.FMC_NORSRAM_Timing_Init)
    HAL_ADCEx_EndOfSamplingCallback          0x08002ab1   Thumb Code     8  stm32h7xx_hal_adc_ex.o(.text.HAL_ADCEx_EndOfSamplingCallback)
    HAL_ADCEx_InjectedConvCpltCallback       0x08002ab9   Thumb Code     8  stm32h7xx_hal_adc_ex.o(.text.HAL_ADCEx_InjectedConvCpltCallback)
    HAL_ADCEx_InjectedQueueOverflowCallback  0x08002ac1   Thumb Code     8  stm32h7xx_hal_adc_ex.o(.text.HAL_ADCEx_InjectedQueueOverflowCallback)
    HAL_ADCEx_LevelOutOfWindow2Callback      0x08002ac9   Thumb Code     8  stm32h7xx_hal_adc_ex.o(.text.HAL_ADCEx_LevelOutOfWindow2Callback)
    HAL_ADCEx_LevelOutOfWindow3Callback      0x08002ad1   Thumb Code     8  stm32h7xx_hal_adc_ex.o(.text.HAL_ADCEx_LevelOutOfWindow3Callback)
    HAL_ADCEx_MultiModeConfigChannel         0x08002ad9   Thumb Code   658  stm32h7xx_hal_adc_ex.o(.text.HAL_ADCEx_MultiModeConfigChannel)
    HAL_ADC_ConfigChannel                    0x08002d71   Thumb Code  3372  stm32h7xx_hal_adc.o(.text.HAL_ADC_ConfigChannel)
    HAL_ADC_ConvCpltCallback                 0x08003aa1   Thumb Code    44  bsp.o(.text.HAL_ADC_ConvCpltCallback)
    HAL_ADC_ErrorCallback                    0x08003ad1   Thumb Code     8  stm32h7xx_hal_adc.o(.text.HAL_ADC_ErrorCallback)
    HAL_ADC_IRQHandler                       0x08003ad9   Thumb Code  1336  stm32h7xx_hal_adc.o(.text.HAL_ADC_IRQHandler)
    HAL_ADC_Init                             0x08004011   Thumb Code  1282  stm32h7xx_hal_adc.o(.text.HAL_ADC_Init)
    HAL_ADC_LevelOutOfWindowCallback         0x08004519   Thumb Code     8  stm32h7xx_hal_adc.o(.text.HAL_ADC_LevelOutOfWindowCallback)
    HAL_ADC_MspInit                          0x08004521   Thumb Code   606  adc.o(.text.HAL_ADC_MspInit)
    HAL_DMA_Abort                            0x08004781   Thumb Code  2424  stm32h7xx_hal_dma.o(.text.HAL_DMA_Abort)
    HAL_DMA_Abort_IT                         0x080050f9   Thumb Code  1706  stm32h7xx_hal_dma.o(.text.HAL_DMA_Abort_IT)
    HAL_DMA_IRQHandler                       0x080057a9   Thumb Code  4544  stm32h7xx_hal_dma.o(.text.HAL_DMA_IRQHandler)
    HAL_DMA_Init                             0x08006969   Thumb Code  2400  stm32h7xx_hal_dma.o(.text.HAL_DMA_Init)
    HAL_DMA_Start_IT                         0x080072c9   Thumb Code  1794  stm32h7xx_hal_dma.o(.text.HAL_DMA_Start_IT)
    HAL_Delay                                0x080079d1   Thumb Code    66  stm32h7xx_hal.o(.text.HAL_Delay)
    HAL_GPIO_Init                            0x08007b69   Thumb Code   936  stm32h7xx_hal_gpio.o(.text.HAL_GPIO_Init)
    HAL_GPIO_WritePin                        0x08007f11   Thumb Code    46  stm32h7xx_hal_gpio.o(.text.HAL_GPIO_WritePin)
    HAL_GetTick                              0x08007f41   Thumb Code    12  stm32h7xx_hal.o(.text.HAL_GetTick)
    HAL_IncTick                              0x08007f51   Thumb Code    26  stm32h7xx_hal.o(.text.HAL_IncTick)
    HAL_Init                                 0x08007f71   Thumb Code   122  stm32h7xx_hal.o(.text.HAL_Init)
    HAL_InitTick                             0x08007ff1   Thumb Code   134  stm32h7xx_hal.o(.text.HAL_InitTick)
    HAL_MPU_ConfigRegion                     0x08008079   Thumb Code   128  stm32h7xx_hal_cortex.o(.text.HAL_MPU_ConfigRegion)
    HAL_MPU_Disable                          0x080080f9   Thumb Code    34  stm32h7xx_hal_cortex.o(.text.HAL_MPU_Disable)
    HAL_MPU_Enable                           0x08008121   Thumb Code    48  stm32h7xx_hal_cortex.o(.text.HAL_MPU_Enable)
    HAL_MspInit                              0x08008151   Thumb Code    36  stm32h7xx_hal_msp.o(.text.HAL_MspInit)
    HAL_NVIC_EnableIRQ                       0x08008179   Thumb Code    20  stm32h7xx_hal_cortex.o(.text.HAL_NVIC_EnableIRQ)
    HAL_NVIC_SetPriority                     0x08008191   Thumb Code    46  stm32h7xx_hal_cortex.o(.text.HAL_NVIC_SetPriority)
    HAL_NVIC_SetPriorityGrouping             0x080081c1   Thumb Code    16  stm32h7xx_hal_cortex.o(.text.HAL_NVIC_SetPriorityGrouping)
    HAL_PWREx_ConfigSupply                   0x080081d1   Thumb Code   162  stm32h7xx_hal_pwr_ex.o(.text.HAL_PWREx_ConfigSupply)
    HAL_RCCEx_GetD3PCLK1Freq                 0x08008279   Thumb Code    38  stm32h7xx_hal_rcc_ex.o(.text.HAL_RCCEx_GetD3PCLK1Freq)
    HAL_RCCEx_GetPLL1ClockFreq               0x080082a1   Thumb Code   648  stm32h7xx_hal_rcc_ex.o(.text.HAL_RCCEx_GetPLL1ClockFreq)
    HAL_RCCEx_GetPLL2ClockFreq               0x08008539   Thumb Code   648  stm32h7xx_hal_rcc_ex.o(.text.HAL_RCCEx_GetPLL2ClockFreq)
    HAL_RCCEx_GetPLL3ClockFreq               0x080087d1   Thumb Code   648  stm32h7xx_hal_rcc_ex.o(.text.HAL_RCCEx_GetPLL3ClockFreq)
    HAL_RCCEx_GetPeriphCLKFreq               0x08008a69   Thumb Code  2770  stm32h7xx_hal_rcc_ex.o(.text.HAL_RCCEx_GetPeriphCLKFreq)
    HAL_RCCEx_PeriphCLKConfig                0x08009541   Thumb Code  4076  stm32h7xx_hal_rcc_ex.o(.text.HAL_RCCEx_PeriphCLKConfig)
    HAL_RCC_ClockConfig                      0x0800a531   Thumb Code  1176  stm32h7xx_hal_rcc.o(.text.HAL_RCC_ClockConfig)
    HAL_RCC_GetHCLKFreq                      0x0800a9c9   Thumb Code    86  stm32h7xx_hal_rcc.o(.text.HAL_RCC_GetHCLKFreq)
    HAL_RCC_GetPCLK1Freq                     0x0800aa21   Thumb Code    38  stm32h7xx_hal_rcc.o(.text.HAL_RCC_GetPCLK1Freq)
    HAL_RCC_GetPCLK2Freq                     0x0800aa49   Thumb Code    38  stm32h7xx_hal_rcc.o(.text.HAL_RCC_GetPCLK2Freq)
    HAL_RCC_GetSysClockFreq                  0x0800aa71   Thumb Code   748  stm32h7xx_hal_rcc.o(.text.HAL_RCC_GetSysClockFreq)
    HAL_RCC_OscConfig                        0x0800ad71   Thumb Code  2592  stm32h7xx_hal_rcc.o(.text.HAL_RCC_OscConfig)
    HAL_SPI_Init                             0x0800b791   Thumb Code   658  stm32h7xx_hal_spi.o(.text.HAL_SPI_Init)
    HAL_SPI_MspInit                          0x0800ba29   Thumb Code   170  spi.o(.text.HAL_SPI_MspInit)
    HAL_SRAM_Init                            0x0800bad9   Thumb Code   144  stm32h7xx_hal_sram.o(.text.HAL_SRAM_Init)
    HAL_SRAM_MspInit                         0x0800bb69   Thumb Code    14  fmc.o(.text.HAL_SRAM_MspInit)
    HAL_SYSCFG_AnalogSwitchConfig            0x0800bb79   Thumb Code    30  stm32h7xx_hal.o(.text.HAL_SYSCFG_AnalogSwitchConfig)
    HAL_SYSTICK_Config                       0x0800bb99   Thumb Code    16  stm32h7xx_hal_cortex.o(.text.HAL_SYSTICK_Config)
    HAL_TIMEx_MasterConfigSynchronization    0x0800bba9   Thumb Code   380  stm32h7xx_hal_tim_ex.o(.text.HAL_TIMEx_MasterConfigSynchronization)
    HAL_TIM_Base_Init                        0x0800bd29   Thumb Code   168  stm32h7xx_hal_tim.o(.text.HAL_TIM_Base_Init)
    HAL_TIM_Base_MspInit                     0x0800bdd1   Thumb Code   110  tim.o(.text.HAL_TIM_Base_MspInit)
    HAL_UARTEx_DisableFifoMode               0x0800be41   Thumb Code   124  stm32h7xx_hal_uart_ex.o(.text.HAL_UARTEx_DisableFifoMode)
    HAL_UARTEx_ReceiveToIdle_DMA             0x0800bec1   Thumb Code   176  stm32h7xx_hal_uart_ex.o(.text.HAL_UARTEx_ReceiveToIdle_DMA)
    HAL_UARTEx_RxEventCallback               0x0800bf71   Thumb Code    64  bsp.o(.text.HAL_UARTEx_RxEventCallback)
    HAL_UARTEx_RxFifoFullCallback            0x0800bfb1   Thumb Code     8  stm32h7xx_hal_uart_ex.o(.text.HAL_UARTEx_RxFifoFullCallback)
    HAL_UARTEx_SetRxFifoThreshold            0x0800bfb9   Thumb Code   140  stm32h7xx_hal_uart_ex.o(.text.HAL_UARTEx_SetRxFifoThreshold)
    HAL_UARTEx_SetTxFifoThreshold            0x0800c049   Thumb Code   140  stm32h7xx_hal_uart_ex.o(.text.HAL_UARTEx_SetTxFifoThreshold)
    HAL_UARTEx_TxFifoEmptyCallback           0x0800c0d9   Thumb Code     8  stm32h7xx_hal_uart_ex.o(.text.HAL_UARTEx_TxFifoEmptyCallback)
    HAL_UARTEx_WakeupCallback                0x0800c0e1   Thumb Code     8  stm32h7xx_hal_uart_ex.o(.text.HAL_UARTEx_WakeupCallback)
    HAL_UART_ErrorCallback                   0x0800c0e9   Thumb Code     8  stm32h7xx_hal_uart.o(.text.HAL_UART_ErrorCallback)
    HAL_UART_IRQHandler                      0x0800c0f1   Thumb Code  1790  stm32h7xx_hal_uart.o(.text.HAL_UART_IRQHandler)
    HAL_UART_Init                            0x0800c7f1   Thumb Code   170  stm32h7xx_hal_uart.o(.text.HAL_UART_Init)
    HAL_UART_MspInit                         0x0800c8a1   Thumb Code   348  usart.o(.text.HAL_UART_MspInit)
    HAL_UART_RxCpltCallback                  0x0800ca01   Thumb Code     8  stm32h7xx_hal_uart.o(.text.HAL_UART_RxCpltCallback)
    HAL_UART_RxHalfCpltCallback              0x0800ca09   Thumb Code     8  stm32h7xx_hal_uart.o(.text.HAL_UART_RxHalfCpltCallback)
    HAL_UART_Transmit_DMA                    0x0800ca11   Thumb Code   264  stm32h7xx_hal_uart.o(.text.HAL_UART_Transmit_DMA)
    HAL_UART_TxCpltCallback                  0x0800cb19   Thumb Code     8  stm32h7xx_hal_uart.o(.text.HAL_UART_TxCpltCallback)
    HAL_UART_TxHalfCpltCallback              0x0800cb21   Thumb Code     8  stm32h7xx_hal_uart.o(.text.HAL_UART_TxHalfCpltCallback)
    HardFault_Handler                        0x0800cb29   Thumb Code     4  stm32h7xx_it.o(.text.HardFault_Handler)
    MX_ADC1_Init                             0x0800cfe9   Thumb Code   206  adc.o(.text.MX_ADC1_Init)
    MX_ADC2_Init                             0x0800d0b9   Thumb Code   152  adc.o(.text.MX_ADC2_Init)
    MX_ADC3_Init                             0x0800d151   Thumb Code   162  adc.o(.text.MX_ADC3_Init)
    MX_DMA_Init                              0x0800d1f9   Thumb Code    76  dma.o(.text.MX_DMA_Init)
    MX_FMC_Init                              0x0800d249   Thumb Code   136  fmc.o(.text.MX_FMC_Init)
    MX_GPIO_Init                             0x0800d2d1   Thumb Code   486  gpio.o(.text.MX_GPIO_Init)
    MX_SPI4_Init                             0x0800d4b9   Thumb Code   106  spi.o(.text.MX_SPI4_Init)
    MX_TIM6_Init                             0x0800d529   Thumb Code    92  tim.o(.text.MX_TIM6_Init)
    MX_TIM7_Init                             0x0800d589   Thumb Code    92  tim.o(.text.MX_TIM7_Init)
    MX_USART1_UART_Init                      0x0800d5e9   Thumb Code   142  usart.o(.text.MX_USART1_UART_Init)
    MX_USART2_UART_Init                      0x0800d679   Thumb Code   142  usart.o(.text.MX_USART2_UART_Init)
    MainProcess                              0x0800d709   Thumb Code    88  bsp.o(.text.MainProcess)
    MemManage_Handler                        0x0800d779   Thumb Code     4  stm32h7xx_it.o(.text.MemManage_Handler)
    NMI_Handler                              0x0800d781   Thumb Code     4  stm32h7xx_it.o(.text.NMI_Handler)
    PendSV_Handler                           0x0800d7f9   Thumb Code     2  stm32h7xx_it.o(.text.PendSV_Handler)
    PeriphCommonClock_Config                 0x0800d801   Thumb Code    68  main.o(.text.PeriphCommonClock_Config)
    SVC_Handler                              0x0800dc19   Thumb Code     2  stm32h7xx_it.o(.text.SVC_Handler)
    SysTick_Handler                          0x0800dc79   Thumb Code     8  stm32h7xx_it.o(.text.SysTick_Handler)
    SystemClock_Config                       0x0800dc81   Thumb Code   208  main.o(.text.SystemClock_Config)
    SystemInit                               0x0800dd51   Thumb Code   358  system_stm32h7xx.o(.text.SystemInit)
    TIM_Base_SetConfig                       0x0800deb9   Thumb Code   452  stm32h7xx_hal_tim.o(.text.TIM_Base_SetConfig)
    UART_AdvFeatureConfig                    0x0800e109   Thumb Code   328  stm32h7xx_hal_uart.o(.text.UART_AdvFeatureConfig)
    UART_CheckIdleState                      0x0800e251   Thumb Code   326  stm32h7xx_hal_uart.o(.text.UART_CheckIdleState)
    UART_SetConfig                           0x0800e749   Thumb Code  2638  stm32h7xx_hal_uart.o(.text.UART_SetConfig)
    UART_Start_Receive_DMA                   0x0800f199   Thumb Code   302  stm32h7xx_hal_uart.o(.text.UART_Start_Receive_DMA)
    UART_WaitOnFlagUntilTimeout              0x0800f2c9   Thumb Code   268  stm32h7xx_hal_uart.o(.text.UART_WaitOnFlagUntilTimeout)
    USART1_IRQHandler                        0x0800f3d9   Thumb Code    16  stm32h7xx_it.o(.text.USART1_IRQHandler)
    USART2_IRQHandler                        0x0800f3e9   Thumb Code    16  stm32h7xx_it.o(.text.USART2_IRQHandler)
    UsageFault_Handler                       0x0800f3f9   Thumb Code     4  stm32h7xx_it.o(.text.UsageFault_Handler)
    main                                     0x0800f4c9   Thumb Code   292  main.o(.text.main)
    _btod_d2e                                0x0800f5ed   Thumb Code    62  btod.o(CL$$btod_d2e)
    _d2e_denorm_low                          0x0800f62b   Thumb Code    70  btod.o(CL$$btod_d2e_denorm_low)
    _d2e_norm_op1                            0x0800f671   Thumb Code    96  btod.o(CL$$btod_d2e_norm_op1)
    __btod_div_common                        0x0800f6d1   Thumb Code   696  btod.o(CL$$btod_div_common)
    _e2e                                     0x0800fa09   Thumb Code   220  btod.o(CL$$btod_e2e)
    _btod_ediv                               0x0800fae5   Thumb Code    42  btod.o(CL$$btod_ediv)
    _btod_emul                               0x0800fb0f   Thumb Code    42  btod.o(CL$$btod_emul)
    __btod_mult_common                       0x0800fb39   Thumb Code   580  btod.o(CL$$btod_mult_common)
    __ARM_fpclassify                         0x0800fd7d   Thumb Code    48  fpclassify.o(i.__ARM_fpclassify)
    _is_digit                                0x0800fdad   Thumb Code    14  __printf_wp.o(i._is_digit)
    _get_lc_numeric                          0x0800fdbd   Thumb Code    44  lc_numeric_c.o(locale$$code)
    _get_lc_ctype                            0x0800fde9   Thumb Code    44  lc_ctype_c.o(locale$$code)
    _fp_init                                 0x0800fe15   Thumb Code    26  fpinit.o(x$fpl$fpinit)
    __fplib_config_fpu_vfp                   0x0800fe2d   Thumb Code     0  fpinit.o(x$fpl$fpinit)
    __fplib_config_pureend_doubles           0x0800fe2d   Thumb Code     0  fpinit.o(x$fpl$fpinit)
    _printf_fp_dec                           0x0800fe2f   Thumb Code     4  printf1.o(x$fpl$printf1)
    _printf_fp_hex                           0x0800fe33   Thumb Code     4  printf2.o(x$fpl$printf2)
    __I$use$fp                               0x0800fe36   Number         0  usenofp.o(x$fpl$usenofp)
    D1CorePrescTable                         0x0800ff34   Data          16  system_stm32h7xx.o(.rodata.D1CorePrescTable)
    UARTPrescTable                           0x0800ff5c   Data          24  stm32h7xx_hal_uart.o(.rodata.UARTPrescTable)
    Region$$Table$$Base                      0x0800ff80   Number         0  anon$$obj.o(Region$$Table)
    Region$$Table$$Limit                     0x0800ffb0   Number         0  anon$$obj.o(Region$$Table)
    __ctype                                  0x0800ffd9   Data           0  lc_ctype_c.o(locale$$data)
    myDualADC                                0x20000000   Data        4112  bsp.o(.data.myDualADC)
    SystemCoreClock                          0x24000000   Data           4  system_stm32h7xx.o(.data.SystemCoreClock)
    SystemD2Clock                            0x24000004   Data           4  system_stm32h7xx.o(.data.SystemD2Clock)
    buart1                                   0x24000008   Data          12  bsp.o(.data.buart1)
    uwTickFreq                               0x24000014   Data           1  stm32h7xx_hal.o(.data.uwTickFreq)
    uwTickPrio                               0x24000018   Data           4  stm32h7xx_hal.o(.data.uwTickPrio)
    __libspace_start                         0x24000020   Data          96  libspace.o(.bss)
    __temporary_stack_top$libspace           0x24000080   Data           0  libspace.o(.bss)
    guart1_RxMsg                             0x24000088   Data         128  bsp.o(.bss.guart1_RxMsg)
    guart1_TxMsg                             0x24000108   Data         128  bsp.o(.bss.guart1_TxMsg)
    hadc1                                    0x24000188   Data         112  adc.o(.bss.hadc1)
    hadc2                                    0x240001f8   Data         112  adc.o(.bss.hadc2)
    hadc3                                    0x24000268   Data         112  adc.o(.bss.hadc3)
    hdma_adc1                                0x240002d8   Data         120  adc.o(.bss.hdma_adc1)
    hdma_adc2                                0x24000350   Data         120  adc.o(.bss.hdma_adc2)
    hspi4                                    0x240003c8   Data         136  spi.o(.bss.hspi4)
    hsram1                                   0x24000450   Data          76  fmc.o(.bss.hsram1)
    htim6                                    0x2400049c   Data          76  tim.o(.bss.htim6)
    htim7                                    0x240004e8   Data          76  tim.o(.bss.htim7)
    huart1                                   0x24000534   Data         148  usart.o(.bss.huart1)
    huart2                                   0x240005c8   Data         148  usart.o(.bss.huart2)
    uwTick                                   0x2400065c   Data           4  stm32h7xx_hal.o(.bss.uwTick)



==============================================================================

Memory Map of the image

  Image Entry point : 0x080002cd

  Load Region LR_IROM1 (Base: 0x08000000, Size: 0x00011110, Max: 0x00100000, ABSOLUTE, COMPRESSED[0x00010130])

    Execution Region ER_IROM1 (Exec base: 0x08000000, Load base: 0x08000000, Size: 0x000100dc, Max: 0x00100000, ABSOLUTE)

    Exec Addr    Load Addr    Size         Type   Attr      Idx    E Section Name        Object

    0x08000000   0x08000000   0x000002cc   Data   RO            3    RESET               startup_stm32h723xx.o
    0x080002cc   0x080002cc   0x00000008   Code   RO         2359  * !!!main             c_w.l(__main.o)
    0x080002d4   0x080002d4   0x0000005c   Code   RO         2708    !!!scatter          c_w.l(__scatter.o)
    0x08000330   0x08000330   0x0000003a   Code   RO         2706    !!dczerorl          c_w.l(__dczerorl.o)
    0x0800036a   0x0800036a   0x00000002   PAD
    0x0800036c   0x0800036c   0x0000001a   Code   RO         2712    !!handler_copy      c_w.l(__scatter_copy.o)
    0x08000386   0x08000386   0x00000002   PAD
    0x08000388   0x08000388   0x00000002   Code   RO         2709    !!handler_null      c_w.l(__scatter.o)
    0x0800038a   0x0800038a   0x00000002   PAD
    0x0800038c   0x0800038c   0x0000001c   Code   RO         2714    !!handler_zi        c_w.l(__scatter_zi.o)
    0x080003a8   0x080003a8   0x00000000   Code   RO         2447    .ARM.Collect$$_printf_percent$$00000000  c_w.l(_printf_percent.o)
    0x080003a8   0x080003a8   0x00000006   Code   RO         2436    .ARM.Collect$$_printf_percent$$00000001  c_w.l(_printf_n.o)
    0x080003ae   0x080003ae   0x00000006   Code   RO         2438    .ARM.Collect$$_printf_percent$$00000002  c_w.l(_printf_p.o)
    0x080003b4   0x080003b4   0x00000006   Code   RO         2443    .ARM.Collect$$_printf_percent$$00000003  c_w.l(_printf_f.o)
    0x080003ba   0x080003ba   0x00000006   Code   RO         2444    .ARM.Collect$$_printf_percent$$00000004  c_w.l(_printf_e.o)
    0x080003c0   0x080003c0   0x00000006   Code   RO         2445    .ARM.Collect$$_printf_percent$$00000005  c_w.l(_printf_g.o)
    0x080003c6   0x080003c6   0x00000006   Code   RO         2446    .ARM.Collect$$_printf_percent$$00000006  c_w.l(_printf_a.o)
    0x080003cc   0x080003cc   0x0000000a   Code   RO         2451    .ARM.Collect$$_printf_percent$$00000007  c_w.l(_printf_ll.o)
    0x080003d6   0x080003d6   0x00000006   Code   RO         2440    .ARM.Collect$$_printf_percent$$00000008  c_w.l(_printf_i.o)
    0x080003dc   0x080003dc   0x00000006   Code   RO         2441    .ARM.Collect$$_printf_percent$$00000009  c_w.l(_printf_d.o)
    0x080003e2   0x080003e2   0x00000006   Code   RO         2442    .ARM.Collect$$_printf_percent$$0000000A  c_w.l(_printf_u.o)
    0x080003e8   0x080003e8   0x00000006   Code   RO         2439    .ARM.Collect$$_printf_percent$$0000000B  c_w.l(_printf_o.o)
    0x080003ee   0x080003ee   0x00000006   Code   RO         2437    .ARM.Collect$$_printf_percent$$0000000C  c_w.l(_printf_x.o)
    0x080003f4   0x080003f4   0x00000006   Code   RO         2448    .ARM.Collect$$_printf_percent$$0000000D  c_w.l(_printf_lli.o)
    0x080003fa   0x080003fa   0x00000006   Code   RO         2449    .ARM.Collect$$_printf_percent$$0000000E  c_w.l(_printf_lld.o)
    0x08000400   0x08000400   0x00000006   Code   RO         2450    .ARM.Collect$$_printf_percent$$0000000F  c_w.l(_printf_llu.o)
    0x08000406   0x08000406   0x00000006   Code   RO         2455    .ARM.Collect$$_printf_percent$$00000010  c_w.l(_printf_llo.o)
    0x0800040c   0x0800040c   0x00000006   Code   RO         2456    .ARM.Collect$$_printf_percent$$00000011  c_w.l(_printf_llx.o)
    0x08000412   0x08000412   0x0000000a   Code   RO         2452    .ARM.Collect$$_printf_percent$$00000012  c_w.l(_printf_l.o)
    0x0800041c   0x0800041c   0x00000006   Code   RO         2434    .ARM.Collect$$_printf_percent$$00000013  c_w.l(_printf_c.o)
    0x08000422   0x08000422   0x00000006   Code   RO         2435    .ARM.Collect$$_printf_percent$$00000014  c_w.l(_printf_s.o)
    0x08000428   0x08000428   0x00000006   Code   RO         2453    .ARM.Collect$$_printf_percent$$00000015  c_w.l(_printf_lc.o)
    0x0800042e   0x0800042e   0x00000006   Code   RO         2454    .ARM.Collect$$_printf_percent$$00000016  c_w.l(_printf_ls.o)
    0x08000434   0x08000434   0x00000004   Code   RO         2499    .ARM.Collect$$_printf_percent$$00000017  c_w.l(_printf_percent_end.o)
    0x08000438   0x08000438   0x00000002   Code   RO         2554    .ARM.Collect$$libinit$$00000000  c_w.l(libinit.o)
    0x0800043a   0x0800043a   0x00000004   Code   RO         2578    .ARM.Collect$$libinit$$00000001  c_w.l(libinit2.o)
    0x0800043e   0x0800043e   0x00000000   Code   RO         2581    .ARM.Collect$$libinit$$00000004  c_w.l(libinit2.o)
    0x0800043e   0x0800043e   0x00000000   Code   RO         2583    .ARM.Collect$$libinit$$00000006  c_w.l(libinit2.o)
    0x0800043e   0x0800043e   0x00000000   Code   RO         2586    .ARM.Collect$$libinit$$0000000C  c_w.l(libinit2.o)
    0x0800043e   0x0800043e   0x00000000   Code   RO         2588    .ARM.Collect$$libinit$$0000000E  c_w.l(libinit2.o)
    0x0800043e   0x0800043e   0x00000000   Code   RO         2590    .ARM.Collect$$libinit$$00000010  c_w.l(libinit2.o)
    0x0800043e   0x0800043e   0x00000006   Code   RO         2591    .ARM.Collect$$libinit$$00000011  c_w.l(libinit2.o)
    0x08000444   0x08000444   0x00000000   Code   RO         2593    .ARM.Collect$$libinit$$00000013  c_w.l(libinit2.o)
    0x08000444   0x08000444   0x0000000c   Code   RO         2594    .ARM.Collect$$libinit$$00000014  c_w.l(libinit2.o)
    0x08000450   0x08000450   0x00000000   Code   RO         2595    .ARM.Collect$$libinit$$00000015  c_w.l(libinit2.o)
    0x08000450   0x08000450   0x00000000   Code   RO         2597    .ARM.Collect$$libinit$$00000017  c_w.l(libinit2.o)
    0x08000450   0x08000450   0x0000000a   Code   RO         2598    .ARM.Collect$$libinit$$00000018  c_w.l(libinit2.o)
    0x0800045a   0x0800045a   0x00000000   Code   RO         2599    .ARM.Collect$$libinit$$00000019  c_w.l(libinit2.o)
    0x0800045a   0x0800045a   0x00000000   Code   RO         2601    .ARM.Collect$$libinit$$0000001B  c_w.l(libinit2.o)
    0x0800045a   0x0800045a   0x00000000   Code   RO         2603    .ARM.Collect$$libinit$$0000001D  c_w.l(libinit2.o)
    0x0800045a   0x0800045a   0x00000000   Code   RO         2605    .ARM.Collect$$libinit$$0000001F  c_w.l(libinit2.o)
    0x0800045a   0x0800045a   0x00000000   Code   RO         2607    .ARM.Collect$$libinit$$00000021  c_w.l(libinit2.o)
    0x0800045a   0x0800045a   0x00000000   Code   RO         2609    .ARM.Collect$$libinit$$00000023  c_w.l(libinit2.o)
    0x0800045a   0x0800045a   0x00000000   Code   RO         2611    .ARM.Collect$$libinit$$00000025  c_w.l(libinit2.o)
    0x0800045a   0x0800045a   0x00000000   Code   RO         2613    .ARM.Collect$$libinit$$00000027  c_w.l(libinit2.o)
    0x0800045a   0x0800045a   0x00000000   Code   RO         2617    .ARM.Collect$$libinit$$0000002E  c_w.l(libinit2.o)
    0x0800045a   0x0800045a   0x00000000   Code   RO         2619    .ARM.Collect$$libinit$$00000030  c_w.l(libinit2.o)
    0x0800045a   0x0800045a   0x00000000   Code   RO         2621    .ARM.Collect$$libinit$$00000032  c_w.l(libinit2.o)
    0x0800045a   0x0800045a   0x00000000   Code   RO         2623    .ARM.Collect$$libinit$$00000034  c_w.l(libinit2.o)
    0x0800045a   0x0800045a   0x00000002   Code   RO         2624    .ARM.Collect$$libinit$$00000035  c_w.l(libinit2.o)
    0x0800045c   0x0800045c   0x00000002   Code   RO         2661    .ARM.Collect$$libshutdown$$00000000  c_w.l(libshutdown.o)
    0x0800045e   0x0800045e   0x00000000   Code   RO         2689    .ARM.Collect$$libshutdown$$00000002  c_w.l(libshutdown2.o)
    0x0800045e   0x0800045e   0x00000000   Code   RO         2691    .ARM.Collect$$libshutdown$$00000004  c_w.l(libshutdown2.o)
    0x0800045e   0x0800045e   0x00000000   Code   RO         2694    .ARM.Collect$$libshutdown$$00000007  c_w.l(libshutdown2.o)
    0x0800045e   0x0800045e   0x00000000   Code   RO         2697    .ARM.Collect$$libshutdown$$0000000A  c_w.l(libshutdown2.o)
    0x0800045e   0x0800045e   0x00000000   Code   RO         2699    .ARM.Collect$$libshutdown$$0000000C  c_w.l(libshutdown2.o)
    0x0800045e   0x0800045e   0x00000000   Code   RO         2702    .ARM.Collect$$libshutdown$$0000000F  c_w.l(libshutdown2.o)
    0x0800045e   0x0800045e   0x00000002   Code   RO         2703    .ARM.Collect$$libshutdown$$00000010  c_w.l(libshutdown2.o)
    0x08000460   0x08000460   0x00000000   Code   RO         2361    .ARM.Collect$$rtentry$$00000000  c_w.l(__rtentry.o)
    0x08000460   0x08000460   0x00000000   Code   RO         2466    .ARM.Collect$$rtentry$$00000002  c_w.l(__rtentry2.o)
    0x08000460   0x08000460   0x00000006   Code   RO         2478    .ARM.Collect$$rtentry$$00000004  c_w.l(__rtentry4.o)
    0x08000466   0x08000466   0x00000000   Code   RO         2468    .ARM.Collect$$rtentry$$00000009  c_w.l(__rtentry2.o)
    0x08000466   0x08000466   0x00000004   Code   RO         2469    .ARM.Collect$$rtentry$$0000000A  c_w.l(__rtentry2.o)
    0x0800046a   0x0800046a   0x00000000   Code   RO         2471    .ARM.Collect$$rtentry$$0000000C  c_w.l(__rtentry2.o)
    0x0800046a   0x0800046a   0x00000008   Code   RO         2472    .ARM.Collect$$rtentry$$0000000D  c_w.l(__rtentry2.o)
    0x08000472   0x08000472   0x00000002   Code   RO         2563    .ARM.Collect$$rtexit$$00000000  c_w.l(rtexit.o)
    0x08000474   0x08000474   0x00000000   Code   RO         2630    .ARM.Collect$$rtexit$$00000002  c_w.l(rtexit2.o)
    0x08000474   0x08000474   0x00000004   Code   RO         2631    .ARM.Collect$$rtexit$$00000003  c_w.l(rtexit2.o)
    0x08000478   0x08000478   0x00000006   Code   RO         2632    .ARM.Collect$$rtexit$$00000004  c_w.l(rtexit2.o)
    0x0800047e   0x0800047e   0x00000002   PAD
    0x08000480   0x08000480   0x00000048   Code   RO            4    .text               startup_stm32h723xx.o
    0x080004c8   0x080004c8   0x000000f0   Code   RO         2347    .text               c_w.l(lludivv7m.o)
    0x080005b8   0x080005b8   0x0000003c   Code   RO         2349    .text               c_w.l(vsnprintf.o)
    0x080005f4   0x080005f4   0x0000003e   Code   RO         2351    .text               c_w.l(strlen.o)
    0x08000632   0x08000632   0x00000044   Code   RO         2353    .text               c_w.l(rt_memclr.o)
    0x08000676   0x08000676   0x0000004e   Code   RO         2355    .text               c_w.l(rt_memclr_w.o)
    0x080006c4   0x080006c4   0x00000006   Code   RO         2357    .text               c_w.l(heapauxi.o)
    0x080006ca   0x080006ca   0x0000004e   Code   RO         2368    .text               c_w.l(_printf_pad.o)
    0x08000718   0x08000718   0x00000024   Code   RO         2370    .text               c_w.l(_printf_truncate.o)
    0x0800073c   0x0800073c   0x00000052   Code   RO         2372    .text               c_w.l(_printf_str.o)
    0x0800078e   0x0800078e   0x00000002   PAD
    0x08000790   0x08000790   0x00000078   Code   RO         2374    .text               c_w.l(_printf_dec.o)
    0x08000808   0x08000808   0x00000028   Code   RO         2376    .text               c_w.l(_printf_charcount.o)
    0x08000830   0x08000830   0x00000030   Code   RO         2378    .text               c_w.l(_printf_char_common.o)
    0x08000860   0x08000860   0x00000010   Code   RO         2380    .text               c_w.l(_snputc.o)
    0x08000870   0x08000870   0x000000bc   Code   RO         2382    .text               c_w.l(_printf_wctomb.o)
    0x0800092c   0x0800092c   0x0000007c   Code   RO         2385    .text               c_w.l(_printf_longlong_dec.o)
    0x080009a8   0x080009a8   0x00000070   Code   RO         2391    .text               c_w.l(_printf_oct_int_ll.o)
    0x08000a18   0x08000a18   0x00000094   Code   RO         2411    .text               c_w.l(_printf_hex_int_ll_ptr.o)
    0x08000aac   0x08000aac   0x00000188   Code   RO         2431    .text               c_w.l(__printf_flags_ss_wp.o)
    0x08000c34   0x08000c34   0x0000008a   Code   RO         2482    .text               c_w.l(lludiv10.o)
    0x08000cbe   0x08000cbe   0x000000b2   Code   RO         2484    .text               c_w.l(_printf_intcommon.o)
    0x08000d70   0x08000d70   0x0000041c   Code   RO         2486    .text               c_w.l(_printf_fp_dec.o)
    0x0800118c   0x0800118c   0x000002fc   Code   RO         2490    .text               c_w.l(_printf_fp_hex.o)
    0x08001488   0x08001488   0x0000002c   Code   RO         2495    .text               c_w.l(_printf_char.o)
    0x080014b4   0x080014b4   0x0000002c   Code   RO         2497    .text               c_w.l(_printf_wchar.o)
    0x080014e0   0x080014e0   0x00000048   Code   RO         2500    .text               c_w.l(_c16rtomb.o)
    0x08001528   0x08001528   0x0000004a   Code   RO         2502    .text               c_w.l(sys_stackheap_outer.o)
    0x08001572   0x08001572   0x00000002   PAD
    0x08001574   0x08001574   0x00000010   Code   RO         2504    .text               c_w.l(rt_ctype_table.o)
    0x08001584   0x08001584   0x00000008   Code   RO         2509    .text               c_w.l(rt_locale_intlibspace.o)
    0x0800158c   0x0800158c   0x00000080   Code   RO         2511    .text               c_w.l(_printf_fp_infnan.o)
    0x0800160c   0x0800160c   0x000000e4   Code   RO         2513    .text               c_w.l(bigflt0.o)
    0x080016f0   0x080016f0   0x00000012   Code   RO         2543    .text               c_w.l(exit.o)
    0x08001702   0x08001702   0x00000002   PAD
    0x08001704   0x08001704   0x00000008   Code   RO         2560    .text               c_w.l(libspace.o)
    0x0800170c   0x0800170c   0x00000004   PAD
    0x08001710   0x08001710   0x0000007c   Code   RO         2576    .text               c_w.l(strcmpv7m_pel.o)
    0x0800178c   0x0800178c   0x0000000c   Code   RO         2625    .text               c_w.l(sys_exit.o)
    0x08001798   0x08001798   0x00000002   Code   RO         2650    .text               c_w.l(use_no_semi.o)
    0x0800179a   0x0800179a   0x00000000   Code   RO         2652    .text               c_w.l(indicate_semi.o)
    0x0800179a   0x0800179a   0x00000006   PAD
    0x080017a0   0x080017a0   0x000000f8   Code   RO         2181    .text.AD9959_Config  bsp_ad9959.o
    0x08001898   0x08001898   0x00000080   Code   RO         2177    .text.AD9959_Init   bsp_ad9959.o
    0x08001918   0x08001918   0x0000006c   Code   RO         2179    .text.AD9959_Transmit  bsp_ad9959.o
    0x08001984   0x08001984   0x00000004   PAD
    0x08001988   0x08001988   0x000001da   Code   RO          207    .text.ADC_ConfigureBoostMode  stm32h7xx_hal_adc.o
    0x08001b62   0x08001b62   0x00000006   PAD
    0x08001b68   0x08001b68   0x0000001c   Code   RO          166    .text.ADC_IRQHandler  stm32h7xx_it.o
    0x08001b84   0x08001b84   0x00000004   PAD
    0x08001b88   0x08001b88   0x000001c2   Code   RO         2270    .text.BSP_UART_ReceiveToIdle_DMA  bsp_uart.o
    0x08001d4a   0x08001d4a   0x00000006   PAD
    0x08001d50   0x08001d50   0x00000076   Code   RO         2272    .text.BSP_UART_Transmit_DMA  bsp_uart.o
    0x08001dc6   0x08001dc6   0x00000002   PAD
    0x08001dc8   0x08001dc8   0x00000004   Code   RO          150    .text.BusFault_Handler  stm32h7xx_it.o
    0x08001dcc   0x08001dcc   0x00000004   PAD
    0x08001dd0   0x08001dd0   0x00000010   Code   RO          162    .text.DMA1_Stream0_IRQHandler  stm32h7xx_it.o
    0x08001de0   0x08001de0   0x00000010   Code   RO          164    .text.DMA1_Stream1_IRQHandler  stm32h7xx_it.o
    0x08001df0   0x08001df0   0x000001ca   Code   RO          726    .text.DMA_CalcBaseAndBitshift  stm32h7xx_hal_dma.o
    0x08001fba   0x08001fba   0x00000006   PAD
    0x08001fc0   0x08001fc0   0x00000178   Code   RO          728    .text.DMA_CalcDMAMUXChannelBaseAndMask  stm32h7xx_hal_dma.o
    0x08002138   0x08002138   0x0000012a   Code   RO          730    .text.DMA_CalcDMAMUXRequestGenBaseAndMask  stm32h7xx_hal_dma.o
    0x08002262   0x08002262   0x00000006   PAD
    0x08002268   0x08002268   0x000000f0   Code   RO          724    .text.DMA_CheckFifoParam  stm32h7xx_hal_dma.o
    0x08002358   0x08002358   0x00000514   Code   RO          736    .text.DMA_SetConfig  stm32h7xx_hal_dma.o
    0x0800286c   0x0800286c   0x00000004   PAD
    0x08002870   0x08002870   0x00000002   Code   RO          156    .text.DebugMon_Handler  stm32h7xx_it.o
    0x08002872   0x08002872   0x00000006   PAD
    0x08002878   0x08002878   0x0000000e   Code   RO           19    .text.Error_Handler  main.o
    0x08002886   0x08002886   0x00000002   PAD
    0x08002888   0x08002888   0x00000028   Code   RO         2140    .text.ExitRun0Mode  system_stm32h7xx.o
    0x080028b0   0x080028b0   0x00000064   Code   RO         1376    .text.FMC_NORSRAM_Extended_Timing_Init  stm32h7xx_ll_fmc.o
    0x08002914   0x08002914   0x00000004   PAD
    0x08002918   0x08002918   0x0000010c   Code   RO         1370    .text.FMC_NORSRAM_Init  stm32h7xx_ll_fmc.o
    0x08002a24   0x08002a24   0x00000004   PAD
    0x08002a28   0x08002a28   0x00000086   Code   RO         1374    .text.FMC_NORSRAM_Timing_Init  stm32h7xx_ll_fmc.o
    0x08002aae   0x08002aae   0x00000002   PAD
    0x08002ab0   0x08002ab0   0x00000008   Code   RO          412    .text.HAL_ADCEx_EndOfSamplingCallback  stm32h7xx_hal_adc_ex.o
    0x08002ab8   0x08002ab8   0x00000008   Code   RO          404    .text.HAL_ADCEx_InjectedConvCpltCallback  stm32h7xx_hal_adc_ex.o
    0x08002ac0   0x08002ac0   0x00000008   Code   RO          406    .text.HAL_ADCEx_InjectedQueueOverflowCallback  stm32h7xx_hal_adc_ex.o
    0x08002ac8   0x08002ac8   0x00000008   Code   RO          408    .text.HAL_ADCEx_LevelOutOfWindow2Callback  stm32h7xx_hal_adc_ex.o
    0x08002ad0   0x08002ad0   0x00000008   Code   RO          410    .text.HAL_ADCEx_LevelOutOfWindow3Callback  stm32h7xx_hal_adc_ex.o
    0x08002ad8   0x08002ad8   0x00000292   Code   RO          446    .text.HAL_ADCEx_MultiModeConfigChannel  stm32h7xx_hal_adc_ex.o
    0x08002d6a   0x08002d6a   0x00000006   PAD
    0x08002d70   0x08002d70   0x00000d2c   Code   RO          269    .text.HAL_ADC_ConfigChannel  stm32h7xx_hal_adc.o
    0x08003a9c   0x08003a9c   0x00000004   PAD
    0x08003aa0   0x08003aa0   0x0000002c   Code   RO         2158    .text.HAL_ADC_ConvCpltCallback  bsp.o
    0x08003acc   0x08003acc   0x00000004   PAD
    0x08003ad0   0x08003ad0   0x00000008   Code   RO          265    .text.HAL_ADC_ErrorCallback  stm32h7xx_hal_adc.o
    0x08003ad8   0x08003ad8   0x00000538   Code   RO          257    .text.HAL_ADC_IRQHandler  stm32h7xx_hal_adc.o
    0x08004010   0x08004010   0x00000502   Code   RO          187    .text.HAL_ADC_Init  stm32h7xx_hal_adc.o
    0x08004512   0x08004512   0x00000006   PAD
    0x08004518   0x08004518   0x00000008   Code   RO          263    .text.HAL_ADC_LevelOutOfWindowCallback  stm32h7xx_hal_adc.o
    0x08004520   0x08004520   0x0000025e   Code   RO           43    .text.HAL_ADC_MspInit  adc.o
    0x0800477e   0x0800477e   0x00000002   PAD
    0x08004780   0x08004780   0x00000978   Code   RO          740    .text.HAL_DMA_Abort  stm32h7xx_hal_dma.o
    0x080050f8   0x080050f8   0x000006aa   Code   RO          742    .text.HAL_DMA_Abort_IT  stm32h7xx_hal_dma.o
    0x080057a2   0x080057a2   0x00000006   PAD
    0x080057a8   0x080057a8   0x000011c0   Code   RO          746    .text.HAL_DMA_IRQHandler  stm32h7xx_hal_dma.o
    0x08006968   0x08006968   0x00000960   Code   RO          722    .text.HAL_DMA_Init  stm32h7xx_hal_dma.o
    0x080072c8   0x080072c8   0x00000702   Code   RO          738    .text.HAL_DMA_Start_IT  stm32h7xx_hal_dma.o
    0x080079ca   0x080079ca   0x00000006   PAD
    0x080079d0   0x080079d0   0x00000042   Code   RO         1059    .text.HAL_Delay     stm32h7xx_hal.o
    0x08007a12   0x08007a12   0x00000006   PAD
    0x08007a18   0x08007a18   0x0000014c   Code   RO           80    .text.HAL_FMC_MspInit  fmc.o
    0x08007b64   0x08007b64   0x00000004   PAD
    0x08007b68   0x08007b68   0x000003a8   Code   RO          670    .text.HAL_GPIO_Init  stm32h7xx_hal_gpio.o
    0x08007f10   0x08007f10   0x0000002e   Code   RO          676    .text.HAL_GPIO_WritePin  stm32h7xx_hal_gpio.o
    0x08007f3e   0x08007f3e   0x00000002   PAD
    0x08007f40   0x08007f40   0x0000000c   Code   RO         1051    .text.HAL_GetTick   stm32h7xx_hal.o
    0x08007f4c   0x08007f4c   0x00000004   PAD
    0x08007f50   0x08007f50   0x0000001a   Code   RO         1049    .text.HAL_IncTick   stm32h7xx_hal.o
    0x08007f6a   0x08007f6a   0x00000006   PAD
    0x08007f70   0x08007f70   0x0000007a   Code   RO         1039    .text.HAL_Init      stm32h7xx_hal.o
    0x08007fea   0x08007fea   0x00000006   PAD
    0x08007ff0   0x08007ff0   0x00000086   Code   RO         1041    .text.HAL_InitTick  stm32h7xx_hal.o
    0x08008076   0x08008076   0x00000002   PAD
    0x08008078   0x08008078   0x00000080   Code   RO          998    .text.HAL_MPU_ConfigRegion  stm32h7xx_hal_cortex.o
    0x080080f8   0x080080f8   0x00000022   Code   RO          990    .text.HAL_MPU_Disable  stm32h7xx_hal_cortex.o
    0x0800811a   0x0800811a   0x00000006   PAD
    0x08008120   0x08008120   0x00000030   Code   RO          992    .text.HAL_MPU_Enable  stm32h7xx_hal_cortex.o
    0x08008150   0x08008150   0x00000024   Code   RO          179    .text.HAL_MspInit   stm32h7xx_hal_msp.o
    0x08008174   0x08008174   0x00000004   PAD
    0x08008178   0x08008178   0x00000014   Code   RO          974    .text.HAL_NVIC_EnableIRQ  stm32h7xx_hal_cortex.o
    0x0800818c   0x0800818c   0x00000004   PAD
    0x08008190   0x08008190   0x0000002e   Code   RO          966    .text.HAL_NVIC_SetPriority  stm32h7xx_hal_cortex.o
    0x080081be   0x080081be   0x00000002   PAD
    0x080081c0   0x080081c0   0x00000010   Code   RO          962    .text.HAL_NVIC_SetPriorityGrouping  stm32h7xx_hal_cortex.o
    0x080081d0   0x080081d0   0x000000a2   Code   RO          879    .text.HAL_PWREx_ConfigSupply  stm32h7xx_hal_pwr_ex.o
    0x08008272   0x08008272   0x00000006   PAD
    0x08008278   0x08008278   0x00000026   Code   RO          520    .text.HAL_RCCEx_GetD3PCLK1Freq  stm32h7xx_hal_rcc_ex.o
    0x0800829e   0x0800829e   0x00000002   PAD
    0x080082a0   0x080082a0   0x00000298   Code   RO          514    .text.HAL_RCCEx_GetPLL1ClockFreq  stm32h7xx_hal_rcc_ex.o
    0x08008538   0x08008538   0x00000298   Code   RO          516    .text.HAL_RCCEx_GetPLL2ClockFreq  stm32h7xx_hal_rcc_ex.o
    0x080087d0   0x080087d0   0x00000298   Code   RO          518    .text.HAL_RCCEx_GetPLL3ClockFreq  stm32h7xx_hal_rcc_ex.o
    0x08008a68   0x08008a68   0x00000ad2   Code   RO          512    .text.HAL_RCCEx_GetPeriphCLKFreq  stm32h7xx_hal_rcc_ex.o
    0x0800953a   0x0800953a   0x00000006   PAD
    0x08009540   0x08009540   0x00000fec   Code   RO          504    .text.HAL_RCCEx_PeriphCLKConfig  stm32h7xx_hal_rcc_ex.o
    0x0800a52c   0x0800a52c   0x00000004   PAD
    0x0800a530   0x0800a530   0x00000498   Code   RO          473    .text.HAL_RCC_ClockConfig  stm32h7xx_hal_rcc.o
    0x0800a9c8   0x0800a9c8   0x00000056   Code   RO          483    .text.HAL_RCC_GetHCLKFreq  stm32h7xx_hal_rcc.o
    0x0800aa1e   0x0800aa1e   0x00000002   PAD
    0x0800aa20   0x0800aa20   0x00000026   Code   RO          485    .text.HAL_RCC_GetPCLK1Freq  stm32h7xx_hal_rcc.o
    0x0800aa46   0x0800aa46   0x00000002   PAD
    0x0800aa48   0x0800aa48   0x00000026   Code   RO          487    .text.HAL_RCC_GetPCLK2Freq  stm32h7xx_hal_rcc.o
    0x0800aa6e   0x0800aa6e   0x00000002   PAD
    0x0800aa70   0x0800aa70   0x000002fc   Code   RO          475    .text.HAL_RCC_GetSysClockFreq  stm32h7xx_hal_rcc.o
    0x0800ad6c   0x0800ad6c   0x00000004   PAD
    0x0800ad70   0x0800ad70   0x00000a20   Code   RO          471    .text.HAL_RCC_OscConfig  stm32h7xx_hal_rcc.o
    0x0800b790   0x0800b790   0x00000292   Code   RO         1471    .text.HAL_SPI_Init  stm32h7xx_hal_spi.o
    0x0800ba22   0x0800ba22   0x00000006   PAD
    0x0800ba28   0x0800ba28   0x000000aa   Code   RO           98    .text.HAL_SPI_MspInit  spi.o
    0x0800bad2   0x0800bad2   0x00000006   PAD
    0x0800bad8   0x0800bad8   0x00000090   Code   RO         1422    .text.HAL_SRAM_Init  stm32h7xx_hal_sram.o
    0x0800bb68   0x0800bb68   0x0000000e   Code   RO           78    .text.HAL_SRAM_MspInit  fmc.o
    0x0800bb76   0x0800bb76   0x00000002   PAD
    0x0800bb78   0x0800bb78   0x0000001e   Code   RO         1089    .text.HAL_SYSCFG_AnalogSwitchConfig  stm32h7xx_hal.o
    0x0800bb96   0x0800bb96   0x00000002   PAD
    0x0800bb98   0x0800bb98   0x00000010   Code   RO          986    .text.HAL_SYSTICK_Config  stm32h7xx_hal_cortex.o
    0x0800bba8   0x0800bba8   0x0000017c   Code   RO         1908    .text.HAL_TIMEx_MasterConfigSynchronization  stm32h7xx_hal_tim_ex.o
    0x0800bd24   0x0800bd24   0x00000004   PAD
    0x0800bd28   0x0800bd28   0x000000a8   Code   RO         1591    .text.HAL_TIM_Base_Init  stm32h7xx_hal_tim.o
    0x0800bdd0   0x0800bdd0   0x0000006e   Code   RO          114    .text.HAL_TIM_Base_MspInit  tim.o
    0x0800be3e   0x0800be3e   0x00000002   PAD
    0x0800be40   0x0800be40   0x0000007c   Code   RO         2113    .text.HAL_UARTEx_DisableFifoMode  stm32h7xx_hal_uart_ex.o
    0x0800bebc   0x0800bebc   0x00000004   PAD
    0x0800bec0   0x0800bec0   0x000000b0   Code   RO         2123    .text.HAL_UARTEx_ReceiveToIdle_DMA  stm32h7xx_hal_uart_ex.o
    0x0800bf70   0x0800bf70   0x00000040   Code   RO         2154    .text.HAL_UARTEx_RxEventCallback  bsp.o
    0x0800bfb0   0x0800bfb0   0x00000008   Code   RO         2095    .text.HAL_UARTEx_RxFifoFullCallback  stm32h7xx_hal_uart_ex.o
    0x0800bfb8   0x0800bfb8   0x0000008c   Code   RO         2117    .text.HAL_UARTEx_SetRxFifoThreshold  stm32h7xx_hal_uart_ex.o
    0x0800c044   0x0800c044   0x00000004   PAD
    0x0800c048   0x0800c048   0x0000008c   Code   RO         2115    .text.HAL_UARTEx_SetTxFifoThreshold  stm32h7xx_hal_uart_ex.o
    0x0800c0d4   0x0800c0d4   0x00000004   PAD
    0x0800c0d8   0x0800c0d8   0x00000008   Code   RO         2097    .text.HAL_UARTEx_TxFifoEmptyCallback  stm32h7xx_hal_uart_ex.o
    0x0800c0e0   0x0800c0e0   0x00000008   Code   RO         2093    .text.HAL_UARTEx_WakeupCallback  stm32h7xx_hal_uart_ex.o
    0x0800c0e8   0x0800c0e8   0x00000008   Code   RO         2035    .text.HAL_UART_ErrorCallback  stm32h7xx_hal_uart.o
    0x0800c0f0   0x0800c0f0   0x000006fe   Code   RO         2031    .text.HAL_UART_IRQHandler  stm32h7xx_hal_uart.o
    0x0800c7ee   0x0800c7ee   0x00000002   PAD
    0x0800c7f0   0x0800c7f0   0x000000aa   Code   RO         1943    .text.HAL_UART_Init  stm32h7xx_hal_uart.o
    0x0800c89a   0x0800c89a   0x00000006   PAD
    0x0800c8a0   0x0800c8a0   0x0000015c   Code   RO          131    .text.HAL_UART_MspInit  usart.o
    0x0800c9fc   0x0800c9fc   0x00000004   PAD
    0x0800ca00   0x0800ca00   0x00000008   Code   RO         2045    .text.HAL_UART_RxCpltCallback  stm32h7xx_hal_uart.o
    0x0800ca08   0x0800ca08   0x00000008   Code   RO         2047    .text.HAL_UART_RxHalfCpltCallback  stm32h7xx_hal_uart.o
    0x0800ca10   0x0800ca10   0x00000108   Code   RO         1983    .text.HAL_UART_Transmit_DMA  stm32h7xx_hal_uart.o
    0x0800cb18   0x0800cb18   0x00000008   Code   RO         2041    .text.HAL_UART_TxCpltCallback  stm32h7xx_hal_uart.o
    0x0800cb20   0x0800cb20   0x00000008   Code   RO         2043    .text.HAL_UART_TxHalfCpltCallback  stm32h7xx_hal_uart.o
    0x0800cb28   0x0800cb28   0x00000004   Code   RO          146    .text.HardFault_Handler  stm32h7xx_it.o
    0x0800cb2c   0x0800cb2c   0x00000004   PAD
    0x0800cb30   0x0800cb30   0x00000018   Code   RO          193    .text.LL_ADC_DisableDeepPowerDown  stm32h7xx_hal_adc.o
    0x0800cb48   0x0800cb48   0x0000001e   Code   RO          197    .text.LL_ADC_EnableInternalRegulator  stm32h7xx_hal_adc.o
    0x0800cb66   0x0800cb66   0x00000002   PAD
    0x0800cb68   0x0800cb68   0x00000010   Code   RO          293    .text.LL_ADC_GetCommonPathInternalCh  stm32h7xx_hal_adc.o
    0x0800cb78   0x0800cb78   0x00000010   Code   RO          229    .text.LL_ADC_GetMultiDMATransfer  stm32h7xx_hal_adc.o
    0x0800cb88   0x0800cb88   0x00000010   Code   RO          219    .text.LL_ADC_GetMultimode  stm32h7xx_hal_adc.o
    0x0800cb98   0x0800cb98   0x0000001e   Code   RO          285    .text.LL_ADC_GetOffsetChannel  stm32h7xx_hal_adc.o
    0x0800cbb6   0x0800cbb6   0x00000002   PAD
    0x0800cbb8   0x0800cbb8   0x00000010   Code   RO          205    .text.LL_ADC_INJ_IsConversionOngoing  stm32h7xx_hal_adc.o
    0x0800cbc8   0x0800cbc8   0x00000016   Code   RO          261    .text.LL_ADC_INJ_IsTriggerSourceSWStart  stm32h7xx_hal_adc.o
    0x0800cbde   0x0800cbde   0x00000002   PAD
    0x0800cbe0   0x0800cbe0   0x00000010   Code   RO          191    .text.LL_ADC_IsDeepPowerDownEnabled  stm32h7xx_hal_adc.o
    0x0800cbf0   0x0800cbf0   0x00000010   Code   RO          201    .text.LL_ADC_IsEnabled  stm32h7xx_hal_adc.o
    0x0800cc00   0x0800cc00   0x00000010   Code   RO          354    .text.LL_ADC_IsEnabled  stm32h7xx_hal_adc_ex.o
    0x0800cc10   0x0800cc10   0x00000010   Code   RO          195    .text.LL_ADC_IsInternalRegulatorEnabled  stm32h7xx_hal_adc.o
    0x0800cc20   0x0800cc20   0x00000010   Code   RO          199    .text.LL_ADC_REG_IsConversionOngoing  stm32h7xx_hal_adc.o
    0x0800cc30   0x0800cc30   0x00000010   Code   RO          356    .text.LL_ADC_REG_IsConversionOngoing  stm32h7xx_hal_adc_ex.o
    0x0800cc40   0x0800cc40   0x00000016   Code   RO          231    .text.LL_ADC_REG_IsTriggerSourceSWStart  stm32h7xx_hal_adc.o
    0x0800cc56   0x0800cc56   0x00000002   PAD
    0x0800cc58   0x0800cc58   0x0000003a   Code   RO          271    .text.LL_ADC_REG_SetSequencerRanks  stm32h7xx_hal_adc.o
    0x0800cc92   0x0800cc92   0x00000006   PAD
    0x0800cc98   0x0800cc98   0x0000006c   Code   RO          291    .text.LL_ADC_SetChannelPreselection  stm32h7xx_hal_adc.o
    0x0800cd04   0x0800cd04   0x00000004   PAD
    0x0800cd08   0x0800cd08   0x00000036   Code   RO          273    .text.LL_ADC_SetChannelSamplingTime  stm32h7xx_hal_adc.o
    0x0800cd3e   0x0800cd3e   0x00000002   PAD
    0x0800cd40   0x0800cd40   0x00000070   Code   RO          289    .text.LL_ADC_SetChannelSingleDiff  stm32h7xx_hal_adc.o
    0x0800cdb0   0x0800cdb0   0x0000001a   Code   RO          203    .text.LL_ADC_SetCommonClock  stm32h7xx_hal_adc.o
    0x0800cdca   0x0800cdca   0x00000006   PAD
    0x0800cdd0   0x0800cdd0   0x0000001a   Code   RO          295    .text.LL_ADC_SetCommonPathInternalCh  stm32h7xx_hal_adc.o
    0x0800cdea   0x0800cdea   0x00000006   PAD
    0x0800cdf0   0x0800cdf0   0x00000024   Code   RO          283    .text.LL_ADC_SetDataRightShift  stm32h7xx_hal_adc.o
    0x0800ce14   0x0800ce14   0x00000004   PAD
    0x0800ce18   0x0800ce18   0x0000005c   Code   RO          275    .text.LL_ADC_SetOffset  stm32h7xx_hal_adc.o
    0x0800ce74   0x0800ce74   0x00000004   PAD
    0x0800ce78   0x0800ce78   0x0000003a   Code   RO          279    .text.LL_ADC_SetOffsetSaturation  stm32h7xx_hal_adc.o
    0x0800ceb2   0x0800ceb2   0x00000006   PAD
    0x0800ceb8   0x0800ceb8   0x0000003a   Code   RO          277    .text.LL_ADC_SetOffsetSign  stm32h7xx_hal_adc.o
    0x0800cef2   0x0800cef2   0x00000006   PAD
    0x0800cef8   0x0800cef8   0x0000003c   Code   RO          281    .text.LL_ADC_SetOffsetSignedSaturation  stm32h7xx_hal_adc.o
    0x0800cf34   0x0800cf34   0x00000004   PAD
    0x0800cf38   0x0800cf38   0x0000004c   Code   RO          287    .text.LL_ADC_SetOffsetState  stm32h7xx_hal_adc.o
    0x0800cf84   0x0800cf84   0x00000004   PAD
    0x0800cf88   0x0800cf88   0x0000005a   Code   RO           13    .text.MPU_Config    main.o
    0x0800cfe2   0x0800cfe2   0x00000006   PAD
    0x0800cfe8   0x0800cfe8   0x000000ce   Code   RO           37    .text.MX_ADC1_Init  adc.o
    0x0800d0b6   0x0800d0b6   0x00000002   PAD
    0x0800d0b8   0x0800d0b8   0x00000098   Code   RO           39    .text.MX_ADC2_Init  adc.o
    0x0800d150   0x0800d150   0x000000a2   Code   RO           41    .text.MX_ADC3_Init  adc.o
    0x0800d1f2   0x0800d1f2   0x00000006   PAD
    0x0800d1f8   0x0800d1f8   0x0000004c   Code   RO           68    .text.MX_DMA_Init   dma.o
    0x0800d244   0x0800d244   0x00000004   PAD
    0x0800d248   0x0800d248   0x00000088   Code   RO           76    .text.MX_FMC_Init   fmc.o
    0x0800d2d0   0x0800d2d0   0x000001e6   Code   RO           29    .text.MX_GPIO_Init  gpio.o
    0x0800d4b6   0x0800d4b6   0x00000002   PAD
    0x0800d4b8   0x0800d4b8   0x0000006a   Code   RO           96    .text.MX_SPI4_Init  spi.o
    0x0800d522   0x0800d522   0x00000006   PAD
    0x0800d528   0x0800d528   0x0000005c   Code   RO          110    .text.MX_TIM6_Init  tim.o
    0x0800d584   0x0800d584   0x00000004   PAD
    0x0800d588   0x0800d588   0x0000005c   Code   RO          112    .text.MX_TIM7_Init  tim.o
    0x0800d5e4   0x0800d5e4   0x00000004   PAD
    0x0800d5e8   0x0800d5e8   0x0000008e   Code   RO          127    .text.MX_USART1_UART_Init  usart.o
    0x0800d676   0x0800d676   0x00000002   PAD
    0x0800d678   0x0800d678   0x0000008e   Code   RO          129    .text.MX_USART2_UART_Init  usart.o
    0x0800d706   0x0800d706   0x00000002   PAD
    0x0800d708   0x0800d708   0x0000006c   Code   RO         2152    .text.MainProcess   bsp.o
    0x0800d774   0x0800d774   0x00000004   PAD
    0x0800d778   0x0800d778   0x00000004   Code   RO          148    .text.MemManage_Handler  stm32h7xx_it.o
    0x0800d77c   0x0800d77c   0x00000004   PAD
    0x0800d780   0x0800d780   0x00000004   Code   RO          144    .text.NMI_Handler   stm32h7xx_it.o
    0x0800d784   0x0800d784   0x00000004   PAD
    0x0800d788   0x0800d788   0x0000006c   Code   RO          972    .text.NVIC_EncodePriority  stm32h7xx_hal_cortex.o
    0x0800d7f4   0x0800d7f4   0x00000004   PAD
    0x0800d7f8   0x0800d7f8   0x00000002   Code   RO          158    .text.PendSV_Handler  stm32h7xx_it.o
    0x0800d7fa   0x0800d7fa   0x00000006   PAD
    0x0800d800   0x0800d800   0x00000044   Code   RO           17    .text.PeriphCommonClock_Config  main.o
    0x0800d844   0x0800d844   0x00000004   PAD
    0x0800d848   0x0800d848   0x000001ca   Code   RO          506    .text.RCCEx_PLL2_Config  stm32h7xx_hal_rcc_ex.o
    0x0800da12   0x0800da12   0x00000006   PAD
    0x0800da18   0x0800da18   0x000001ca   Code   RO          508    .text.RCCEx_PLL3_Config  stm32h7xx_hal_rcc_ex.o
    0x0800dbe2   0x0800dbe2   0x00000006   PAD
    0x0800dbe8   0x0800dbe8   0x0000002a   Code   RO         1473    .text.SPI_GetPacketSize  stm32h7xx_hal_spi.o
    0x0800dc12   0x0800dc12   0x00000006   PAD
    0x0800dc18   0x0800dc18   0x00000002   Code   RO          154    .text.SVC_Handler   stm32h7xx_it.o
    0x0800dc1a   0x0800dc1a   0x00000006   PAD
    0x0800dc20   0x0800dc20   0x00000052   Code   RO          988    .text.SysTick_Config  stm32h7xx_hal_cortex.o
    0x0800dc72   0x0800dc72   0x00000006   PAD
    0x0800dc78   0x0800dc78   0x00000008   Code   RO          160    .text.SysTick_Handler  stm32h7xx_it.o
    0x0800dc80   0x0800dc80   0x000000d0   Code   RO           15    .text.SystemClock_Config  main.o
    0x0800dd50   0x0800dd50   0x00000166   Code   RO         2136    .text.SystemInit    system_stm32h7xx.o
    0x0800deb6   0x0800deb6   0x00000002   PAD
    0x0800deb8   0x0800deb8   0x000001c4   Code   RO         1595    .text.TIM_Base_SetConfig  stm32h7xx_hal_tim.o
    0x0800e07c   0x0800e07c   0x00000004   PAD
    0x0800e080   0x0800e080   0x00000086   Code   RO         2111    .text.UARTEx_SetNbDataToProcess  stm32h7xx_hal_uart_ex.o
    0x0800e106   0x0800e106   0x00000002   PAD
    0x0800e108   0x0800e108   0x00000148   Code   RO         1947    .text.UART_AdvFeatureConfig  stm32h7xx_hal_uart.o
    0x0800e250   0x0800e250   0x00000146   Code   RO         1951    .text.UART_CheckIdleState  stm32h7xx_hal_uart.o
    0x0800e396   0x0800e396   0x00000002   PAD
    0x0800e398   0x0800e398   0x0000001e   Code   RO         2033    .text.UART_DMAAbortOnError  stm32h7xx_hal_uart.o
    0x0800e3b6   0x0800e3b6   0x00000002   PAD
    0x0800e3b8   0x0800e3b8   0x00000080   Code   RO         1989    .text.UART_DMAError  stm32h7xx_hal_uart.o
    0x0800e438   0x0800e438   0x000000f6   Code   RO         2079    .text.UART_DMAReceiveCplt  stm32h7xx_hal_uart.o
    0x0800e52e   0x0800e52e   0x00000002   PAD
    0x0800e530   0x0800e530   0x00000036   Code   RO         2081    .text.UART_DMARxHalfCplt  stm32h7xx_hal_uart.o
    0x0800e566   0x0800e566   0x00000002   PAD
    0x0800e568   0x0800e568   0x0000007a   Code   RO         1985    .text.UART_DMATransmitCplt  stm32h7xx_hal_uart.o
    0x0800e5e2   0x0800e5e2   0x00000006   PAD
    0x0800e5e8   0x0800e5e8   0x00000016   Code   RO         1987    .text.UART_DMATxHalfCplt  stm32h7xx_hal_uart.o
    0x0800e5fe   0x0800e5fe   0x00000002   PAD
    0x0800e600   0x0800e600   0x0000009e   Code   RO         2003    .text.UART_EndRxTransfer  stm32h7xx_hal_uart.o
    0x0800e69e   0x0800e69e   0x00000002   PAD
    0x0800e6a0   0x0800e6a0   0x00000044   Code   RO         2039    .text.UART_EndTransmit_IT  stm32h7xx_hal_uart.o
    0x0800e6e4   0x0800e6e4   0x00000004   PAD
    0x0800e6e8   0x0800e6e8   0x0000005c   Code   RO         2001    .text.UART_EndTxTransfer  stm32h7xx_hal_uart.o
    0x0800e744   0x0800e744   0x00000004   PAD
    0x0800e748   0x0800e748   0x00000a4e   Code   RO         1949    .text.UART_SetConfig  stm32h7xx_hal_uart.o
    0x0800f196   0x0800f196   0x00000002   PAD
    0x0800f198   0x0800f198   0x0000012e   Code   RO         1993    .text.UART_Start_Receive_DMA  stm32h7xx_hal_uart.o
    0x0800f2c6   0x0800f2c6   0x00000002   PAD
    0x0800f2c8   0x0800f2c8   0x0000010c   Code   RO         1965    .text.UART_WaitOnFlagUntilTimeout  stm32h7xx_hal_uart.o
    0x0800f3d4   0x0800f3d4   0x00000004   PAD
    0x0800f3d8   0x0800f3d8   0x00000010   Code   RO          168    .text.USART1_IRQHandler  stm32h7xx_it.o
    0x0800f3e8   0x0800f3e8   0x00000010   Code   RO          170    .text.USART2_IRQHandler  stm32h7xx_it.o
    0x0800f3f8   0x0800f3f8   0x00000004   Code   RO          152    .text.UsageFault_Handler  stm32h7xx_it.o
    0x0800f3fc   0x0800f3fc   0x00000004   PAD
    0x0800f400   0x0800f400   0x00000030   Code   RO          976    .text.__NVIC_EnableIRQ  stm32h7xx_hal_cortex.o
    0x0800f430   0x0800f430   0x00000010   Code   RO          968    .text.__NVIC_GetPriorityGrouping  stm32h7xx_hal_cortex.o
    0x0800f440   0x0800f440   0x00000042   Code   RO          970    .text.__NVIC_SetPriority  stm32h7xx_hal_cortex.o
    0x0800f482   0x0800f482   0x00000006   PAD
    0x0800f488   0x0800f488   0x0000003c   Code   RO          964    .text.__NVIC_SetPriorityGrouping  stm32h7xx_hal_cortex.o
    0x0800f4c4   0x0800f4c4   0x00000004   PAD
    0x0800f4c8   0x0800f4c8   0x00000124   Code   RO           11    .text.main          main.o
    0x0800f5ec   0x0800f5ec   0x0000003e   Code   RO         2516    CL$$btod_d2e        c_w.l(btod.o)
    0x0800f62a   0x0800f62a   0x00000046   Code   RO         2518    CL$$btod_d2e_denorm_low  c_w.l(btod.o)
    0x0800f670   0x0800f670   0x00000060   Code   RO         2517    CL$$btod_d2e_norm_op1  c_w.l(btod.o)
    0x0800f6d0   0x0800f6d0   0x00000338   Code   RO         2526    CL$$btod_div_common  c_w.l(btod.o)
    0x0800fa08   0x0800fa08   0x000000dc   Code   RO         2523    CL$$btod_e2e        c_w.l(btod.o)
    0x0800fae4   0x0800fae4   0x0000002a   Code   RO         2520    CL$$btod_ediv       c_w.l(btod.o)
    0x0800fb0e   0x0800fb0e   0x0000002a   Code   RO         2519    CL$$btod_emul       c_w.l(btod.o)
    0x0800fb38   0x0800fb38   0x00000244   Code   RO         2525    CL$$btod_mult_common  c_w.l(btod.o)
    0x0800fd7c   0x0800fd7c   0x00000030   Code   RO         2558    i.__ARM_fpclassify  m_wv.l(fpclassify.o)
    0x0800fdac   0x0800fdac   0x0000000e   Code   RO         2424    i._is_digit         c_w.l(__printf_wp.o)
    0x0800fdba   0x0800fdba   0x00000002   PAD
    0x0800fdbc   0x0800fdbc   0x0000002c   Code   RO         2541    locale$$code        c_w.l(lc_numeric_c.o)
    0x0800fde8   0x0800fde8   0x0000002c   Code   RO         2570    locale$$code        c_w.l(lc_ctype_c.o)
    0x0800fe14   0x0800fe14   0x0000001a   Code   RO         2644    x$fpl$fpinit        fz_wv.l(fpinit.o)
    0x0800fe2e   0x0800fe2e   0x00000004   Code   RO         2457    x$fpl$printf1       fz_wv.l(printf1.o)
    0x0800fe32   0x0800fe32   0x00000004   Code   RO         2459    x$fpl$printf2       fz_wv.l(printf2.o)
    0x0800fe36   0x0800fe36   0x00000000   Code   RO         2557    x$fpl$usenofp       fz_wv.l(usenofp.o)
    0x0800fe36   0x0800fe36   0x00000002   PAD
    0x0800fe38   0x0800fe38   0x00000008   Data   RO         2383    .constdata          c_w.l(_printf_wctomb.o)
    0x0800fe40   0x0800fe40   0x00000028   Data   RO         2412    .constdata          c_w.l(_printf_hex_int_ll_ptr.o)
    0x0800fe68   0x0800fe68   0x00000011   Data   RO         2432    .constdata          c_w.l(__printf_flags_ss_wp.o)
    0x0800fe79   0x0800fe79   0x00000026   Data   RO         2491    .constdata          c_w.l(_printf_fp_hex.o)
    0x0800fe9f   0x0800fe9f   0x00000001   PAD
    0x0800fea0   0x0800fea0   0x00000094   Data   RO         2514    .constdata          c_w.l(bigflt0.o)
    0x0800ff34   0x0800ff34   0x00000010   Data   RO         2144    .rodata.D1CorePrescTable  system_stm32h7xx.o
    0x0800ff44   0x0800ff44   0x00000008   Data   RO          756    .rodata.DMA_CalcBaseAndBitshift.flagBitshiftOffset  stm32h7xx_hal_dma.o
    0x0800ff4c   0x0800ff4c   0x00000008   Data   RO         2128    .rodata.UARTEx_SetNbDataToProcess.denominator  stm32h7xx_hal_uart_ex.o
    0x0800ff54   0x0800ff54   0x00000008   Data   RO         2127    .rodata.UARTEx_SetNbDataToProcess.numerator  stm32h7xx_hal_uart_ex.o
    0x0800ff5c   0x0800ff5c   0x00000018   Data   RO         2083    .rodata.UARTPrescTable  stm32h7xx_hal_uart.o
    0x0800ff74   0x0800ff74   0x0000000a   Data   RO         2169    .rodata.str1.1      bsp.o
    0x0800ff7e   0x0800ff7e   0x00000002   PAD
    0x0800ff80   0x0800ff80   0x00000030   Data   RO         2705    Region$$Table       anon$$obj.o
    0x0800ffb0   0x0800ffb0   0x0000001c   Data   RO         2540    locale$$data        c_w.l(lc_numeric_c.o)
    0x0800ffcc   0x0800ffcc   0x00000110   Data   RO         2569    locale$$data        c_w.l(lc_ctype_c.o)


    Execution Region RW_IRAM1 (Exec base: 0x20000000, Load base: 0x080100dc, Size: 0x00001010, Max: 0x00020000, ABSOLUTE, COMPRESSED[0x00000030])

    Exec Addr    Load Addr    Size         Type   Attr      Idx    E Section Name        Object

    0x20000000   COMPRESSED   0x00001010   Data   RW         2168    .data.myDualADC     bsp.o


    Execution Region RW_IRAM2 (Exec base: 0x24000000, Load base: 0x08010110, Size: 0x00000c60, Max: 0x00020000, ABSOLUTE)

    Exec Addr    Load Addr    Size         Type   Attr      Idx    E Section Name        Object

    0x24000000   0x08010110   0x00000004   Data   RW         2142    .data.SystemCoreClock  system_stm32h7xx.o
    0x24000004   0x08010114   0x00000004   Data   RW         2143    .data.SystemD2Clock  system_stm32h7xx.o
    0x24000008   0x08010118   0x0000000c   Data   RW         2162    .data.buart1        bsp.o
    0x24000014   0x08010124   0x00000001   Data   RW         1148    .data.uwTickFreq    stm32h7xx_hal.o
    0x24000015   0x08010125   0x00000003   PAD
    0x24000018   0x08010128   0x00000004   Data   RW         1147    .data.uwTickPrio    stm32h7xx_hal.o
    0x2400001c   0x0801012c   0x00000004   PAD
    0x24000020        -       0x00000060   Zero   RW         2561    .bss                c_w.l(libspace.o)
    0x24000080        -       0x00000004   Zero   RW           87    .bss.FMC_Initialized  fmc.o
    0x24000084        -       0x00000004   Zero   RW           58    .bss.HAL_RCC_ADC12_CLK_ENABLED  adc.o
    0x24000088        -       0x00000080   Zero   RW         2161    .bss.guart1_RxMsg   bsp.o
    0x24000108        -       0x00000080   Zero   RW         2160    .bss.guart1_TxMsg   bsp.o
    0x24000188        -       0x00000070   Zero   RW           55    .bss.hadc1          adc.o
    0x240001f8        -       0x00000070   Zero   RW           56    .bss.hadc2          adc.o
    0x24000268        -       0x00000070   Zero   RW           57    .bss.hadc3          adc.o
    0x240002d8        -       0x00000078   Zero   RW           59    .bss.hdma_adc1      adc.o
    0x24000350        -       0x00000078   Zero   RW           60    .bss.hdma_adc2      adc.o
    0x240003c8        -       0x00000088   Zero   RW          102    .bss.hspi4          spi.o
    0x24000450        -       0x0000004c   Zero   RW           86    .bss.hsram1         fmc.o
    0x2400049c        -       0x0000004c   Zero   RW          118    .bss.htim6          tim.o
    0x240004e8        -       0x0000004c   Zero   RW          119    .bss.htim7          tim.o
    0x24000534        -       0x00000094   Zero   RW          135    .bss.huart1         usart.o
    0x240005c8        -       0x00000094   Zero   RW          136    .bss.huart2         usart.o
    0x2400065c        -       0x00000004   Zero   RW         1149    .bss.uwTick         stm32h7xx_hal.o
    0x24000660        -       0x00000200   Zero   RW            2    HEAP                startup_stm32h723xx.o
    0x24000860        -       0x00000400   Zero   RW            1    STACK               startup_stm32h723xx.o


==============================================================================

Image component sizes


      Code (inc. data)   RO Data    RW Data    ZI Data      Debug   Object Name

      1126          0          0          0        580      14172   adc.o
       216         20         10       4124        256      11178   bsp.o
       484         16          0          0          0       1790   bsp_ad9959.o
       568          0          0          0          0       4767   bsp_uart.o
        76          0          0          0          0       5219   dma.o
       482          0          0          0         80       8165   fmc.o
       486          0          0          0          0       3098   gpio.o
       672          0          0          0          0       6142   main.o
       276          0          0          0        136       8055   spi.o
        72         30        716          0       1536        844   startup_stm32h723xx.o
       390          0          0          5          4      14612   stm32h7xx_hal.o
      7500          0          0          0          0      25024   stm32h7xx_hal_adc.o
       730          0          0          0          0      23597   stm32h7xx_hal_adc_ex.o
       688          0          0          0          0      11492   stm32h7xx_hal_cortex.o
     15540          8          8          0          0      12471   stm32h7xx_hal_dma.o
       982          0          0          0          0       6999   stm32h7xx_hal_gpio.o
        36          0          0          0          0       2224   stm32h7xx_hal_msp.o
       162          0          0          0          0       9317   stm32h7xx_hal_pwr_ex.o
      4694         66          0          0          0      11388   stm32h7xx_hal_rcc.o
      9792        118          0          0          0      18640   stm32h7xx_hal_rcc_ex.o
       700          0          0          0          0      20796   stm32h7xx_hal_spi.o
       144          0          0          0          0       8877   stm32h7xx_hal_sram.o
       620          0          0          0          0      37552   stm32h7xx_hal_tim.o
       380          0          0          0          0      18129   stm32h7xx_hal_tim_ex.o
      7046        342         24          0          0      29429   stm32h7xx_hal_uart.o
       738          0         16          0          0       8887   stm32h7xx_hal_uart_ex.o
       126          0          0          0          0       1496   stm32h7xx_it.o
       502          0          0          0          0       7274   stm32h7xx_ll_fmc.o
       398          0         16          8          0       5548   system_stm32h7xx.o
       294          0          0          0        152       6524   tim.o
       632          0          0          0        296      11353   usart.o

    ----------------------------------------------------------------------
     56980        608        840       4140       3044     355059   Object Totals
         0          0         48          0          0          0   (incl. Generated)
       428          8          2          3          4          0   (incl. Padding)

    ----------------------------------------------------------------------

      Code (inc. data)   RO Data    RW Data    ZI Data      Debug   Library Member Name

        58          0          0          0          0          0   __dczerorl.o
         8          0          0          0          0         68   __main.o
       392          4         17          0          0         92   __printf_flags_ss_wp.o
        14          0          0          0          0         68   __printf_wp.o
         0          0          0          0          0          0   __rtentry.o
        12          0          0          0          0          0   __rtentry2.o
         6          0          0          0          0          0   __rtentry4.o
        94          8          0          0          0          0   __scatter.o
        26          0          0          0          0          0   __scatter_copy.o
        28          0          0          0          0          0   __scatter_zi.o
        72          0          0          0          0         96   _c16rtomb.o
         6          0          0          0          0          0   _printf_a.o
         6          0          0          0          0          0   _printf_c.o
        44          0          0          0          0        108   _printf_char.o
        48          6          0          0          0         96   _printf_char_common.o
        40          0          0          0          0         68   _printf_charcount.o
         6          0          0          0          0          0   _printf_d.o
       120         16          0          0          0         92   _printf_dec.o
         6          0          0          0          0          0   _printf_e.o
         6          0          0          0          0          0   _printf_f.o
      1052          0          0          0          0        148   _printf_fp_dec.o
       764          8         38          0          0        100   _printf_fp_hex.o
       128         16          0          0          0         84   _printf_fp_infnan.o
         6          0          0          0          0          0   _printf_g.o
       148          4         40          0          0        160   _printf_hex_int_ll_ptr.o
         6          0          0          0          0          0   _printf_i.o
       178          0          0          0          0         88   _printf_intcommon.o
        10          0          0          0          0          0   _printf_l.o
         6          0          0          0          0          0   _printf_lc.o
        10          0          0          0          0          0   _printf_ll.o
         6          0          0          0          0          0   _printf_lld.o
         6          0          0          0          0          0   _printf_lli.o
         6          0          0          0          0          0   _printf_llo.o
         6          0          0          0          0          0   _printf_llu.o
         6          0          0          0          0          0   _printf_llx.o
       124         16          0          0          0         92   _printf_longlong_dec.o
         6          0          0          0          0          0   _printf_ls.o
         6          0          0          0          0          0   _printf_n.o
         6          0          0          0          0          0   _printf_o.o
       112          8          0          0          0        124   _printf_oct_int_ll.o
         6          0          0          0          0          0   _printf_p.o
        78          0          0          0          0        108   _printf_pad.o
         0          0          0          0          0          0   _printf_percent.o
         4          0          0          0          0          0   _printf_percent_end.o
         6          0          0          0          0          0   _printf_s.o
        82          0          0          0          0         80   _printf_str.o
        36          0          0          0          0         84   _printf_truncate.o
         6          0          0          0          0          0   _printf_u.o
        44          0          0          0          0        108   _printf_wchar.o
       188          6          8          0          0         92   _printf_wctomb.o
         6          0          0          0          0          0   _printf_x.o
        16          0          0          0          0         68   _snputc.o
       228          4        148          0          0         96   bigflt0.o
      1936        128          0          0          0        668   btod.o
        18          0          0          0          0         80   exit.o
         6          0          0          0          0        152   heapauxi.o
         0          0          0          0          0          0   indicate_semi.o
        44         10        272          0          0         76   lc_ctype_c.o
        44         10         28          0          0         76   lc_numeric_c.o
         2          0          0          0          0          0   libinit.o
        34          0          0          0          0          0   libinit2.o
         2          0          0          0          0          0   libshutdown.o
         2          0          0          0          0          0   libshutdown2.o
         8          4          0          0         96         68   libspace.o
       138          0          0          0          0         80   lludiv10.o
       240          0          0          0          0        100   lludivv7m.o
        16          4          0          0          0         76   rt_ctype_table.o
         8          4          0          0          0         68   rt_locale_intlibspace.o
        68          0          0          0          0         68   rt_memclr.o
        78          0          0          0          0         80   rt_memclr_w.o
         2          0          0          0          0          0   rtexit.o
        10          0          0          0          0          0   rtexit2.o
       124          0          0          0          0         88   strcmpv7m_pel.o
        62          0          0          0          0         76   strlen.o
        12          4          0          0          0         68   sys_exit.o
        74          0          0          0          0         80   sys_stackheap_outer.o
         2          0          0          0          0         68   use_no_semi.o
        60          4          0          0          0         80   vsnprintf.o
        26          0          0          0          0        116   fpinit.o
         4          0          0          0          0        116   printf1.o
         4          0          0          0          0        116   printf2.o
         0          0          0          0          0          0   usenofp.o
        48          0          0          0          0        124   fpclassify.o

    ----------------------------------------------------------------------
      7384        268        552          0         96       4644   Library Totals
        28          4          1          0          0          0   (incl. Padding)

    ----------------------------------------------------------------------

      Code (inc. data)   RO Data    RW Data    ZI Data      Debug   Library Name

      7274        264        551          0         96       4172   c_w.l
        34          0          0          0          0        348   fz_wv.l
        48          0          0          0          0        124   m_wv.l

    ----------------------------------------------------------------------
      7384        268        552          0         96       4644   Library Totals

    ----------------------------------------------------------------------

==============================================================================


      Code (inc. data)   RO Data    RW Data    ZI Data      Debug   

     64364        876       1392       4140       3140     356823   Grand Totals
     64364        876       1392         76       3140     356823   ELF Image Totals (compressed)
     64364        876       1392         76          0          0   ROM Totals

==============================================================================

    Total RO  Size (Code + RO Data)                65756 (  64.21kB)
    Total RW  Size (RW Data + ZI Data)              7280 (   7.11kB)
    Total ROM Size (Code + RO Data + RW Data)      65832 (  64.29kB)

==============================================================================

