Component: Arm Compiler for Embedded 6.24 Tool: armlink [5f371500]

==============================================================================

Section Cross References

    startup_stm32h723xx.o(STACK) refers (Special) to heapauxi.o(.text) for __use_two_region_memory
    startup_stm32h723xx.o(HEAP) refers (Special) to heapauxi.o(.text) for __use_two_region_memory
    startup_stm32h723xx.o(RESET) refers (Special) to heapauxi.o(.text) for __use_two_region_memory
    startup_stm32h723xx.o(RESET) refers to startup_stm32h723xx.o(STACK) for __initial_sp
    startup_stm32h723xx.o(RESET) refers to startup_stm32h723xx.o(.text) for Reset_Handler
    startup_stm32h723xx.o(RESET) refers to stm32h7xx_it.o(.text.NMI_Handler) for NMI_Handler
    startup_stm32h723xx.o(RESET) refers to stm32h7xx_it.o(.text.HardFault_Handler) for HardFault_Handler
    startup_stm32h723xx.o(RESET) refers to stm32h7xx_it.o(.text.MemManage_Handler) for MemManage_Handler
    startup_stm32h723xx.o(RESET) refers to stm32h7xx_it.o(.text.BusFault_Handler) for BusFault_Handler
    startup_stm32h723xx.o(RESET) refers to stm32h7xx_it.o(.text.UsageFault_Handler) for UsageFault_Handler
    startup_stm32h723xx.o(RESET) refers to stm32h7xx_it.o(.text.SVC_Handler) for SVC_Handler
    startup_stm32h723xx.o(RESET) refers to stm32h7xx_it.o(.text.DebugMon_Handler) for DebugMon_Handler
    startup_stm32h723xx.o(RESET) refers to stm32h7xx_it.o(.text.PendSV_Handler) for PendSV_Handler
    startup_stm32h723xx.o(RESET) refers to stm32h7xx_it.o(.text.SysTick_Handler) for SysTick_Handler
    startup_stm32h723xx.o(RESET) refers to stm32h7xx_it.o(.text.DMA1_Stream0_IRQHandler) for DMA1_Stream0_IRQHandler
    startup_stm32h723xx.o(RESET) refers to stm32h7xx_it.o(.text.DMA1_Stream1_IRQHandler) for DMA1_Stream1_IRQHandler
    startup_stm32h723xx.o(RESET) refers to stm32h7xx_it.o(.text.ADC_IRQHandler) for ADC_IRQHandler
    startup_stm32h723xx.o(RESET) refers to stm32h7xx_it.o(.text.USART1_IRQHandler) for USART1_IRQHandler
    startup_stm32h723xx.o(RESET) refers to stm32h7xx_it.o(.text.USART2_IRQHandler) for USART2_IRQHandler
    startup_stm32h723xx.o(.text) refers (Special) to heapauxi.o(.text) for __use_two_region_memory
    startup_stm32h723xx.o(.text) refers to system_stm32h7xx.o(.text.ExitRun0Mode) for ExitRun0Mode
    startup_stm32h723xx.o(.text) refers to system_stm32h7xx.o(.text.SystemInit) for SystemInit
    startup_stm32h723xx.o(.text) refers to __main.o(!!!main) for __main
    startup_stm32h723xx.o(.text) refers to startup_stm32h723xx.o(HEAP) for Heap_Mem
    startup_stm32h723xx.o(.text) refers to startup_stm32h723xx.o(STACK) for Stack_Mem
    main.o(.text.main) refers to main.o(.text.MPU_Config) for MPU_Config
    main.o(.text.main) refers to stm32h7xx_hal.o(.text.HAL_Init) for HAL_Init
    main.o(.text.main) refers to main.o(.text.SystemClock_Config) for SystemClock_Config
    main.o(.text.main) refers to main.o(.text.PeriphCommonClock_Config) for PeriphCommonClock_Config
    main.o(.text.main) refers to gpio.o(.text.MX_GPIO_Init) for MX_GPIO_Init
    main.o(.text.main) refers to dma.o(.text.MX_DMA_Init) for MX_DMA_Init
    main.o(.text.main) refers to fmc.o(.text.MX_FMC_Init) for MX_FMC_Init
    main.o(.text.main) refers to spi.o(.text.MX_SPI4_Init) for MX_SPI4_Init
    main.o(.text.main) refers to usart.o(.text.MX_USART1_UART_Init) for MX_USART1_UART_Init
    main.o(.text.main) refers to usart.o(.text.MX_USART2_UART_Init) for MX_USART2_UART_Init
    main.o(.text.main) refers to adc.o(.text.MX_ADC1_Init) for MX_ADC1_Init
    main.o(.text.main) refers to adc.o(.text.MX_ADC2_Init) for MX_ADC2_Init
    main.o(.text.main) refers to tim.o(.text.MX_TIM6_Init) for MX_TIM6_Init
    main.o(.text.main) refers to tim.o(.text.MX_TIM7_Init) for MX_TIM7_Init
    main.o(.text.main) refers to bsp.o(.text.MainProcess) for MainProcess
    main.o(.ARM.exidx.text.main) refers to main.o(.text.main) for [Anonymous Symbol]
    main.o(.text.MPU_Config) refers to stm32h7xx_hal_cortex.o(.text.HAL_MPU_Disable) for HAL_MPU_Disable
    main.o(.text.MPU_Config) refers to stm32h7xx_hal_cortex.o(.text.HAL_MPU_ConfigRegion) for HAL_MPU_ConfigRegion
    main.o(.text.MPU_Config) refers to stm32h7xx_hal_cortex.o(.text.HAL_MPU_Enable) for HAL_MPU_Enable
    main.o(.ARM.exidx.text.MPU_Config) refers to main.o(.text.MPU_Config) for [Anonymous Symbol]
    main.o(.text.SystemClock_Config) refers to rt_memclr_w.o(.text) for __aeabi_memclr4
    main.o(.text.SystemClock_Config) refers to stm32h7xx_hal_pwr_ex.o(.text.HAL_PWREx_ConfigSupply) for HAL_PWREx_ConfigSupply
    main.o(.text.SystemClock_Config) refers to stm32h7xx_hal_rcc.o(.text.HAL_RCC_OscConfig) for HAL_RCC_OscConfig
    main.o(.text.SystemClock_Config) refers to main.o(.text.Error_Handler) for Error_Handler
    main.o(.text.SystemClock_Config) refers to stm32h7xx_hal_rcc.o(.text.HAL_RCC_ClockConfig) for HAL_RCC_ClockConfig
    main.o(.ARM.exidx.text.SystemClock_Config) refers to main.o(.text.SystemClock_Config) for [Anonymous Symbol]
[...]
    __rt_entry_postli_1                      0x0800046b   Thumb Code     0  __rtentry2.o(.ARM.Collect$$rtentry$$0000000C)
    __rt_exit                                0x08000473   Thumb Code     0  rtexit.o(.ARM.Collect$$rtexit$$00000000)
    __rt_exit_ls                             0x08000475   Thumb Code     0  rtexit2.o(.ARM.Collect$$rtexit$$00000003)
    __rt_exit_prels_1                        0x08000475   Thumb Code     0  rtexit2.o(.ARM.Collect$$rtexit$$00000002)
    __rt_exit_exit                           0x08000479   Thumb Code     0  rtexit2.o(.ARM.Collect$$rtexit$$00000004)
    Reset_Handler                            0x08000481   Thumb Code    12  startup_stm32h723xx.o(.text)
    ADC3_IRQHandler                          0x0800049f   Thumb Code     0  startup_stm32h723xx.o(.text)
    BDMA_Channel0_IRQHandler                 0x0800049f   Thumb Code     0  startup_stm32h723xx.o(.text)
    BDMA_Channel1_IRQHandler                 0x0800049f   Thumb Code     0  startup_stm32h723xx.o(.text)
    BDMA_Channel2_IRQHandler                 0x0800049f   Thumb Code     0  startup_stm32h723xx.o(.text)
    BDMA_Channel3_IRQHandler                 0x0800049f   Thumb Code     0  startup_stm32h723xx.o(.text)
    BDMA_Channel4_IRQHandler                 0x0800049f   Thumb Code     0  startup_stm32h723xx.o(.text)
    BDMA_Channel5_IRQHandler                 0x0800049f   Thumb Code     0  startup_stm32h723xx.o(.text)
    BDMA_Channel6_IRQHandler                 0x0800049f   Thumb Code     0  startup_stm32h723xx.o(.text)
    BDMA_Channel7_IRQHandler                 0x0800049f   Thumb Code     0  startup_stm32h723xx.o(.text)
    CEC_IRQHandler                           0x0800049f   Thumb Code     0  startup_stm32h723xx.o(.text)
    COMP1_IRQHandler                         0x0800049f   Thumb Code     0  startup_stm32h723xx.o(.text)
    CORDIC_IRQHandler                        0x0800049f   Thumb Code     0  startup_stm32h723xx.o(.text)
    CRS_IRQHandler                           0x0800049f   Thumb Code     0  startup_stm32h723xx.o(.text)
    DCMI_PSSI_IRQHandler                     0x0800049f   Thumb Code     0  startup_stm32h723xx.o(.text)
    DFSDM1_FLT0_IRQHandler                   0x0800049f   Thumb Code     0  startup_stm32h723xx.o(.text)
    DFSDM1_FLT1_IRQHandler                   0x0800049f   Thumb Code     0  startup_stm32h723xx.o(.text)
    DFSDM1_FLT2_IRQHandler                   0x0800049f   Thumb Code     0  startup_stm32h723xx.o(.text)
    DFSDM1_FLT3_IRQHandler                   0x0800049f   Thumb Code     0  startup_stm32h723xx.o(.text)
    DMA1_Stream2_IRQHandler                  0x0800049f   Thumb Code     0  startup_stm32h723xx.o(.text)
    DMA1_Stream3_IRQHandler                  0x0800049f   Thumb Code     0  startup_stm32h723xx.o(.text)
    DMA1_Stream4_IRQHandler                  0x0800049f   Thumb Code     0  startup_stm32h723xx.o(.text)
    DMA1_Stream5_IRQHandler                  0x0800049f   Thumb Code     0  startup_stm32h723xx.o(.text)
    DMA1_Stream6_IRQHandler                  0x0800049f   Thumb Code     0  startup_stm32h723xx.o(.text)
    DMA1_Stream7_IRQHandler                  0x0800049f   Thumb Code     0  startup_stm32h723xx.o(.text)
    DMA2D_IRQHandler                         0x0800049f   Thumb Code     0  startup_stm32h723xx.o(.text)
    DMA2_Stream0_IRQHandler                  0x0800049f   Thumb Code     0  startup_stm32h723xx.o(.text)
    DMA2_Stream1_IRQHandler                  0x0800049f   Thumb Code     0  startup_stm32h723xx.o(.text)
    DMA2_Stream2_IRQHandler                  0x0800049f   Thumb Code     0  startup_stm32h723xx.o(.text)
    DMA2_Stream3_IRQHandler                  0x0800049f   Thumb Code     0  startup_stm32h723xx.o(.text)
    DMA2_Stream4_IRQHandler                  0x0800049f   Thumb Code     0  startup_stm32h723xx.o(.text)
    DMA2_Stream5_IRQHandler                  0x0800049f   Thumb Code     0  startup_stm32h723xx.o(.text)
    DMA2_Stream6_IRQHandler                  0x0800049f   Thumb Code     0  startup_stm32h723xx.o(.text)
    DMA2_Stream7_IRQHandler                  0x0800049f   Thumb Code     0  startup_stm32h723xx.o(.text)
    DMAMUX1_OVR_IRQHandler                   0x0800049f   Thumb Code     0  startup_stm32h723xx.o(.text)
    DMAMUX2_OVR_IRQHandler                   0x0800049f   Thumb Code     0  startup_stm32h723xx.o(.text)
    DTS_IRQHandler                           0x0800049f   Thumb Code     0  startup_stm32h723xx.o(.text)
    ECC_IRQHandler                           0x0800049f   Thumb Code     0  startup_stm32h723xx.o(.text)
    ETH_IRQHandler                           0x0800049f   Thumb Code     0  startup_stm32h723xx.o(.text)
    ETH_WKUP_IRQHandler                      0x0800049f   Thumb Code     0  startup_stm32h723xx.o(.text)
    EXTI0_IRQHandler                         0x0800049f   Thumb Code     0  startup_stm32h723xx.o(.text)
    EXTI15_10_IRQHandler                     0x0800049f   Thumb Code     0  startup_stm32h723xx.o(.text)
    EXTI1_IRQHandler                         0x0800049f   Thumb Code     0  startup_stm32h723xx.o(.text)
    EXTI2_IRQHandler                         0x0800049f   Thumb Code     0  startup_stm32h723xx.o(.text)
    EXTI3_IRQHandler                         0x0800049f   Thumb Code     0  startup_stm32h723xx.o(.text)
    EXTI4_IRQHandler                         0x0800049f   Thumb Code     0  startup_stm32h723xx.o(.text)
    EXTI9_5_IRQHandler                       0x0800049f   Thumb Code     0  startup_stm32h723xx.o(.text)
    FDCAN1_IT0_IRQHandler                    0x0800049f   Thumb Code     0  startup_stm32h723xx.o(.text)
    FDCAN1_IT1_IRQHandler                    0x0800049f   Thumb Code     0  startup_stm32h723xx.o(.text)
    FDCAN2_IT0_IRQHandler                    0x0800049f   Thumb Code     0  startup_stm32h723xx.o(.text)
    FDCAN2_IT1_IRQHandler                    0x0800049f   Thumb Code     0  startup_stm32h723xx.o(.text)
    FDCAN3_IT0_IRQHandler                    0x0800049f   Thumb Code     0  startup_stm32h723xx.o(.text)
    FDCAN3_IT1_IRQHandler                    0x0800049f   Thumb Code     0  startup_stm32h723xx.o(.text)
    FDCAN_CAL_IRQHandler                     0x0800049f   Thumb Code     0  startup_stm32h723xx.o(.text)
    FLASH_IRQHandler                         0x0800049f   Thumb Code     0  startup_stm32h723xx.o(.text)
    FMAC_IRQHandler                          0x0800049f   Thumb Code     0  startup_stm32h723xx.o(.text)
    FMC_IRQHandler                           0x0800049f   Thumb Code     0  startup_stm32h723xx.o(.text)
    FPU_IRQHandler                           0x0800049f   Thumb Code     0  startup_stm32h723xx.o(.text)
    HSEM1_IRQHandler                         0x0800049f   Thumb Code     0  startup_stm32h723xx.o(.text)
    I2C1_ER_IRQHandler                       0x0800049f   Thumb Code     0  startup_stm32h723xx.o(.text)
    I2C1_EV_IRQHandler                       0x0800049f   Thumb Code     0  startup_stm32h723xx.o(.text)
    I2C2_ER_IRQHandler                       0x0800049f   Thumb Code     0  startup_stm32h723xx.o(.text)
    I2C2_EV_IRQHandler                       0x0800049f   Thumb Code     0  startup_stm32h723xx.o(.text)
    I2C3_ER_IRQHandler                       0x0800049f   Thumb Code     0  startup_stm32h723xx.o(.text)
    I2C3_EV_IRQHandler                       0x0800049f   Thumb Code     0  startup_stm32h723xx.o(.text)
    I2C4_ER_IRQHandler                       0x0800049f   Thumb Code     0  startup_stm32h723xx.o(.text)
    I2C4_EV_IRQHandler                       0x0800049f   Thumb Code     0  startup_stm32h723xx.o(.text)
    I2C5_ER_IRQHandler                       0x0800049f   Thumb Code     0  startup_stm32h723xx.o(.text)
    I2C5_EV_IRQHandler                       0x0800049f   Thumb Code     0  startup_stm32h723xx.o(.text)
    LPTIM1_IRQHandler                        0x0800049f   Thumb Code     0  startup_stm32h723xx.o(.text)
    LPTIM2_IRQHandler                        0x0800049f   Thumb Code     0  startup_stm32h723xx.o(.text)
    LPTIM3_IRQHandler                        0x0800049f   Thumb Code     0  startup_stm32h723xx.o(.text)
    LPTIM4_IRQHandler                        0x0800049f   Thumb Code     0  startup_stm32h723xx.o(.text)
    LPTIM5_IRQHandler                        0x0800049f   Thumb Code     0  startup_stm32h723xx.o(.text)
    LPUART1_IRQHandler                       0x0800049f   Thumb Code     0  startup_stm32h723xx.o(.text)
    LTDC_ER_IRQHandler                       0x0800049f   Thumb Code     0  startup_stm32h723xx.o(.text)
    LTDC_IRQHandler                          0x0800049f   Thumb Code     0  startup_stm32h723xx.o(.text)
    MDIOS_IRQHandler                         0x0800049f   Thumb Code     0  startup_stm32h723xx.o(.text)
    MDIOS_WKUP_IRQHandler                    0x0800049f   Thumb Code     0  startup_stm32h723xx.o(.text)
    MDMA_IRQHandler                          0x0800049f   Thumb Code     0  startup_stm32h723xx.o(.text)
    OCTOSPI1_IRQHandler                      0x0800049f   Thumb Code     0  startup_stm32h723xx.o(.text)
    OCTOSPI2_IRQHandler                      0x0800049f   Thumb Code     0  startup_stm32h723xx.o(.text)
    OTG_HS_EP1_IN_IRQHandler                 0x0800049f   Thumb Code     0  startup_stm32h723xx.o(.text)
    OTG_HS_EP1_OUT_IRQHandler                0x0800049f   Thumb Code     0  startup_stm32h723xx.o(.text)
    OTG_HS_IRQHandler                        0x0800049f   Thumb Code     0  startup_stm32h723xx.o(.text)
    OTG_HS_WKUP_IRQHandler                   0x0800049f   Thumb Code     0  startup_stm32h723xx.o(.text)
    PVD_AVD_IRQHandler                       0x0800049f   Thumb Code     0  startup_stm32h723xx.o(.text)
    RCC_IRQHandler                           0x0800049f   Thumb Code     0  startup_stm32h723xx.o(.text)
    RNG_IRQHandler                           0x0800049f   Thumb Code     0  startup_stm32h723xx.o(.text)
    RTC_Alarm_IRQHandler                     0x0800049f   Thumb Code     0  startup_stm32h723xx.o(.text)
    RTC_WKUP_IRQHandler                      0x0800049f   Thumb Code     0  startup_stm32h723xx.o(.text)
    SAI1_IRQHandler                          0x0800049f   Thumb Code     0  startup_stm32h723xx.o(.text)
    SAI4_IRQHandler                          0x0800049f   Thumb Code     0  startup_stm32h723xx.o(.text)
    SDMMC1_IRQHandler                        0x0800049f   Thumb Code     0  startup_stm32h723xx.o(.text)
    SDMMC2_IRQHandler                        0x0800049f   Thumb Code     0  startup_stm32h723xx.o(.text)
    SPDIF_RX_IRQHandler                      0x0800049f   Thumb Code     0  startup_stm32h723xx.o(.text)
    SPI1_IRQHandler                          0x0800049f   Thumb Code     0  startup_stm32h723xx.o(.text)
    SPI2_IRQHandler                          0x0800049f   Thumb Code     0  startup_stm32h723xx.o(.text)
    SPI3_IRQHandler                          0x0800049f   Thumb Code     0  startup_stm32h723xx.o(.text)
    SPI4_IRQHandler                          0x0800049f   Thumb Code     0  startup_stm32h723xx.o(.text)
    SPI5_IRQHandler                          0x0800049f   Thumb Code     0  startup_stm32h723xx.o(.text)
    SPI6_IRQHandler                          0x0800049f   Thumb Code     0  startup_stm32h723xx.o(.text)
    SWPMI1_IRQHandler                        0x0800049f   Thumb Code     0  startup_stm32h723xx.o(.text)
    TAMP_STAMP_IRQHandler                    0x0800049f   Thumb Code     0  startup_stm32h723xx.o(.text)
    TIM15_IRQHandler                         0x0800049f   Thumb Code     0  startup_stm32h723xx.o(.text)
    TIM16_IRQHandler                         0x0800049f   Thumb Code     0  startup_stm32h723xx.o(.text)
    TIM17_IRQHandler                         0x0800049f   Thumb Code     0  startup_stm32h723xx.o(.text)
    TIM1_BRK_IRQHandler                      0x0800049f   Thumb Code     0  startup_stm32h723xx.o(.text)
    TIM1_CC_IRQHandler                       0x0800049f   Thumb Code     0  startup_stm32h723xx.o(.text)
    TIM1_TRG_COM_IRQHandler                  0x0800049f   Thumb Code     0  startup_stm32h723xx.o(.text)
    TIM1_UP_IRQHandler                       0x0800049f   Thumb Code     0  startup_stm32h723xx.o(.text)
    TIM23_IRQHandler                         0x0800049f   Thumb Code     0  startup_stm32h723xx.o(.text)
    TIM24_IRQHandler                         0x0800049f   Thumb Code     0  startup_stm32h723xx.o(.text)
    TIM2_IRQHandler                          0x0800049f   Thumb Code     0  startup_stm32h723xx.o(.text)
    TIM3_IRQHandler                          0x0800049f   Thumb Code     0  startup_stm32h723xx.o(.text)
    TIM4_IRQHandler                          0x0800049f   Thumb Code     0  startup_stm32h723xx.o(.text)
    TIM5_IRQHandler                          0x0800049f   Thumb Code     0  startup_stm32h723xx.o(.text)
    TIM6_DAC_IRQHandler                      0x0800049f   Thumb Code     0  startup_stm32h723xx.o(.text)
    TIM7_IRQHandler                          0x0800049f   Thumb Code     0  startup_stm32h723xx.o(.text)
    TIM8_BRK_TIM12_IRQHandler                0x0800049f   Thumb Code     0  startup_stm32h723xx.o(.text)
    TIM8_CC_IRQHandler                       0x0800049f   Thumb Code     0  startup_stm32h723xx.o(.text)
    TIM8_TRG_COM_TIM14_IRQHandler            0x0800049f   Thumb Code     0  startup_stm32h723xx.o(.text)
    TIM8_UP_TIM13_IRQHandler                 0x0800049f   Thumb Code     0  startup_stm32h723xx.o(.text)
    UART4_IRQHandler                         0x0800049f   Thumb Code     0  startup_stm32h723xx.o(.text)
    UART5_IRQHandler                         0x0800049f   Thumb Code     0  startup_stm32h723xx.o(.text)
    UART7_IRQHandler                         0x0800049f   Thumb Code     0  startup_stm32h723xx.o(.text)
    UART8_IRQHandler                         0x0800049f   Thumb Code     0  startup_stm32h723xx.o(.text)
    UART9_IRQHandler                         0x0800049f   Thumb Code     0  startup_stm32h723xx.o(.text)
    USART10_IRQHandler                       0x0800049f   Thumb Code     0  startup_stm32h723xx.o(.text)
    USART3_IRQHandler                        0x0800049f   Thumb Code     0  startup_stm32h723xx.o(.text)
    USART6_IRQHandler                        0x0800049f   Thumb Code     0  startup_stm32h723xx.o(.text)
    WAKEUP_PIN_IRQHandler                    0x0800049f   Thumb Code     0  startup_stm32h723xx.o(.text)
    WWDG_IRQHandler                          0x0800049f   Thumb Code     0  startup_stm32h723xx.o(.text)
    __user_initial_stackheap                 0x080004a1   Thumb Code     0  startup_stm32h723xx.o(.text)
    __aeabi_uldivmod                         0x080004c9   Thumb Code     0  lludivv7m.o(.text)
    _ll_udiv                                 0x080004c9   Thumb Code   240  lludivv7m.o(.text)
    vsnprintf                                0x080005b9   Thumb Code    56  vsnprintf.o(.text)
    strlen                                   0x080005f5   Thumb Code    62  strlen.o(.text)
    __aeabi_memclr                           0x08000633   Thumb Code     0  rt_memclr.o(.text)
    __rt_memclr                              0x08000633   Thumb Code     0  rt_memclr.o(.text)
    _memset                                  0x08000637   Thumb Code    64  rt_memclr.o(.text)
    __aeabi_memclr4                          0x08000677   Thumb Code     0  rt_memclr_w.o(.text)
    __aeabi_memclr8                          0x08000677   Thumb Code     0  rt_memclr_w.o(.text)
    __rt_memclr_w                            0x08000677   Thumb Code     0  rt_memclr_w.o(.text)
    _memset_w                                0x0800067b   Thumb Code    74  rt_memclr_w.o(.text)
    __use_two_region_memory                  0x080006c5   Thumb Code     2  heapauxi.o(.text)
    __rt_heap_escrow$2region                 0x080006c7   Thumb Code     2  heapauxi.o(.text)
    __rt_heap_expand$2region                 0x080006c9   Thumb Code     2  heapauxi.o(.text)
    _printf_pre_padding                      0x080006cb   Thumb Code    44  _printf_pad.o(.text)
    _printf_post_padding                     0x080006f7   Thumb Code    34  _printf_pad.o(.text)
    _printf_truncate_signed                  0x08000719   Thumb Code    18  _printf_truncate.o(.text)
    _printf_truncate_unsigned                0x0800072b   Thumb Code    18  _printf_truncate.o(.text)
    _printf_str                              0x0800073d   Thumb Code    82  _printf_str.o(.text)
    _printf_int_dec                          0x08000791   Thumb Code   104  _printf_dec.o(.text)
    _printf_charcount                        0x08000809   Thumb Code    40  _printf_charcount.o(.text)
    _printf_char_common                      0x0800083b   Thumb Code    32  _printf_char_common.o(.text)
    _snputc                                  0x08000861   Thumb Code    16  _snputc.o(.text)
    _printf_wctomb                           0x08000871   Thumb Code   182  _printf_wctomb.o(.text)
    _printf_longlong_dec                     0x0800092d   Thumb Code   108  _printf_longlong_dec.o(.text)
    _printf_longlong_oct                     0x080009a9   Thumb Code    68  _printf_oct_int_ll.o(.text)
    _printf_int_oct                          0x080009ed   Thumb Code    24  _printf_oct_int_ll.o(.text)
    _printf_ll_oct                           0x08000a05   Thumb Code    12  _printf_oct_int_ll.o(.text)
    _printf_longlong_hex                     0x08000a19   Thumb Code    86  _printf_hex_int_ll_ptr.o(.text)
    _printf_int_hex                          0x08000a6f   Thumb Code    28  _printf_hex_int_ll_ptr.o(.text)
    _printf_ll_hex                           0x08000a8b   Thumb Code    12  _printf_hex_int_ll_ptr.o(.text)
    _printf_hex_ptr                          0x08000a97   Thumb Code    18  _printf_hex_int_ll_ptr.o(.text)
    __printf                                 0x08000aad   Thumb Code   388  __printf_flags_ss_wp.o(.text)
    _ll_udiv10                               0x08000c35   Thumb Code   138  lludiv10.o(.text)
    _printf_int_common                       0x08000cbf   Thumb Code   178  _printf_intcommon.o(.text)
    _printf_fp_dec_real                      0x08000f21   Thumb Code   620  _printf_fp_dec.o(.text)
    _printf_fp_hex_real                      0x0800118d   Thumb Code   756  _printf_fp_hex.o(.text)
    _printf_cs_common                        0x08001489   Thumb Code    20  _printf_char.o(.text)
    _printf_char                             0x0800149d   Thumb Code    16  _printf_char.o(.text)
    _printf_string                           0x080014ad   Thumb Code     8  _printf_char.o(.text)
    _printf_lcs_common                       0x080014b5   Thumb Code    20  _printf_wchar.o(.text)
    _printf_wchar                            0x080014c9   Thumb Code    16  _printf_wchar.o(.text)
    _printf_wstring                          0x080014d9   Thumb Code     8  _printf_wchar.o(.text)
    _c16rtomb                                0x080014e1   Thumb Code    72  _c16rtomb.o(.text)
    _wcrtomb                                 0x080014e1   Thumb Code     0  _c16rtomb.o(.text)
    __user_setup_stackheap                   0x08001529   Thumb Code    74  sys_stackheap_outer.o(.text)
    __rt_ctype_table                         0x08001575   Thumb Code    16  rt_ctype_table.o(.text)
    __rt_locale                              0x08001585   Thumb Code     8  rt_locale_intlibspace.o(.text)
    _printf_fp_infnan                        0x0800158d   Thumb Code   112  _printf_fp_infnan.o(.text)
    _btod_etento                             0x0800160d   Thumb Code   224  bigflt0.o(.text)
    exit                                     0x080016f1   Thumb Code    18  exit.o(.text)
    __user_libspace                          0x08001705   Thumb Code     8  libspace.o(.text)
    __user_perproc_libspace                  0x08001705   Thumb Code     0  libspace.o(.text)
    __user_perthread_libspace                0x08001705   Thumb Code     0  libspace.o(.text)
    strcmp                                   0x08001711   Thumb Code   124  strcmpv7m_pel.o(.text)
    _sys_exit                                0x0800178d   Thumb Code     8  sys_exit.o(.text)
    __I$use$semihosting                      0x08001799   Thumb Code     0  use_no_semi.o(.text)
    __use_no_semihosting_swi                 0x08001799   Thumb Code     2  use_no_semi.o(.text)
    __semihosting_library_function           0x0800179b   Thumb Code     0  indicate_semi.o(.text)
    ADC_ConfigureBoostMode                   0x080017a1   Thumb Code   474  stm32h7xx_hal_adc.o(.text.ADC_ConfigureBoostMode)
    ADC_IRQHandler                           0x08001981   Thumb Code    28  stm32h7xx_it.o(.text.ADC_IRQHandler)
    BSP_UART_ReceiveToIdle_DMA               0x080019a1   Thumb Code   450  bsp_uart.o(.text.BSP_UART_ReceiveToIdle_DMA)
    BSP_UART_Transmit_DMA                    0x08001b69   Thumb Code   118  bsp_uart.o(.text.BSP_UART_Transmit_DMA)
    BusFault_Handler                         0x08001be1   Thumb Code     4  stm32h7xx_it.o(.text.BusFault_Handler)
    DMA1_Stream0_IRQHandler                  0x08001be9   Thumb Code    16  stm32h7xx_it.o(.text.DMA1_Stream0_IRQHandler)
    DMA1_Stream1_IRQHandler                  0x08001bf9   Thumb Code    16  stm32h7xx_it.o(.text.DMA1_Stream1_IRQHandler)
    DebugMon_Handler                         0x08002689   Thumb Code     2  stm32h7xx_it.o(.text.DebugMon_Handler)
    Error_Handler                            0x08002691   Thumb Code    14  main.o(.text.Error_Handler)
    ExitRun0Mode                             0x080026a1   Thumb Code    40  system_stm32h7xx.o(.text.ExitRun0Mode)
    FMC_NORSRAM_Extended_Timing_Init         0x080026c9   Thumb Code   100  stm32h7xx_ll_fmc.o(.text.FMC_NORSRAM_Extended_Timing_Init)
    FMC_NORSRAM_Init                         0x08002731   Thumb Code   268  stm32h7xx_ll_fmc.o(.text.FMC_NORSRAM_Init)
    FMC_NORSRAM_Timing_Init                  0x08002841   Thumb Code   134  stm32h7xx_ll_fmc.o(.text.FMC_NORSRAM_Timing_Init)
    HAL_ADCEx_EndOfSamplingCallback          0x080028c9   Thumb Code     8  stm32h7xx_hal_adc_ex.o(.text.HAL_ADCEx_EndOfSamplingCallback)
    HAL_ADCEx_InjectedConvCpltCallback       0x080028d1   Thumb Code     8  stm32h7xx_hal_adc_ex.o(.text.HAL_ADCEx_InjectedConvCpltCallback)
    HAL_ADCEx_InjectedQueueOverflowCallback  0x080028d9   Thumb Code     8  stm32h7xx_hal_adc_ex.o(.text.HAL_ADCEx_InjectedQueueOverflowCallback)
    HAL_ADCEx_LevelOutOfWindow2Callback      0x080028e1   Thumb Code     8  stm32h7xx_hal_adc_ex.o(.text.HAL_ADCEx_LevelOutOfWindow2Callback)
    HAL_ADCEx_LevelOutOfWindow3Callback      0x080028e9   Thumb Code     8  stm32h7xx_hal_adc_ex.o(.text.HAL_ADCEx_LevelOutOfWindow3Callback)
    HAL_ADCEx_MultiModeConfigChannel         0x080028f1   Thumb Code   658  stm32h7xx_hal_adc_ex.o(.text.HAL_ADCEx_MultiModeConfigChannel)
    HAL_ADC_ConfigChannel                    0x08002b89   Thumb Code  3372  stm32h7xx_hal_adc.o(.text.HAL_ADC_ConfigChannel)
    HAL_ADC_ConvCpltCallback                 0x080038b9   Thumb Code    44  bsp.o(.text.HAL_ADC_ConvCpltCallback)
    HAL_ADC_ErrorCallback                    0x080038e9   Thumb Code     8  stm32h7xx_hal_adc.o(.text.HAL_ADC_ErrorCallback)
    HAL_ADC_IRQHandler                       0x080038f1   Thumb Code  1336  stm32h7xx_hal_adc.o(.text.HAL_ADC_IRQHandler)
    HAL_ADC_Init                             0x08003e29   Thumb Code  1282  stm32h7xx_hal_adc.o(.text.HAL_ADC_Init)
    HAL_ADC_LevelOutOfWindowCallback         0x08004331   Thumb Code     8  stm32h7xx_hal_adc.o(.text.HAL_ADC_LevelOutOfWindowCallback)
    HAL_ADC_MspInit                          0x08004339   Thumb Code   504  adc.o(.text.HAL_ADC_MspInit)
    HAL_DMA_Abort                            0x08004531   Thumb Code  2424  stm32h7xx_hal_dma.o(.text.HAL_DMA_Abort)
    HAL_DMA_Abort_IT                         0x08004ea9   Thumb Code  1706  stm32h7xx_hal_dma.o(.text.HAL_DMA_Abort_IT)
    HAL_DMA_IRQHandler                       0x08005559   Thumb Code  4544  stm32h7xx_hal_dma.o(.text.HAL_DMA_IRQHandler)
    HAL_DMA_Init                             0x08006719   Thumb Code  2400  stm32h7xx_hal_dma.o(.text.HAL_DMA_Init)
    HAL_DMA_Start_IT                         0x08007079   Thumb Code  1794  stm32h7xx_hal_dma.o(.text.HAL_DMA_Start_IT)
    HAL_GPIO_Init                            0x080078d1   Thumb Code   936  stm32h7xx_hal_gpio.o(.text.HAL_GPIO_Init)
    HAL_GPIO_WritePin                        0x08007c79   Thumb Code    46  stm32h7xx_hal_gpio.o(.text.HAL_GPIO_WritePin)
    HAL_GetTick                              0x08007ca9   Thumb Code    12  stm32h7xx_hal.o(.text.HAL_GetTick)
    HAL_IncTick                              0x08007cb9   Thumb Code    26  stm32h7xx_hal.o(.text.HAL_IncTick)
    HAL_Init                                 0x08007cd9   Thumb Code   122  stm32h7xx_hal.o(.text.HAL_Init)
    HAL_InitTick                             0x08007d59   Thumb Code   134  stm32h7xx_hal.o(.text.HAL_InitTick)
    HAL_MPU_ConfigRegion                     0x08007de1   Thumb Code   128  stm32h7xx_hal_cortex.o(.text.HAL_MPU_ConfigRegion)
    HAL_MPU_Disable                          0x08007e61   Thumb Code    34  stm32h7xx_hal_cortex.o(.text.HAL_MPU_Disable)
    HAL_MPU_Enable                           0x08007e89   Thumb Code    48  stm32h7xx_hal_cortex.o(.text.HAL_MPU_Enable)
    HAL_MspInit                              0x08007eb9   Thumb Code    36  stm32h7xx_hal_msp.o(.text.HAL_MspInit)
    HAL_NVIC_EnableIRQ                       0x08007ee1   Thumb Code    20  stm32h7xx_hal_cortex.o(.text.HAL_NVIC_EnableIRQ)
    HAL_NVIC_SetPriority                     0x08007ef9   Thumb Code    46  stm32h7xx_hal_cortex.o(.text.HAL_NVIC_SetPriority)
    HAL_NVIC_SetPriorityGrouping             0x08007f29   Thumb Code    16  stm32h7xx_hal_cortex.o(.text.HAL_NVIC_SetPriorityGrouping)
    HAL_PWREx_ConfigSupply                   0x08007f39   Thumb Code   162  stm32h7xx_hal_pwr_ex.o(.text.HAL_PWREx_ConfigSupply)
    HAL_RCCEx_GetD3PCLK1Freq                 0x08007fe1   Thumb Code    38  stm32h7xx_hal_rcc_ex.o(.text.HAL_RCCEx_GetD3PCLK1Freq)
    HAL_RCCEx_GetPLL1ClockFreq               0x08008009   Thumb Code   648  stm32h7xx_hal_rcc_ex.o(.text.HAL_RCCEx_GetPLL1ClockFreq)
    HAL_RCCEx_GetPLL2ClockFreq               0x080082a1   Thumb Code   648  stm32h7xx_hal_rcc_ex.o(.text.HAL_RCCEx_GetPLL2ClockFreq)
    HAL_RCCEx_GetPLL3ClockFreq               0x08008539   Thumb Code   648  stm32h7xx_hal_rcc_ex.o(.text.HAL_RCCEx_GetPLL3ClockFreq)
    HAL_RCCEx_GetPeriphCLKFreq               0x080087d1   Thumb Code  2770  stm32h7xx_hal_rcc_ex.o(.text.HAL_RCCEx_GetPeriphCLKFreq)
    HAL_RCCEx_PeriphCLKConfig                0x080092a9   Thumb Code  4076  stm32h7xx_hal_rcc_ex.o(.text.HAL_RCCEx_PeriphCLKConfig)
    HAL_RCC_ClockConfig                      0x0800a299   Thumb Code  1176  stm32h7xx_hal_rcc.o(.text.HAL_RCC_ClockConfig)
    HAL_RCC_GetHCLKFreq                      0x0800a731   Thumb Code    86  stm32h7xx_hal_rcc.o(.text.HAL_RCC_GetHCLKFreq)
    HAL_RCC_GetPCLK1Freq                     0x0800a789   Thumb Code    38  stm32h7xx_hal_rcc.o(.text.HAL_RCC_GetPCLK1Freq)
    HAL_RCC_GetPCLK2Freq                     0x0800a7b1   Thumb Code    38  stm32h7xx_hal_rcc.o(.text.HAL_RCC_GetPCLK2Freq)
    HAL_RCC_GetSysClockFreq                  0x0800a7d9   Thumb Code   748  stm32h7xx_hal_rcc.o(.text.HAL_RCC_GetSysClockFreq)
    HAL_RCC_OscConfig                        0x0800aad9   Thumb Code  2592  stm32h7xx_hal_rcc.o(.text.HAL_RCC_OscConfig)
    HAL_SPI_Init                             0x0800b4f9   Thumb Code   658  stm32h7xx_hal_spi.o(.text.HAL_SPI_Init)
    HAL_SPI_MspInit                          0x0800b791   Thumb Code   170  spi.o(.text.HAL_SPI_MspInit)
    HAL_SRAM_Init                            0x0800b841   Thumb Code   144  stm32h7xx_hal_sram.o(.text.HAL_SRAM_Init)
    HAL_SRAM_MspInit                         0x0800b8d1   Thumb Code    14  fmc.o(.text.HAL_SRAM_MspInit)
    HAL_SYSTICK_Config                       0x0800b8e1   Thumb Code    16  stm32h7xx_hal_cortex.o(.text.HAL_SYSTICK_Config)
    HAL_TIMEx_MasterConfigSynchronization    0x0800b8f1   Thumb Code   380  stm32h7xx_hal_tim_ex.o(.text.HAL_TIMEx_MasterConfigSynchronization)
    HAL_TIM_Base_Init                        0x0800ba71   Thumb Code   168  stm32h7xx_hal_tim.o(.text.HAL_TIM_Base_Init)
    HAL_TIM_Base_MspInit                     0x0800bb19   Thumb Code   110  tim.o(.text.HAL_TIM_Base_MspInit)
    HAL_UARTEx_DisableFifoMode               0x0800bb89   Thumb Code   124  stm32h7xx_hal_uart_ex.o(.text.HAL_UARTEx_DisableFifoMode)
    HAL_UARTEx_ReceiveToIdle_DMA             0x0800bc09   Thumb Code   176  stm32h7xx_hal_uart_ex.o(.text.HAL_UARTEx_ReceiveToIdle_DMA)
    HAL_UARTEx_RxEventCallback               0x0800bcb9   Thumb Code    64  bsp.o(.text.HAL_UARTEx_RxEventCallback)
    HAL_UARTEx_RxFifoFullCallback            0x0800bcf9   Thumb Code     8  stm32h7xx_hal_uart_ex.o(.text.HAL_UARTEx_RxFifoFullCallback)
    HAL_UARTEx_SetRxFifoThreshold            0x0800bd01   Thumb Code   140  stm32h7xx_hal_uart_ex.o(.text.HAL_UARTEx_SetRxFifoThreshold)
    HAL_UARTEx_SetTxFifoThreshold            0x0800bd91   Thumb Code   140  stm32h7xx_hal_uart_ex.o(.text.HAL_UARTEx_SetTxFifoThreshold)
    HAL_UARTEx_TxFifoEmptyCallback           0x0800be21   Thumb Code     8  stm32h7xx_hal_uart_ex.o(.text.HAL_UARTEx_TxFifoEmptyCallback)
    HAL_UARTEx_WakeupCallback                0x0800be29   Thumb Code     8  stm32h7xx_hal_uart_ex.o(.text.HAL_UARTEx_WakeupCallback)
    HAL_UART_ErrorCallback                   0x0800be31   Thumb Code     8  stm32h7xx_hal_uart.o(.text.HAL_UART_ErrorCallback)
    HAL_UART_IRQHandler                      0x0800be39   Thumb Code  1790  stm32h7xx_hal_uart.o(.text.HAL_UART_IRQHandler)
    HAL_UART_Init                            0x0800c539   Thumb Code   170  stm32h7xx_hal_uart.o(.text.HAL_UART_Init)
    HAL_UART_MspInit                         0x0800c5e9   Thumb Code   348  usart.o(.text.HAL_UART_MspInit)
    HAL_UART_RxCpltCallback                  0x0800c749   Thumb Code     8  stm32h7xx_hal_uart.o(.text.HAL_UART_RxCpltCallback)
    HAL_UART_RxHalfCpltCallback              0x0800c751   Thumb Code     8  stm32h7xx_hal_uart.o(.text.HAL_UART_RxHalfCpltCallback)
    HAL_UART_Transmit_DMA                    0x0800c759   Thumb Code   264  stm32h7xx_hal_uart.o(.text.HAL_UART_Transmit_DMA)
    HAL_UART_TxCpltCallback                  0x0800c861   Thumb Code     8  stm32h7xx_hal_uart.o(.text.HAL_UART_TxCpltCallback)
    HAL_UART_TxHalfCpltCallback              0x0800c869   Thumb Code     8  stm32h7xx_hal_uart.o(.text.HAL_UART_TxHalfCpltCallback)
    HardFault_Handler                        0x0800c871   Thumb Code     4  stm32h7xx_it.o(.text.HardFault_Handler)
    MX_ADC1_Init                             0x0800cd31   Thumb Code   206  adc.o(.text.MX_ADC1_Init)
    MX_ADC2_Init                             0x0800ce01   Thumb Code   152  adc.o(.text.MX_ADC2_Init)
    MX_DMA_Init                              0x0800ce99   Thumb Code    76  dma.o(.text.MX_DMA_Init)
    MX_FMC_Init                              0x0800cee9   Thumb Code   136  fmc.o(.text.MX_FMC_Init)
    MX_GPIO_Init                             0x0800cf71   Thumb Code   486  gpio.o(.text.MX_GPIO_Init)
    MX_SPI4_Init                             0x0800d159   Thumb Code   106  spi.o(.text.MX_SPI4_Init)
    MX_TIM6_Init                             0x0800d1c9   Thumb Code    92  tim.o(.text.MX_TIM6_Init)
    MX_TIM7_Init                             0x0800d229   Thumb Code    92  tim.o(.text.MX_TIM7_Init)
    MX_USART1_UART_Init                      0x0800d289   Thumb Code   142  usart.o(.text.MX_USART1_UART_Init)
    MX_USART2_UART_Init                      0x0800d319   Thumb Code   142  usart.o(.text.MX_USART2_UART_Init)
    MainProcess                              0x0800d3a9   Thumb Code     4  bsp.o(.text.MainProcess)
    MemManage_Handler                        0x0800d3b1   Thumb Code     4  stm32h7xx_it.o(.text.MemManage_Handler)
    NMI_Handler                              0x0800d3b9   Thumb Code     4  stm32h7xx_it.o(.text.NMI_Handler)
    PendSV_Handler                           0x0800d431   Thumb Code     2  stm32h7xx_it.o(.text.PendSV_Handler)
    PeriphCommonClock_Config                 0x0800d439   Thumb Code    68  main.o(.text.PeriphCommonClock_Config)
    SVC_Handler                              0x0800d851   Thumb Code     2  stm32h7xx_it.o(.text.SVC_Handler)
    SysTick_Handler                          0x0800d8b1   Thumb Code     8  stm32h7xx_it.o(.text.SysTick_Handler)
    SystemClock_Config                       0x0800d8b9   Thumb Code   208  main.o(.text.SystemClock_Config)
    SystemInit                               0x0800d989   Thumb Code   358  system_stm32h7xx.o(.text.SystemInit)
    TIM_Base_SetConfig                       0x0800daf1   Thumb Code   452  stm32h7xx_hal_tim.o(.text.TIM_Base_SetConfig)
    UART_AdvFeatureConfig                    0x0800dd41   Thumb Code   328  stm32h7xx_hal_uart.o(.text.UART_AdvFeatureConfig)
    UART_CheckIdleState                      0x0800de89   Thumb Code   326  stm32h7xx_hal_uart.o(.text.UART_CheckIdleState)
    UART_SetConfig                           0x0800e381   Thumb Code  2638  stm32h7xx_hal_uart.o(.text.UART_SetConfig)
    UART_Start_Receive_DMA                   0x0800edd1   Thumb Code   302  stm32h7xx_hal_uart.o(.text.UART_Start_Receive_DMA)
    UART_WaitOnFlagUntilTimeout              0x0800ef01   Thumb Code   268  stm32h7xx_hal_uart.o(.text.UART_WaitOnFlagUntilTimeout)
    USART1_IRQHandler                        0x0800f011   Thumb Code    16  stm32h7xx_it.o(.text.USART1_IRQHandler)
    USART2_IRQHandler                        0x0800f021   Thumb Code    16  stm32h7xx_it.o(.text.USART2_IRQHandler)
    UsageFault_Handler                       0x0800f031   Thumb Code     4  stm32h7xx_it.o(.text.UsageFault_Handler)
    main                                     0x0800f101   Thumb Code   288  main.o(.text.main)
    _btod_d2e                                0x0800f221   Thumb Code    62  btod.o(CL$$btod_d2e)
    _d2e_denorm_low                          0x0800f25f   Thumb Code    70  btod.o(CL$$btod_d2e_denorm_low)
    _d2e_norm_op1                            0x0800f2a5   Thumb Code    96  btod.o(CL$$btod_d2e_norm_op1)
    __btod_div_common                        0x0800f305   Thumb Code   696  btod.o(CL$$btod_div_common)
    _e2e                                     0x0800f63d   Thumb Code   220  btod.o(CL$$btod_e2e)
    _btod_ediv                               0x0800f719   Thumb Code    42  btod.o(CL$$btod_ediv)
    _btod_emul                               0x0800f743   Thumb Code    42  btod.o(CL$$btod_emul)
    __btod_mult_common                       0x0800f76d   Thumb Code   580  btod.o(CL$$btod_mult_common)
    __ARM_fpclassify                         0x0800f9b1   Thumb Code    48  fpclassify.o(i.__ARM_fpclassify)
    _is_digit                                0x0800f9e1   Thumb Code    14  __printf_wp.o(i._is_digit)
    _get_lc_numeric                          0x0800f9f1   Thumb Code    44  lc_numeric_c.o(locale$$code)
    _get_lc_ctype                            0x0800fa1d   Thumb Code    44  lc_ctype_c.o(locale$$code)
    _fp_init                                 0x0800fa49   Thumb Code    26  fpinit.o(x$fpl$fpinit)
    __fplib_config_fpu_vfp                   0x0800fa61   Thumb Code     0  fpinit.o(x$fpl$fpinit)
    __fplib_config_pureend_doubles           0x0800fa61   Thumb Code     0  fpinit.o(x$fpl$fpinit)
    _printf_fp_dec                           0x0800fa63   Thumb Code     4  printf1.o(x$fpl$printf1)
    _printf_fp_hex                           0x0800fa67   Thumb Code     4  printf2.o(x$fpl$printf2)
    __I$use$fp                               0x0800fa6a   Number         0  usenofp.o(x$fpl$usenofp)
    D1CorePrescTable                         0x0800fb68   Data          16  system_stm32h7xx.o(.rodata.D1CorePrescTable)
    UARTPrescTable                           0x0800fb90   Data          24  stm32h7xx_hal_uart.o(.rodata.UARTPrescTable)
    Region$$Table$$Base                      0x0800fbb4   Number         0  anon$$obj.o(Region$$Table)
    Region$$Table$$Limit                     0x0800fbe4   Number         0  anon$$obj.o(Region$$Table)
    __ctype                                  0x0800fc0d   Data           0  lc_ctype_c.o(locale$$data)
    myDualADC                                0x20000000   Data        4112  bsp.o(.data.myDualADC)
    SystemCoreClock                          0x24000000   Data           4  system_stm32h7xx.o(.data.SystemCoreClock)
    SystemD2Clock                            0x24000004   Data           4  system_stm32h7xx.o(.data.SystemD2Clock)
    buart1                                   0x24000008   Data          12  bsp.o(.data.buart1)
    uwTickFreq                               0x24000014   Data           1  stm32h7xx_hal.o(.data.uwTickFreq)
    uwTickPrio                               0x24000018   Data           4  stm32h7xx_hal.o(.data.uwTickPrio)
    __libspace_start                         0x24000020   Data          96  libspace.o(.bss)
    __temporary_stack_top$libspace           0x24000080   Data           0  libspace.o(.bss)
    guart1_RxMsg                             0x24000088   Data         128  bsp.o(.bss.guart1_RxMsg)
    guart1_TxMsg                             0x24000108   Data         128  bsp.o(.bss.guart1_TxMsg)
    hadc1                                    0x24000188   Data         112  adc.o(.bss.hadc1)
    hadc2                                    0x240001f8   Data         112  adc.o(.bss.hadc2)
    hdma_adc1                                0x24000268   Data         120  adc.o(.bss.hdma_adc1)
    hdma_adc2                                0x240002e0   Data         120  adc.o(.bss.hdma_adc2)
    hspi4                                    0x24000358   Data         136  spi.o(.bss.hspi4)
    hsram1                                   0x240003e0   Data          76  fmc.o(.bss.hsram1)
    htim6                                    0x2400042c   Data          76  tim.o(.bss.htim6)
    htim7                                    0x24000478   Data          76  tim.o(.bss.htim7)
    huart1                                   0x240004c4   Data         148  usart.o(.bss.huart1)
    huart2                                   0x24000558   Data         148  usart.o(.bss.huart2)
    uwTick                                   0x240005ec   Data           4  stm32h7xx_hal.o(.bss.uwTick)



==============================================================================

Memory Map of the image

  Image Entry point : 0x080002cd

  Load Region LR_IROM1 (Base: 0x08000000, Size: 0x00010d40, Max: 0x00100000, ABSOLUTE, COMPRESSED[0x0000fd60])

    Execution Region ER_IROM1 (Exec base: 0x08000000, Load base: 0x08000000, Size: 0x0000fd10, Max: 0x00100000, ABSOLUTE)

    Exec Addr    Load Addr    Size         Type   Attr      Idx    E Section Name        Object

    0x08000000   0x08000000   0x000002cc   Data   RO            3    RESET               startup_stm32h723xx.o
    0x080002cc   0x080002cc   0x00000008   Code   RO         2291  * !!!main             c_w.l(__main.o)
    0x080002d4   0x080002d4   0x0000005c   Code   RO         2640    !!!scatter          c_w.l(__scatter.o)
    0x08000330   0x08000330   0x0000003a   Code   RO         2638    !!dczerorl          c_w.l(__dczerorl.o)
    0x0800036a   0x0800036a   0x00000002   PAD
    0x0800036c   0x0800036c   0x0000001a   Code   RO         2644    !!handler_copy      c_w.l(__scatter_copy.o)
    0x08000386   0x08000386   0x00000002   PAD
    0x08000388   0x08000388   0x00000002   Code   RO         2641    !!handler_null      c_w.l(__scatter.o)
    0x0800038a   0x0800038a   0x00000002   PAD
    0x0800038c   0x0800038c   0x0000001c   Code   RO         2646    !!handler_zi        c_w.l(__scatter_zi.o)
    0x080003a8   0x080003a8   0x00000000   Code   RO         2379    .ARM.Collect$$_printf_percent$$00000000  c_w.l(_printf_percent.o)
    0x080003a8   0x080003a8   0x00000006   Code   RO         2368    .ARM.Collect$$_printf_percent$$00000001  c_w.l(_printf_n.o)
    0x080003ae   0x080003ae   0x00000006   Code   RO         2370    .ARM.Collect$$_printf_percent$$00000002  c_w.l(_printf_p.o)
    0x080003b4   0x080003b4   0x00000006   Code   RO         2375    .ARM.Collect$$_printf_percent$$00000003  c_w.l(_printf_f.o)
    0x080003ba   0x080003ba   0x00000006   Code   RO         2376    .ARM.Collect$$_printf_percent$$00000004  c_w.l(_printf_e.o)
    0x080003c0   0x080003c0   0x00000006   Code   RO         2377    .ARM.Collect$$_printf_percent$$00000005  c_w.l(_printf_g.o)
    0x080003c6   0x080003c6   0x00000006   Code   RO         2378    .ARM.Collect$$_printf_percent$$00000006  c_w.l(_printf_a.o)
    0x080003cc   0x080003cc   0x0000000a   Code   RO         2383    .ARM.Collect$$_printf_percent$$00000007  c_w.l(_printf_ll.o)
    0x080003d6   0x080003d6   0x00000006   Code   RO         2372    .ARM.Collect$$_printf_percent$$00000008  c_w.l(_printf_i.o)
    0x080003dc   0x080003dc   0x00000006   Code   RO         2373    .ARM.Collect$$_printf_percent$$00000009  c_w.l(_printf_d.o)
    0x080003e2   0x080003e2   0x00000006   Code   RO         2374    .ARM.Collect$$_printf_percent$$0000000A  c_w.l(_printf_u.o)
    0x080003e8   0x080003e8   0x00000006   Code   RO         2371    .ARM.Collect$$_printf_percent$$0000000B  c_w.l(_printf_o.o)
    0x080003ee   0x080003ee   0x00000006   Code   RO         2369    .ARM.Collect$$_printf_percent$$0000000C  c_w.l(_printf_x.o)
    0x080003f4   0x080003f4   0x00000006   Code   RO         2380    .ARM.Collect$$_printf_percent$$0000000D  c_w.l(_printf_lli.o)
    0x080003fa   0x080003fa   0x00000006   Code   RO         2381    .ARM.Collect$$_printf_percent$$0000000E  c_w.l(_printf_lld.o)
    0x08000400   0x08000400   0x00000006   Code   RO         2382    .ARM.Collect$$_printf_percent$$0000000F  c_w.l(_printf_llu.o)
    0x08000406   0x08000406   0x00000006   Code   RO         2387    .ARM.Collect$$_printf_percent$$00000010  c_w.l(_printf_llo.o)
    0x0800040c   0x0800040c   0x00000006   Code   RO         2388    .ARM.Collect$$_printf_percent$$00000011  c_w.l(_printf_llx.o)
    0x08000412   0x08000412   0x0000000a   Code   RO         2384    .ARM.Collect$$_printf_percent$$00000012  c_w.l(_printf_l.o)
    0x0800041c   0x0800041c   0x00000006   Code   RO         2366    .ARM.Collect$$_printf_percent$$00000013  c_w.l(_printf_c.o)
    0x08000422   0x08000422   0x00000006   Code   RO         2367    .ARM.Collect$$_printf_percent$$00000014  c_w.l(_printf_s.o)
    0x08000428   0x08000428   0x00000006   Code   RO         2385    .ARM.Collect$$_printf_percent$$00000015  c_w.l(_printf_lc.o)
    0x0800042e   0x0800042e   0x00000006   Code   RO         2386    .ARM.Collect$$_printf_percent$$00000016  c_w.l(_printf_ls.o)
    0x08000434   0x08000434   0x00000004   Code   RO         2431    .ARM.Collect$$_printf_percent$$00000017  c_w.l(_printf_percent_end.o)
    0x08000438   0x08000438   0x00000002   Code   RO         2486    .ARM.Collect$$libinit$$00000000  c_w.l(libinit.o)
    0x0800043a   0x0800043a   0x00000004   Code   RO         2510    .ARM.Collect$$libinit$$00000001  c_w.l(libinit2.o)
    0x0800043e   0x0800043e   0x00000000   Code   RO         2513    .ARM.Collect$$libinit$$00000004  c_w.l(libinit2.o)
    0x0800043e   0x0800043e   0x00000000   Code   RO         2515    .ARM.Collect$$libinit$$00000006  c_w.l(libinit2.o)
    0x0800043e   0x0800043e   0x00000000   Code   RO         2518    .ARM.Collect$$libinit$$0000000C  c_w.l(libinit2.o)
    0x0800043e   0x0800043e   0x00000000   Code   RO         2520    .ARM.Collect$$libinit$$0000000E  c_w.l(libinit2.o)
    0x0800043e   0x0800043e   0x00000000   Code   RO         2522    .ARM.Collect$$libinit$$00000010  c_w.l(libinit2.o)
    0x0800043e   0x0800043e   0x00000006   Code   RO         2523    .ARM.Collect$$libinit$$00000011  c_w.l(libinit2.o)
    0x08000444   0x08000444   0x00000000   Code   RO         2525    .ARM.Collect$$libinit$$00000013  c_w.l(libinit2.o)
    0x08000444   0x08000444   0x0000000c   Code   RO         2526    .ARM.Collect$$libinit$$00000014  c_w.l(libinit2.o)
    0x08000450   0x08000450   0x00000000   Code   RO         2527    .ARM.Collect$$libinit$$00000015  c_w.l(libinit2.o)
    0x08000450   0x08000450   0x00000000   Code   RO         2529    .ARM.Collect$$libinit$$00000017  c_w.l(libinit2.o)
    0x08000450   0x08000450   0x0000000a   Code   RO         2530    .ARM.Collect$$libinit$$00000018  c_w.l(libinit2.o)
    0x0800045a   0x0800045a   0x00000000   Code   RO         2531    .ARM.Collect$$libinit$$00000019  c_w.l(libinit2.o)
    0x0800045a   0x0800045a   0x00000000   Code   RO         2533    .ARM.Collect$$libinit$$0000001B  c_w.l(libinit2.o)
    0x0800045a   0x0800045a   0x00000000   Code   RO         2535    .ARM.Collect$$libinit$$0000001D  c_w.l(libinit2.o)
    0x0800045a   0x0800045a   0x00000000   Code   RO         2537    .ARM.Collect$$libinit$$0000001F  c_w.l(libinit2.o)
    0x0800045a   0x0800045a   0x00000000   Code   RO         2539    .ARM.Collect$$libinit$$00000021  c_w.l(libinit2.o)
    0x0800045a   0x0800045a   0x00000000   Code   RO         2541    .ARM.Collect$$libinit$$00000023  c_w.l(libinit2.o)
    0x0800045a   0x0800045a   0x00000000   Code   RO         2543    .ARM.Collect$$libinit$$00000025  c_w.l(libinit2.o)
    0x0800045a   0x0800045a   0x00000000   Code   RO         2545    .ARM.Collect$$libinit$$00000027  c_w.l(libinit2.o)
    0x0800045a   0x0800045a   0x00000000   Code   RO         2549    .ARM.Collect$$libinit$$0000002E  c_w.l(libinit2.o)
    0x0800045a   0x0800045a   0x00000000   Code   RO         2551    .ARM.Collect$$libinit$$00000030  c_w.l(libinit2.o)
    0x0800045a   0x0800045a   0x00000000   Code   RO         2553    .ARM.Collect$$libinit$$00000032  c_w.l(libinit2.o)
    0x0800045a   0x0800045a   0x00000000   Code   RO         2555    .ARM.Collect$$libinit$$00000034  c_w.l(libinit2.o)
    0x0800045a   0x0800045a   0x00000002   Code   RO         2556    .ARM.Collect$$libinit$$00000035  c_w.l(libinit2.o)
    0x0800045c   0x0800045c   0x00000002   Code   RO         2593    .ARM.Collect$$libshutdown$$00000000  c_w.l(libshutdown.o)
    0x0800045e   0x0800045e   0x00000000   Code   RO         2621    .ARM.Collect$$libshutdown$$00000002  c_w.l(libshutdown2.o)
    0x0800045e   0x0800045e   0x00000000   Code   RO         2623    .ARM.Collect$$libshutdown$$00000004  c_w.l(libshutdown2.o)
    0x0800045e   0x0800045e   0x00000000   Code   RO         2626    .ARM.Collect$$libshutdown$$00000007  c_w.l(libshutdown2.o)
    0x0800045e   0x0800045e   0x00000000   Code   RO         2629    .ARM.Collect$$libshutdown$$0000000A  c_w.l(libshutdown2.o)
    0x0800045e   0x0800045e   0x00000000   Code   RO         2631    .ARM.Collect$$libshutdown$$0000000C  c_w.l(libshutdown2.o)
    0x0800045e   0x0800045e   0x00000000   Code   RO         2634    .ARM.Collect$$libshutdown$$0000000F  c_w.l(libshutdown2.o)
    0x0800045e   0x0800045e   0x00000002   Code   RO         2635    .ARM.Collect$$libshutdown$$00000010  c_w.l(libshutdown2.o)
    0x08000460   0x08000460   0x00000000   Code   RO         2293    .ARM.Collect$$rtentry$$00000000  c_w.l(__rtentry.o)
    0x08000460   0x08000460   0x00000000   Code   RO         2398    .ARM.Collect$$rtentry$$00000002  c_w.l(__rtentry2.o)
    0x08000460   0x08000460   0x00000006   Code   RO         2410    .ARM.Collect$$rtentry$$00000004  c_w.l(__rtentry4.o)
    0x08000466   0x08000466   0x00000000   Code   RO         2400    .ARM.Collect$$rtentry$$00000009  c_w.l(__rtentry2.o)
    0x08000466   0x08000466   0x00000004   Code   RO         2401    .ARM.Collect$$rtentry$$0000000A  c_w.l(__rtentry2.o)
    0x0800046a   0x0800046a   0x00000000   Code   RO         2403    .ARM.Collect$$rtentry$$0000000C  c_w.l(__rtentry2.o)
    0x0800046a   0x0800046a   0x00000008   Code   RO         2404    .ARM.Collect$$rtentry$$0000000D  c_w.l(__rtentry2.o)
    0x08000472   0x08000472   0x00000002   Code   RO         2495    .ARM.Collect$$rtexit$$00000000  c_w.l(rtexit.o)
    0x08000474   0x08000474   0x00000000   Code   RO         2562    .ARM.Collect$$rtexit$$00000002  c_w.l(rtexit2.o)
    0x08000474   0x08000474   0x00000004   Code   RO         2563    .ARM.Collect$$rtexit$$00000003  c_w.l(rtexit2.o)
    0x08000478   0x08000478   0x00000006   Code   RO         2564    .ARM.Collect$$rtexit$$00000004  c_w.l(rtexit2.o)
    0x0800047e   0x0800047e   0x00000002   PAD
    0x08000480   0x08000480   0x00000048   Code   RO            4    .text               startup_stm32h723xx.o
    0x080004c8   0x080004c8   0x000000f0   Code   RO         2279    .text               c_w.l(lludivv7m.o)
    0x080005b8   0x080005b8   0x0000003c   Code   RO         2281    .text               c_w.l(vsnprintf.o)
    0x080005f4   0x080005f4   0x0000003e   Code   RO         2283    .text               c_w.l(strlen.o)
    0x08000632   0x08000632   0x00000044   Code   RO         2285    .text               c_w.l(rt_memclr.o)
    0x08000676   0x08000676   0x0000004e   Code   RO         2287    .text               c_w.l(rt_memclr_w.o)
    0x080006c4   0x080006c4   0x00000006   Code   RO         2289    .text               c_w.l(heapauxi.o)
    0x080006ca   0x080006ca   0x0000004e   Code   RO         2300    .text               c_w.l(_printf_pad.o)
    0x08000718   0x08000718   0x00000024   Code   RO         2302    .text               c_w.l(_printf_truncate.o)
    0x0800073c   0x0800073c   0x00000052   Code   RO         2304    .text               c_w.l(_printf_str.o)
    0x0800078e   0x0800078e   0x00000002   PAD
    0x08000790   0x08000790   0x00000078   Code   RO         2306    .text               c_w.l(_printf_dec.o)
    0x08000808   0x08000808   0x00000028   Code   RO         2308    .text               c_w.l(_printf_charcount.o)
    0x08000830   0x08000830   0x00000030   Code   RO         2310    .text               c_w.l(_printf_char_common.o)
    0x08000860   0x08000860   0x00000010   Code   RO         2312    .text               c_w.l(_snputc.o)
    0x08000870   0x08000870   0x000000bc   Code   RO         2314    .text               c_w.l(_printf_wctomb.o)
    0x0800092c   0x0800092c   0x0000007c   Code   RO         2317    .text               c_w.l(_printf_longlong_dec.o)
    0x080009a8   0x080009a8   0x00000070   Code   RO         2323    .text               c_w.l(_printf_oct_int_ll.o)
    0x08000a18   0x08000a18   0x00000094   Code   RO         2343    .text               c_w.l(_printf_hex_int_ll_ptr.o)
    0x08000aac   0x08000aac   0x00000188   Code   RO         2363    .text               c_w.l(__printf_flags_ss_wp.o)
    0x08000c34   0x08000c34   0x0000008a   Code   RO         2414    .text               c_w.l(lludiv10.o)
    0x08000cbe   0x08000cbe   0x000000b2   Code   RO         2416    .text               c_w.l(_printf_intcommon.o)
    0x08000d70   0x08000d70   0x0000041c   Code   RO         2418    .text               c_w.l(_printf_fp_dec.o)
    0x0800118c   0x0800118c   0x000002fc   Code   RO         2422    .text               c_w.l(_printf_fp_hex.o)
    0x08001488   0x08001488   0x0000002c   Code   RO         2427    .text               c_w.l(_printf_char.o)
    0x080014b4   0x080014b4   0x0000002c   Code   RO         2429    .text               c_w.l(_printf_wchar.o)
    0x080014e0   0x080014e0   0x00000048   Code   RO         2432    .text               c_w.l(_c16rtomb.o)
    0x08001528   0x08001528   0x0000004a   Code   RO         2434    .text               c_w.l(sys_stackheap_outer.o)
    0x08001572   0x08001572   0x00000002   PAD
    0x08001574   0x08001574   0x00000010   Code   RO         2436    .text               c_w.l(rt_ctype_table.o)
    0x08001584   0x08001584   0x00000008   Code   RO         2441    .text               c_w.l(rt_locale_intlibspace.o)
    0x0800158c   0x0800158c   0x00000080   Code   RO         2443    .text               c_w.l(_printf_fp_infnan.o)
    0x0800160c   0x0800160c   0x000000e4   Code   RO         2445    .text               c_w.l(bigflt0.o)
    0x080016f0   0x080016f0   0x00000012   Code   RO         2475    .text               c_w.l(exit.o)
    0x08001702   0x08001702   0x00000002   PAD
    0x08001704   0x08001704   0x00000008   Code   RO         2492    .text               c_w.l(libspace.o)
    0x0800170c   0x0800170c   0x00000004   PAD
    0x08001710   0x08001710   0x0000007c   Code   RO         2508    .text               c_w.l(strcmpv7m_pel.o)
    0x0800178c   0x0800178c   0x0000000c   Code   RO         2557    .text               c_w.l(sys_exit.o)
    0x08001798   0x08001798   0x00000002   Code   RO         2582    .text               c_w.l(use_no_semi.o)
    0x0800179a   0x0800179a   0x00000000   Code   RO         2584    .text               c_w.l(indicate_semi.o)
    0x0800179a   0x0800179a   0x00000006   PAD
    0x080017a0   0x080017a0   0x000001da   Code   RO          204    .text.ADC_ConfigureBoostMode  stm32h7xx_hal_adc.o
    0x0800197a   0x0800197a   0x00000006   PAD
    0x08001980   0x08001980   0x0000001c   Code   RO          163    .text.ADC_IRQHandler  stm32h7xx_it.o
    0x0800199c   0x0800199c   0x00000004   PAD
    0x080019a0   0x080019a0   0x000001c2   Code   RO         2267    .text.BSP_UART_ReceiveToIdle_DMA  bsp_uart.o
    0x08001b62   0x08001b62   0x00000006   PAD
    0x08001b68   0x08001b68   0x00000076   Code   RO         2269    .text.BSP_UART_Transmit_DMA  bsp_uart.o
    0x08001bde   0x08001bde   0x00000002   PAD
    0x08001be0   0x08001be0   0x00000004   Code   RO          147    .text.BusFault_Handler  stm32h7xx_it.o
    0x08001be4   0x08001be4   0x00000004   PAD
    0x08001be8   0x08001be8   0x00000010   Code   RO          159    .text.DMA1_Stream0_IRQHandler  stm32h7xx_it.o
    0x08001bf8   0x08001bf8   0x00000010   Code   RO          161    .text.DMA1_Stream1_IRQHandler  stm32h7xx_it.o
    0x08001c08   0x08001c08   0x000001ca   Code   RO          723    .text.DMA_CalcBaseAndBitshift  stm32h7xx_hal_dma.o
    0x08001dd2   0x08001dd2   0x00000006   PAD
    0x08001dd8   0x08001dd8   0x00000178   Code   RO          725    .text.DMA_CalcDMAMUXChannelBaseAndMask  stm32h7xx_hal_dma.o
    0x08001f50   0x08001f50   0x0000012a   Code   RO          727    .text.DMA_CalcDMAMUXRequestGenBaseAndMask  stm32h7xx_hal_dma.o
    0x0800207a   0x0800207a   0x00000006   PAD
    0x08002080   0x08002080   0x000000f0   Code   RO          721    .text.DMA_CheckFifoParam  stm32h7xx_hal_dma.o
    0x08002170   0x08002170   0x00000514   Code   RO          733    .text.DMA_SetConfig  stm32h7xx_hal_dma.o
    0x08002684   0x08002684   0x00000004   PAD
    0x08002688   0x08002688   0x00000002   Code   RO          153    .text.DebugMon_Handler  stm32h7xx_it.o
    0x0800268a   0x0800268a   0x00000006   PAD
    0x08002690   0x08002690   0x0000000e   Code   RO           19    .text.Error_Handler  main.o
    0x0800269e   0x0800269e   0x00000002   PAD
    0x080026a0   0x080026a0   0x00000028   Code   RO         2137    .text.ExitRun0Mode  system_stm32h7xx.o
    0x080026c8   0x080026c8   0x00000064   Code   RO         1373    .text.FMC_NORSRAM_Extended_Timing_Init  stm32h7xx_ll_fmc.o
    0x0800272c   0x0800272c   0x00000004   PAD
    0x08002730   0x08002730   0x0000010c   Code   RO         1367    .text.FMC_NORSRAM_Init  stm32h7xx_ll_fmc.o
    0x0800283c   0x0800283c   0x00000004   PAD
    0x08002840   0x08002840   0x00000086   Code   RO         1371    .text.FMC_NORSRAM_Timing_Init  stm32h7xx_ll_fmc.o
    0x080028c6   0x080028c6   0x00000002   PAD
    0x080028c8   0x080028c8   0x00000008   Code   RO          409    .text.HAL_ADCEx_EndOfSamplingCallback  stm32h7xx_hal_adc_ex.o
    0x080028d0   0x080028d0   0x00000008   Code   RO          401    .text.HAL_ADCEx_InjectedConvCpltCallback  stm32h7xx_hal_adc_ex.o
    0x080028d8   0x080028d8   0x00000008   Code   RO          403    .text.HAL_ADCEx_InjectedQueueOverflowCallback  stm32h7xx_hal_adc_ex.o
    0x080028e0   0x080028e0   0x00000008   Code   RO          405    .text.HAL_ADCEx_LevelOutOfWindow2Callback  stm32h7xx_hal_adc_ex.o
    0x080028e8   0x080028e8   0x00000008   Code   RO          407    .text.HAL_ADCEx_LevelOutOfWindow3Callback  stm32h7xx_hal_adc_ex.o
    0x080028f0   0x080028f0   0x00000292   Code   RO          443    .text.HAL_ADCEx_MultiModeConfigChannel  stm32h7xx_hal_adc_ex.o
    0x08002b82   0x08002b82   0x00000006   PAD
    0x08002b88   0x08002b88   0x00000d2c   Code   RO          266    .text.HAL_ADC_ConfigChannel  stm32h7xx_hal_adc.o
    0x080038b4   0x080038b4   0x00000004   PAD
    0x080038b8   0x080038b8   0x0000002c   Code   RO         2155    .text.HAL_ADC_ConvCpltCallback  bsp.o
    0x080038e4   0x080038e4   0x00000004   PAD
    0x080038e8   0x080038e8   0x00000008   Code   RO          262    .text.HAL_ADC_ErrorCallback  stm32h7xx_hal_adc.o
    0x080038f0   0x080038f0   0x00000538   Code   RO          254    .text.HAL_ADC_IRQHandler  stm32h7xx_hal_adc.o
    0x08003e28   0x08003e28   0x00000502   Code   RO          184    .text.HAL_ADC_Init  stm32h7xx_hal_adc.o
    0x0800432a   0x0800432a   0x00000006   PAD
    0x08004330   0x08004330   0x00000008   Code   RO          260    .text.HAL_ADC_LevelOutOfWindowCallback  stm32h7xx_hal_adc.o
    0x08004338   0x08004338   0x000001f8   Code   RO           41    .text.HAL_ADC_MspInit  adc.o
    0x08004530   0x08004530   0x00000978   Code   RO          737    .text.HAL_DMA_Abort  stm32h7xx_hal_dma.o
    0x08004ea8   0x08004ea8   0x000006aa   Code   RO          739    .text.HAL_DMA_Abort_IT  stm32h7xx_hal_dma.o
    0x08005552   0x08005552   0x00000006   PAD
    0x08005558   0x08005558   0x000011c0   Code   RO          743    .text.HAL_DMA_IRQHandler  stm32h7xx_hal_dma.o
    0x08006718   0x08006718   0x00000960   Code   RO          719    .text.HAL_DMA_Init  stm32h7xx_hal_dma.o
    0x08007078   0x08007078   0x00000702   Code   RO          735    .text.HAL_DMA_Start_IT  stm32h7xx_hal_dma.o
    0x0800777a   0x0800777a   0x00000006   PAD
    0x08007780   0x08007780   0x0000014c   Code   RO           77    .text.HAL_FMC_MspInit  fmc.o
    0x080078cc   0x080078cc   0x00000004   PAD
    0x080078d0   0x080078d0   0x000003a8   Code   RO          667    .text.HAL_GPIO_Init  stm32h7xx_hal_gpio.o
    0x08007c78   0x08007c78   0x0000002e   Code   RO          673    .text.HAL_GPIO_WritePin  stm32h7xx_hal_gpio.o
    0x08007ca6   0x08007ca6   0x00000002   PAD
    0x08007ca8   0x08007ca8   0x0000000c   Code   RO         1048    .text.HAL_GetTick   stm32h7xx_hal.o
    0x08007cb4   0x08007cb4   0x00000004   PAD
    0x08007cb8   0x08007cb8   0x0000001a   Code   RO         1046    .text.HAL_IncTick   stm32h7xx_hal.o
    0x08007cd2   0x08007cd2   0x00000006   PAD
    0x08007cd8   0x08007cd8   0x0000007a   Code   RO         1036    .text.HAL_Init      stm32h7xx_hal.o
    0x08007d52   0x08007d52   0x00000006   PAD
    0x08007d58   0x08007d58   0x00000086   Code   RO         1038    .text.HAL_InitTick  stm32h7xx_hal.o
    0x08007dde   0x08007dde   0x00000002   PAD
    0x08007de0   0x08007de0   0x00000080   Code   RO          995    .text.HAL_MPU_ConfigRegion  stm32h7xx_hal_cortex.o
    0x08007e60   0x08007e60   0x00000022   Code   RO          987    .text.HAL_MPU_Disable  stm32h7xx_hal_cortex.o
    0x08007e82   0x08007e82   0x00000006   PAD
    0x08007e88   0x08007e88   0x00000030   Code   RO          989    .text.HAL_MPU_Enable  stm32h7xx_hal_cortex.o
    0x08007eb8   0x08007eb8   0x00000024   Code   RO          176    .text.HAL_MspInit   stm32h7xx_hal_msp.o
    0x08007edc   0x08007edc   0x00000004   PAD
    0x08007ee0   0x08007ee0   0x00000014   Code   RO          971    .text.HAL_NVIC_EnableIRQ  stm32h7xx_hal_cortex.o
    0x08007ef4   0x08007ef4   0x00000004   PAD
    0x08007ef8   0x08007ef8   0x0000002e   Code   RO          963    .text.HAL_NVIC_SetPriority  stm32h7xx_hal_cortex.o
    0x08007f26   0x08007f26   0x00000002   PAD
    0x08007f28   0x08007f28   0x00000010   Code   RO          959    .text.HAL_NVIC_SetPriorityGrouping  stm32h7xx_hal_cortex.o
    0x08007f38   0x08007f38   0x000000a2   Code   RO          876    .text.HAL_PWREx_ConfigSupply  stm32h7xx_hal_pwr_ex.o
    0x08007fda   0x08007fda   0x00000006   PAD
    0x08007fe0   0x08007fe0   0x00000026   Code   RO          517    .text.HAL_RCCEx_GetD3PCLK1Freq  stm32h7xx_hal_rcc_ex.o
    0x08008006   0x08008006   0x00000002   PAD
    0x08008008   0x08008008   0x00000298   Code   RO          511    .text.HAL_RCCEx_GetPLL1ClockFreq  stm32h7xx_hal_rcc_ex.o
    0x080082a0   0x080082a0   0x00000298   Code   RO          513    .text.HAL_RCCEx_GetPLL2ClockFreq  stm32h7xx_hal_rcc_ex.o
    0x08008538   0x08008538   0x00000298   Code   RO          515    .text.HAL_RCCEx_GetPLL3ClockFreq  stm32h7xx_hal_rcc_ex.o
    0x080087d0   0x080087d0   0x00000ad2   Code   RO          509    .text.HAL_RCCEx_GetPeriphCLKFreq  stm32h7xx_hal_rcc_ex.o
    0x080092a2   0x080092a2   0x00000006   PAD
    0x080092a8   0x080092a8   0x00000fec   Code   RO          501    .text.HAL_RCCEx_PeriphCLKConfig  stm32h7xx_hal_rcc_ex.o
    0x0800a294   0x0800a294   0x00000004   PAD
    0x0800a298   0x0800a298   0x00000498   Code   RO          470    .text.HAL_RCC_ClockConfig  stm32h7xx_hal_rcc.o
    0x0800a730   0x0800a730   0x00000056   Code   RO          480    .text.HAL_RCC_GetHCLKFreq  stm32h7xx_hal_rcc.o
    0x0800a786   0x0800a786   0x00000002   PAD
    0x0800a788   0x0800a788   0x00000026   Code   RO          482    .text.HAL_RCC_GetPCLK1Freq  stm32h7xx_hal_rcc.o
    0x0800a7ae   0x0800a7ae   0x00000002   PAD
    0x0800a7b0   0x0800a7b0   0x00000026   Code   RO          484    .text.HAL_RCC_GetPCLK2Freq  stm32h7xx_hal_rcc.o
    0x0800a7d6   0x0800a7d6   0x00000002   PAD
    0x0800a7d8   0x0800a7d8   0x000002fc   Code   RO          472    .text.HAL_RCC_GetSysClockFreq  stm32h7xx_hal_rcc.o
    0x0800aad4   0x0800aad4   0x00000004   PAD
    0x0800aad8   0x0800aad8   0x00000a20   Code   RO          468    .text.HAL_RCC_OscConfig  stm32h7xx_hal_rcc.o
    0x0800b4f8   0x0800b4f8   0x00000292   Code   RO         1468    .text.HAL_SPI_Init  stm32h7xx_hal_spi.o
    0x0800b78a   0x0800b78a   0x00000006   PAD
    0x0800b790   0x0800b790   0x000000aa   Code   RO           95    .text.HAL_SPI_MspInit  spi.o
    0x0800b83a   0x0800b83a   0x00000006   PAD
    0x0800b840   0x0800b840   0x00000090   Code   RO         1419    .text.HAL_SRAM_Init  stm32h7xx_hal_sram.o
    0x0800b8d0   0x0800b8d0   0x0000000e   Code   RO           75    .text.HAL_SRAM_MspInit  fmc.o
    0x0800b8de   0x0800b8de   0x00000002   PAD
    0x0800b8e0   0x0800b8e0   0x00000010   Code   RO          983    .text.HAL_SYSTICK_Config  stm32h7xx_hal_cortex.o
    0x0800b8f0   0x0800b8f0   0x0000017c   Code   RO         1905    .text.HAL_TIMEx_MasterConfigSynchronization  stm32h7xx_hal_tim_ex.o
    0x0800ba6c   0x0800ba6c   0x00000004   PAD
    0x0800ba70   0x0800ba70   0x000000a8   Code   RO         1588    .text.HAL_TIM_Base_Init  stm32h7xx_hal_tim.o
    0x0800bb18   0x0800bb18   0x0000006e   Code   RO          111    .text.HAL_TIM_Base_MspInit  tim.o
    0x0800bb86   0x0800bb86   0x00000002   PAD
    0x0800bb88   0x0800bb88   0x0000007c   Code   RO         2110    .text.HAL_UARTEx_DisableFifoMode  stm32h7xx_hal_uart_ex.o
    0x0800bc04   0x0800bc04   0x00000004   PAD
    0x0800bc08   0x0800bc08   0x000000b0   Code   RO         2120    .text.HAL_UARTEx_ReceiveToIdle_DMA  stm32h7xx_hal_uart_ex.o
    0x0800bcb8   0x0800bcb8   0x00000040   Code   RO         2151    .text.HAL_UARTEx_RxEventCallback  bsp.o
    0x0800bcf8   0x0800bcf8   0x00000008   Code   RO         2092    .text.HAL_UARTEx_RxFifoFullCallback  stm32h7xx_hal_uart_ex.o
    0x0800bd00   0x0800bd00   0x0000008c   Code   RO         2114    .text.HAL_UARTEx_SetRxFifoThreshold  stm32h7xx_hal_uart_ex.o
    0x0800bd8c   0x0800bd8c   0x00000004   PAD
    0x0800bd90   0x0800bd90   0x0000008c   Code   RO         2112    .text.HAL_UARTEx_SetTxFifoThreshold  stm32h7xx_hal_uart_ex.o
    0x0800be1c   0x0800be1c   0x00000004   PAD
    0x0800be20   0x0800be20   0x00000008   Code   RO         2094    .text.HAL_UARTEx_TxFifoEmptyCallback  stm32h7xx_hal_uart_ex.o
    0x0800be28   0x0800be28   0x00000008   Code   RO         2090    .text.HAL_UARTEx_WakeupCallback  stm32h7xx_hal_uart_ex.o
    0x0800be30   0x0800be30   0x00000008   Code   RO         2032    .text.HAL_UART_ErrorCallback  stm32h7xx_hal_uart.o
    0x0800be38   0x0800be38   0x000006fe   Code   RO         2028    .text.HAL_UART_IRQHandler  stm32h7xx_hal_uart.o
    0x0800c536   0x0800c536   0x00000002   PAD
    0x0800c538   0x0800c538   0x000000aa   Code   RO         1940    .text.HAL_UART_Init  stm32h7xx_hal_uart.o
    0x0800c5e2   0x0800c5e2   0x00000006   PAD
    0x0800c5e8   0x0800c5e8   0x0000015c   Code   RO          128    .text.HAL_UART_MspInit  usart.o
    0x0800c744   0x0800c744   0x00000004   PAD
    0x0800c748   0x0800c748   0x00000008   Code   RO         2042    .text.HAL_UART_RxCpltCallback  stm32h7xx_hal_uart.o
    0x0800c750   0x0800c750   0x00000008   Code   RO         2044    .text.HAL_UART_RxHalfCpltCallback  stm32h7xx_hal_uart.o
    0x0800c758   0x0800c758   0x00000108   Code   RO         1980    .text.HAL_UART_Transmit_DMA  stm32h7xx_hal_uart.o
    0x0800c860   0x0800c860   0x00000008   Code   RO         2038    .text.HAL_UART_TxCpltCallback  stm32h7xx_hal_uart.o
    0x0800c868   0x0800c868   0x00000008   Code   RO         2040    .text.HAL_UART_TxHalfCpltCallback  stm32h7xx_hal_uart.o
    0x0800c870   0x0800c870   0x00000004   Code   RO          143    .text.HardFault_Handler  stm32h7xx_it.o
    0x0800c874   0x0800c874   0x00000004   PAD
    0x0800c878   0x0800c878   0x00000018   Code   RO          190    .text.LL_ADC_DisableDeepPowerDown  stm32h7xx_hal_adc.o
    0x0800c890   0x0800c890   0x0000001e   Code   RO          194    .text.LL_ADC_EnableInternalRegulator  stm32h7xx_hal_adc.o
    0x0800c8ae   0x0800c8ae   0x00000002   PAD
    0x0800c8b0   0x0800c8b0   0x00000010   Code   RO          290    .text.LL_ADC_GetCommonPathInternalCh  stm32h7xx_hal_adc.o
    0x0800c8c0   0x0800c8c0   0x00000010   Code   RO          226    .text.LL_ADC_GetMultiDMATransfer  stm32h7xx_hal_adc.o
    0x0800c8d0   0x0800c8d0   0x00000010   Code   RO          216    .text.LL_ADC_GetMultimode  stm32h7xx_hal_adc.o
    0x0800c8e0   0x0800c8e0   0x0000001e   Code   RO          282    .text.LL_ADC_GetOffsetChannel  stm32h7xx_hal_adc.o
    0x0800c8fe   0x0800c8fe   0x00000002   PAD
    0x0800c900   0x0800c900   0x00000010   Code   RO          202    .text.LL_ADC_INJ_IsConversionOngoing  stm32h7xx_hal_adc.o
    0x0800c910   0x0800c910   0x00000016   Code   RO          258    .text.LL_ADC_INJ_IsTriggerSourceSWStart  stm32h7xx_hal_adc.o
    0x0800c926   0x0800c926   0x00000002   PAD
    0x0800c928   0x0800c928   0x00000010   Code   RO          188    .text.LL_ADC_IsDeepPowerDownEnabled  stm32h7xx_hal_adc.o
    0x0800c938   0x0800c938   0x00000010   Code   RO          198    .text.LL_ADC_IsEnabled  stm32h7xx_hal_adc.o
    0x0800c948   0x0800c948   0x00000010   Code   RO          351    .text.LL_ADC_IsEnabled  stm32h7xx_hal_adc_ex.o
    0x0800c958   0x0800c958   0x00000010   Code   RO          192    .text.LL_ADC_IsInternalRegulatorEnabled  stm32h7xx_hal_adc.o
    0x0800c968   0x0800c968   0x00000010   Code   RO          196    .text.LL_ADC_REG_IsConversionOngoing  stm32h7xx_hal_adc.o
    0x0800c978   0x0800c978   0x00000010   Code   RO          353    .text.LL_ADC_REG_IsConversionOngoing  stm32h7xx_hal_adc_ex.o
    0x0800c988   0x0800c988   0x00000016   Code   RO          228    .text.LL_ADC_REG_IsTriggerSourceSWStart  stm32h7xx_hal_adc.o
    0x0800c99e   0x0800c99e   0x00000002   PAD
    0x0800c9a0   0x0800c9a0   0x0000003a   Code   RO          268    .text.LL_ADC_REG_SetSequencerRanks  stm32h7xx_hal_adc.o
    0x0800c9da   0x0800c9da   0x00000006   PAD
    0x0800c9e0   0x0800c9e0   0x0000006c   Code   RO          288    .text.LL_ADC_SetChannelPreselection  stm32h7xx_hal_adc.o
    0x0800ca4c   0x0800ca4c   0x00000004   PAD
    0x0800ca50   0x0800ca50   0x00000036   Code   RO          270    .text.LL_ADC_SetChannelSamplingTime  stm32h7xx_hal_adc.o
    0x0800ca86   0x0800ca86   0x00000002   PAD
    0x0800ca88   0x0800ca88   0x00000070   Code   RO          286    .text.LL_ADC_SetChannelSingleDiff  stm32h7xx_hal_adc.o
    0x0800caf8   0x0800caf8   0x0000001a   Code   RO          200    .text.LL_ADC_SetCommonClock  stm32h7xx_hal_adc.o
    0x0800cb12   0x0800cb12   0x00000006   PAD
    0x0800cb18   0x0800cb18   0x0000001a   Code   RO          292    .text.LL_ADC_SetCommonPathInternalCh  stm32h7xx_hal_adc.o
    0x0800cb32   0x0800cb32   0x00000006   PAD
    0x0800cb38   0x0800cb38   0x00000024   Code   RO          280    .text.LL_ADC_SetDataRightShift  stm32h7xx_hal_adc.o
    0x0800cb5c   0x0800cb5c   0x00000004   PAD
    0x0800cb60   0x0800cb60   0x0000005c   Code   RO          272    .text.LL_ADC_SetOffset  stm32h7xx_hal_adc.o
    0x0800cbbc   0x0800cbbc   0x00000004   PAD
    0x0800cbc0   0x0800cbc0   0x0000003a   Code   RO          276    .text.LL_ADC_SetOffsetSaturation  stm32h7xx_hal_adc.o
    0x0800cbfa   0x0800cbfa   0x00000006   PAD
    0x0800cc00   0x0800cc00   0x0000003a   Code   RO          274    .text.LL_ADC_SetOffsetSign  stm32h7xx_hal_adc.o
    0x0800cc3a   0x0800cc3a   0x00000006   PAD
    0x0800cc40   0x0800cc40   0x0000003c   Code   RO          278    .text.LL_ADC_SetOffsetSignedSaturation  stm32h7xx_hal_adc.o
    0x0800cc7c   0x0800cc7c   0x00000004   PAD
    0x0800cc80   0x0800cc80   0x0000004c   Code   RO          284    .text.LL_ADC_SetOffsetState  stm32h7xx_hal_adc.o
    0x0800cccc   0x0800cccc   0x00000004   PAD
    0x0800ccd0   0x0800ccd0   0x0000005a   Code   RO           13    .text.MPU_Config    main.o
    0x0800cd2a   0x0800cd2a   0x00000006   PAD
    0x0800cd30   0x0800cd30   0x000000ce   Code   RO           37    .text.MX_ADC1_Init  adc.o
    0x0800cdfe   0x0800cdfe   0x00000002   PAD
    0x0800ce00   0x0800ce00   0x00000098   Code   RO           39    .text.MX_ADC2_Init  adc.o
    0x0800ce98   0x0800ce98   0x0000004c   Code   RO           65    .text.MX_DMA_Init   dma.o
    0x0800cee4   0x0800cee4   0x00000004   PAD
    0x0800cee8   0x0800cee8   0x00000088   Code   RO           73    .text.MX_FMC_Init   fmc.o
    0x0800cf70   0x0800cf70   0x000001e6   Code   RO           29    .text.MX_GPIO_Init  gpio.o
    0x0800d156   0x0800d156   0x00000002   PAD
    0x0800d158   0x0800d158   0x0000006a   Code   RO           93    .text.MX_SPI4_Init  spi.o
    0x0800d1c2   0x0800d1c2   0x00000006   PAD
    0x0800d1c8   0x0800d1c8   0x0000005c   Code   RO          107    .text.MX_TIM6_Init  tim.o
    0x0800d224   0x0800d224   0x00000004   PAD
    0x0800d228   0x0800d228   0x0000005c   Code   RO          109    .text.MX_TIM7_Init  tim.o
    0x0800d284   0x0800d284   0x00000004   PAD
    0x0800d288   0x0800d288   0x0000008e   Code   RO          124    .text.MX_USART1_UART_Init  usart.o
    0x0800d316   0x0800d316   0x00000002   PAD
    0x0800d318   0x0800d318   0x0000008e   Code   RO          126    .text.MX_USART2_UART_Init  usart.o
    0x0800d3a6   0x0800d3a6   0x00000002   PAD
    0x0800d3a8   0x0800d3a8   0x00000004   Code   RO         2149    .text.MainProcess   bsp.o
    0x0800d3ac   0x0800d3ac   0x00000004   PAD
    0x0800d3b0   0x0800d3b0   0x00000004   Code   RO          145    .text.MemManage_Handler  stm32h7xx_it.o
    0x0800d3b4   0x0800d3b4   0x00000004   PAD
    0x0800d3b8   0x0800d3b8   0x00000004   Code   RO          141    .text.NMI_Handler   stm32h7xx_it.o
    0x0800d3bc   0x0800d3bc   0x00000004   PAD
    0x0800d3c0   0x0800d3c0   0x0000006c   Code   RO          969    .text.NVIC_EncodePriority  stm32h7xx_hal_cortex.o
    0x0800d42c   0x0800d42c   0x00000004   PAD
    0x0800d430   0x0800d430   0x00000002   Code   RO          155    .text.PendSV_Handler  stm32h7xx_it.o
    0x0800d432   0x0800d432   0x00000006   PAD
    0x0800d438   0x0800d438   0x00000044   Code   RO           17    .text.PeriphCommonClock_Config  main.o
    0x0800d47c   0x0800d47c   0x00000004   PAD
    0x0800d480   0x0800d480   0x000001ca   Code   RO          503    .text.RCCEx_PLL2_Config  stm32h7xx_hal_rcc_ex.o
    0x0800d64a   0x0800d64a   0x00000006   PAD
    0x0800d650   0x0800d650   0x000001ca   Code   RO          505    .text.RCCEx_PLL3_Config  stm32h7xx_hal_rcc_ex.o
    0x0800d81a   0x0800d81a   0x00000006   PAD
    0x0800d820   0x0800d820   0x0000002a   Code   RO         1470    .text.SPI_GetPacketSize  stm32h7xx_hal_spi.o
    0x0800d84a   0x0800d84a   0x00000006   PAD
    0x0800d850   0x0800d850   0x00000002   Code   RO          151    .text.SVC_Handler   stm32h7xx_it.o
    0x0800d852   0x0800d852   0x00000006   PAD
    0x0800d858   0x0800d858   0x00000052   Code   RO          985    .text.SysTick_Config  stm32h7xx_hal_cortex.o
    0x0800d8aa   0x0800d8aa   0x00000006   PAD
    0x0800d8b0   0x0800d8b0   0x00000008   Code   RO          157    .text.SysTick_Handler  stm32h7xx_it.o
    0x0800d8b8   0x0800d8b8   0x000000d0   Code   RO           15    .text.SystemClock_Config  main.o
    0x0800d988   0x0800d988   0x00000166   Code   RO         2133    .text.SystemInit    system_stm32h7xx.o
    0x0800daee   0x0800daee   0x00000002   PAD
    0x0800daf0   0x0800daf0   0x000001c4   Code   RO         1592    .text.TIM_Base_SetConfig  stm32h7xx_hal_tim.o
    0x0800dcb4   0x0800dcb4   0x00000004   PAD
    0x0800dcb8   0x0800dcb8   0x00000086   Code   RO         2108    .text.UARTEx_SetNbDataToProcess  stm32h7xx_hal_uart_ex.o
    0x0800dd3e   0x0800dd3e   0x00000002   PAD
    0x0800dd40   0x0800dd40   0x00000148   Code   RO         1944    .text.UART_AdvFeatureConfig  stm32h7xx_hal_uart.o
    0x0800de88   0x0800de88   0x00000146   Code   RO         1948    .text.UART_CheckIdleState  stm32h7xx_hal_uart.o
    0x0800dfce   0x0800dfce   0x00000002   PAD
    0x0800dfd0   0x0800dfd0   0x0000001e   Code   RO         2030    .text.UART_DMAAbortOnError  stm32h7xx_hal_uart.o
    0x0800dfee   0x0800dfee   0x00000002   PAD
    0x0800dff0   0x0800dff0   0x00000080   Code   RO         1986    .text.UART_DMAError  stm32h7xx_hal_uart.o
    0x0800e070   0x0800e070   0x000000f6   Code   RO         2076    .text.UART_DMAReceiveCplt  stm32h7xx_hal_uart.o
    0x0800e166   0x0800e166   0x00000002   PAD
    0x0800e168   0x0800e168   0x00000036   Code   RO         2078    .text.UART_DMARxHalfCplt  stm32h7xx_hal_uart.o
    0x0800e19e   0x0800e19e   0x00000002   PAD
    0x0800e1a0   0x0800e1a0   0x0000007a   Code   RO         1982    .text.UART_DMATransmitCplt  stm32h7xx_hal_uart.o
    0x0800e21a   0x0800e21a   0x00000006   PAD
    0x0800e220   0x0800e220   0x00000016   Code   RO         1984    .text.UART_DMATxHalfCplt  stm32h7xx_hal_uart.o
    0x0800e236   0x0800e236   0x00000002   PAD
    0x0800e238   0x0800e238   0x0000009e   Code   RO         2000    .text.UART_EndRxTransfer  stm32h7xx_hal_uart.o
    0x0800e2d6   0x0800e2d6   0x00000002   PAD
    0x0800e2d8   0x0800e2d8   0x00000044   Code   RO         2036    .text.UART_EndTransmit_IT  stm32h7xx_hal_uart.o
    0x0800e31c   0x0800e31c   0x00000004   PAD
    0x0800e320   0x0800e320   0x0000005c   Code   RO         1998    .text.UART_EndTxTransfer  stm32h7xx_hal_uart.o
    0x0800e37c   0x0800e37c   0x00000004   PAD
    0x0800e380   0x0800e380   0x00000a4e   Code   RO         1946    .text.UART_SetConfig  stm32h7xx_hal_uart.o
    0x0800edce   0x0800edce   0x00000002   PAD
    0x0800edd0   0x0800edd0   0x0000012e   Code   RO         1990    .text.UART_Start_Receive_DMA  stm32h7xx_hal_uart.o
    0x0800eefe   0x0800eefe   0x00000002   PAD
    0x0800ef00   0x0800ef00   0x0000010c   Code   RO         1962    .text.UART_WaitOnFlagUntilTimeout  stm32h7xx_hal_uart.o
    0x0800f00c   0x0800f00c   0x00000004   PAD
    0x0800f010   0x0800f010   0x00000010   Code   RO          165    .text.USART1_IRQHandler  stm32h7xx_it.o
    0x0800f020   0x0800f020   0x00000010   Code   RO          167    .text.USART2_IRQHandler  stm32h7xx_it.o
    0x0800f030   0x0800f030   0x00000004   Code   RO          149    .text.UsageFault_Handler  stm32h7xx_it.o
    0x0800f034   0x0800f034   0x00000004   PAD
    0x0800f038   0x0800f038   0x00000030   Code   RO          973    .text.__NVIC_EnableIRQ  stm32h7xx_hal_cortex.o
    0x0800f068   0x0800f068   0x00000010   Code   RO          965    .text.__NVIC_GetPriorityGrouping  stm32h7xx_hal_cortex.o
    0x0800f078   0x0800f078   0x00000042   Code   RO          967    .text.__NVIC_SetPriority  stm32h7xx_hal_cortex.o
    0x0800f0ba   0x0800f0ba   0x00000006   PAD
    0x0800f0c0   0x0800f0c0   0x0000003c   Code   RO          961    .text.__NVIC_SetPriorityGrouping  stm32h7xx_hal_cortex.o
    0x0800f0fc   0x0800f0fc   0x00000004   PAD
    0x0800f100   0x0800f100   0x00000120   Code   RO           11    .text.main          main.o
    0x0800f220   0x0800f220   0x0000003e   Code   RO         2448    CL$$btod_d2e        c_w.l(btod.o)
    0x0800f25e   0x0800f25e   0x00000046   Code   RO         2450    CL$$btod_d2e_denorm_low  c_w.l(btod.o)
    0x0800f2a4   0x0800f2a4   0x00000060   Code   RO         2449    CL$$btod_d2e_norm_op1  c_w.l(btod.o)
    0x0800f304   0x0800f304   0x00000338   Code   RO         2458    CL$$btod_div_common  c_w.l(btod.o)
    0x0800f63c   0x0800f63c   0x000000dc   Code   RO         2455    CL$$btod_e2e        c_w.l(btod.o)
    0x0800f718   0x0800f718   0x0000002a   Code   RO         2452    CL$$btod_ediv       c_w.l(btod.o)
    0x0800f742   0x0800f742   0x0000002a   Code   RO         2451    CL$$btod_emul       c_w.l(btod.o)
    0x0800f76c   0x0800f76c   0x00000244   Code   RO         2457    CL$$btod_mult_common  c_w.l(btod.o)
    0x0800f9b0   0x0800f9b0   0x00000030   Code   RO         2490    i.__ARM_fpclassify  m_wv.l(fpclassify.o)
    0x0800f9e0   0x0800f9e0   0x0000000e   Code   RO         2356    i._is_digit         c_w.l(__printf_wp.o)
    0x0800f9ee   0x0800f9ee   0x00000002   PAD
    0x0800f9f0   0x0800f9f0   0x0000002c   Code   RO         2473    locale$$code        c_w.l(lc_numeric_c.o)
    0x0800fa1c   0x0800fa1c   0x0000002c   Code   RO         2502    locale$$code        c_w.l(lc_ctype_c.o)
    0x0800fa48   0x0800fa48   0x0000001a   Code   RO         2576    x$fpl$fpinit        fz_wv.l(fpinit.o)
    0x0800fa62   0x0800fa62   0x00000004   Code   RO         2389    x$fpl$printf1       fz_wv.l(printf1.o)
    0x0800fa66   0x0800fa66   0x00000004   Code   RO         2391    x$fpl$printf2       fz_wv.l(printf2.o)
    0x0800fa6a   0x0800fa6a   0x00000000   Code   RO         2489    x$fpl$usenofp       fz_wv.l(usenofp.o)
    0x0800fa6a   0x0800fa6a   0x00000002   PAD
    0x0800fa6c   0x0800fa6c   0x00000008   Data   RO         2315    .constdata          c_w.l(_printf_wctomb.o)
    0x0800fa74   0x0800fa74   0x00000028   Data   RO         2344    .constdata          c_w.l(_printf_hex_int_ll_ptr.o)
    0x0800fa9c   0x0800fa9c   0x00000011   Data   RO         2364    .constdata          c_w.l(__printf_flags_ss_wp.o)
    0x0800faad   0x0800faad   0x00000026   Data   RO         2423    .constdata          c_w.l(_printf_fp_hex.o)
    0x0800fad3   0x0800fad3   0x00000001   PAD
    0x0800fad4   0x0800fad4   0x00000094   Data   RO         2446    .constdata          c_w.l(bigflt0.o)
    0x0800fb68   0x0800fb68   0x00000010   Data   RO         2141    .rodata.D1CorePrescTable  system_stm32h7xx.o
    0x0800fb78   0x0800fb78   0x00000008   Data   RO          753    .rodata.DMA_CalcBaseAndBitshift.flagBitshiftOffset  stm32h7xx_hal_dma.o
    0x0800fb80   0x0800fb80   0x00000008   Data   RO         2125    .rodata.UARTEx_SetNbDataToProcess.denominator  stm32h7xx_hal_uart_ex.o
    0x0800fb88   0x0800fb88   0x00000008   Data   RO         2124    .rodata.UARTEx_SetNbDataToProcess.numerator  stm32h7xx_hal_uart_ex.o
    0x0800fb90   0x0800fb90   0x00000018   Data   RO         2080    .rodata.UARTPrescTable  stm32h7xx_hal_uart.o
    0x0800fba8   0x0800fba8   0x0000000a   Data   RO         2166    .rodata.str1.1      bsp.o
    0x0800fbb2   0x0800fbb2   0x00000002   PAD
    0x0800fbb4   0x0800fbb4   0x00000030   Data   RO         2637    Region$$Table       anon$$obj.o
    0x0800fbe4   0x0800fbe4   0x0000001c   Data   RO         2472    locale$$data        c_w.l(lc_numeric_c.o)
    0x0800fc00   0x0800fc00   0x00000110   Data   RO         2501    locale$$data        c_w.l(lc_ctype_c.o)


    Execution Region RW_IRAM1 (Exec base: 0x20000000, Load base: 0x0800fd10, Size: 0x00001010, Max: 0x00020000, ABSOLUTE, COMPRESSED[0x00000030])

    Exec Addr    Load Addr    Size         Type   Attr      Idx    E Section Name        Object

    0x20000000   COMPRESSED   0x00001010   Data   RW         2165    .data.myDualADC     bsp.o


    Execution Region RW_IRAM2 (Exec base: 0x24000000, Load base: 0x0800fd40, Size: 0x00000bf0, Max: 0x00020000, ABSOLUTE)

    Exec Addr    Load Addr    Size         Type   Attr      Idx    E Section Name        Object

    0x24000000   0x0800fd40   0x00000004   Data   RW         2139    .data.SystemCoreClock  system_stm32h7xx.o
    0x24000004   0x0800fd44   0x00000004   Data   RW         2140    .data.SystemD2Clock  system_stm32h7xx.o
    0x24000008   0x0800fd48   0x0000000c   Data   RW         2159    .data.buart1        bsp.o
    0x24000014   0x0800fd54   0x00000001   Data   RW         1145    .data.uwTickFreq    stm32h7xx_hal.o
    0x24000015   0x0800fd55   0x00000003   PAD
    0x24000018   0x0800fd58   0x00000004   Data   RW         1144    .data.uwTickPrio    stm32h7xx_hal.o
    0x2400001c   0x0800fd5c   0x00000004   PAD
    0x24000020        -       0x00000060   Zero   RW         2493    .bss                c_w.l(libspace.o)
    0x24000080        -       0x00000004   Zero   RW           84    .bss.FMC_Initialized  fmc.o
    0x24000084        -       0x00000004   Zero   RW           55    .bss.HAL_RCC_ADC12_CLK_ENABLED  adc.o
    0x24000088        -       0x00000080   Zero   RW         2158    .bss.guart1_RxMsg   bsp.o
    0x24000108        -       0x00000080   Zero   RW         2157    .bss.guart1_TxMsg   bsp.o
    0x24000188        -       0x00000070   Zero   RW           53    .bss.hadc1          adc.o
    0x240001f8        -       0x00000070   Zero   RW           54    .bss.hadc2          adc.o
    0x24000268        -       0x00000078   Zero   RW           56    .bss.hdma_adc1      adc.o
    0x240002e0        -       0x00000078   Zero   RW           57    .bss.hdma_adc2      adc.o
    0x24000358        -       0x00000088   Zero   RW           99    .bss.hspi4          spi.o
    0x240003e0        -       0x0000004c   Zero   RW           83    .bss.hsram1         fmc.o
    0x2400042c        -       0x0000004c   Zero   RW          115    .bss.htim6          tim.o
    0x24000478        -       0x0000004c   Zero   RW          116    .bss.htim7          tim.o
    0x240004c4        -       0x00000094   Zero   RW          132    .bss.huart1         usart.o
    0x24000558        -       0x00000094   Zero   RW          133    .bss.huart2         usart.o
    0x240005ec        -       0x00000004   Zero   RW         1146    .bss.uwTick         stm32h7xx_hal.o
    0x240005f0        -       0x00000200   Zero   RW            2    HEAP                startup_stm32h723xx.o
    0x240007f0        -       0x00000400   Zero   RW            1    STACK               startup_stm32h723xx.o


==============================================================================

Image component sizes


      Code (inc. data)   RO Data    RW Data    ZI Data      Debug   Object Name

       862          0          0          0        468      13789   adc.o
       112          0         10       4124        256      11034   bsp.o
       568          0          0          0          0       4767   bsp_uart.o
        76          0          0          0          0       5219   dma.o
       482          0          0          0         80       8165   fmc.o
       486          0          0          0          0       3098   gpio.o
       668          0          0          0          0       6141   main.o
       276          0          0          0        136       8055   spi.o
        72         30        716          0       1536        844   startup_stm32h723xx.o
       294          0          0          5          4      14612   stm32h7xx_hal.o
      7500          0          0          0          0      25024   stm32h7xx_hal_adc.o
       730          0          0          0          0      23597   stm32h7xx_hal_adc_ex.o
       688          0          0          0          0      11492   stm32h7xx_hal_cortex.o
     15540          8          8          0          0      12471   stm32h7xx_hal_dma.o
       982          0          0          0          0       6999   stm32h7xx_hal_gpio.o
        36          0          0          0          0       2224   stm32h7xx_hal_msp.o
       162          0          0          0          0       9317   stm32h7xx_hal_pwr_ex.o
      4694         66          0          0          0      11388   stm32h7xx_hal_rcc.o
      9792        118          0          0          0      18640   stm32h7xx_hal_rcc_ex.o
       700          0          0          0          0      20796   stm32h7xx_hal_spi.o
       144          0          0          0          0       8877   stm32h7xx_hal_sram.o
       620          0          0          0          0      37552   stm32h7xx_hal_tim.o
       380          0          0          0          0      18129   stm32h7xx_hal_tim_ex.o
      7046        342         24          0          0      29429   stm32h7xx_hal_uart.o
       738          0         16          0          0       8887   stm32h7xx_hal_uart_ex.o
       126          0          0          0          0       1496   stm32h7xx_it.o
       502          0          0          0          0       7274   stm32h7xx_ll_fmc.o
       398          0         16          8          0       5548   system_stm32h7xx.o
       294          0          0          0        152       6524   tim.o
       632          0          0          0        296      11353   usart.o

    ----------------------------------------------------------------------
     56008        568        840       4140       2932     352741   Object Totals
         0          0         48          0          0          0   (incl. Generated)
       408          4          2          3          4          0   (incl. Padding)

    ----------------------------------------------------------------------

      Code (inc. data)   RO Data    RW Data    ZI Data      Debug   Library Member Name

        58          0          0          0          0          0   __dczerorl.o
         8          0          0          0          0         68   __main.o
       392          4         17          0          0         92   __printf_flags_ss_wp.o
        14          0          0          0          0         68   __printf_wp.o
         0          0          0          0          0          0   __rtentry.o
        12          0          0          0          0          0   __rtentry2.o
         6          0          0          0          0          0   __rtentry4.o
        94          8          0          0          0          0   __scatter.o
        26          0          0          0          0          0   __scatter_copy.o
        28          0          0          0          0          0   __scatter_zi.o
        72          0          0          0          0         96   _c16rtomb.o
         6          0          0          0          0          0   _printf_a.o
         6          0          0          0          0          0   _printf_c.o
        44          0          0          0          0        108   _printf_char.o
        48          6          0          0          0         96   _printf_char_common.o
        40          0          0          0          0         68   _printf_charcount.o
         6          0          0          0          0          0   _printf_d.o
       120         16          0          0          0         92   _printf_dec.o
         6          0          0          0          0          0   _printf_e.o
         6          0          0          0          0          0   _printf_f.o
      1052          0          0          0          0        148   _printf_fp_dec.o
       764          8         38          0          0        100   _printf_fp_hex.o
       128         16          0          0          0         84   _printf_fp_infnan.o
         6          0          0          0          0          0   _printf_g.o
       148          4         40          0          0        160   _printf_hex_int_ll_ptr.o
         6          0          0          0          0          0   _printf_i.o
       178          0          0          0          0         88   _printf_intcommon.o
        10          0          0          0          0          0   _printf_l.o
         6          0          0          0          0          0   _printf_lc.o
        10          0          0          0          0          0   _printf_ll.o
         6          0          0          0          0          0   _printf_lld.o
         6          0          0          0          0          0   _printf_lli.o
         6          0          0          0          0          0   _printf_llo.o
         6          0          0          0          0          0   _printf_llu.o
         6          0          0          0          0          0   _printf_llx.o
       124         16          0          0          0         92   _printf_longlong_dec.o
         6          0          0          0          0          0   _printf_ls.o
         6          0          0          0          0          0   _printf_n.o
         6          0          0          0          0          0   _printf_o.o
       112          8          0          0          0        124   _printf_oct_int_ll.o
         6          0          0          0          0          0   _printf_p.o
        78          0          0          0          0        108   _printf_pad.o
         0          0          0          0          0          0   _printf_percent.o
         4          0          0          0          0          0   _printf_percent_end.o
         6          0          0          0          0          0   _printf_s.o
        82          0          0          0          0         80   _printf_str.o
        36          0          0          0          0         84   _printf_truncate.o
         6          0          0          0          0          0   _printf_u.o
        44          0          0          0          0        108   _printf_wchar.o
       188          6          8          0          0         92   _printf_wctomb.o
         6          0          0          0          0          0   _printf_x.o
        16          0          0          0          0         68   _snputc.o
       228          4        148          0          0         96   bigflt0.o
      1936        128          0          0          0        668   btod.o
        18          0          0          0          0         80   exit.o
         6          0          0          0          0        152   heapauxi.o
         0          0          0          0          0          0   indicate_semi.o
        44         10        272          0          0         76   lc_ctype_c.o
        44         10         28          0          0         76   lc_numeric_c.o
         2          0          0          0          0          0   libinit.o
        34          0          0          0          0          0   libinit2.o
         2          0          0          0          0          0   libshutdown.o
         2          0          0          0          0          0   libshutdown2.o
         8          4          0          0         96         68   libspace.o
       138          0          0          0          0         80   lludiv10.o
       240          0          0          0          0        100   lludivv7m.o
        16          4          0          0          0         76   rt_ctype_table.o
         8          4          0          0          0         68   rt_locale_intlibspace.o
        68          0          0          0          0         68   rt_memclr.o
        78          0          0          0          0         80   rt_memclr_w.o
         2          0          0          0          0          0   rtexit.o
        10          0          0          0          0          0   rtexit2.o
       124          0          0          0          0         88   strcmpv7m_pel.o
        62          0          0          0          0         76   strlen.o
        12          4          0          0          0         68   sys_exit.o
        74          0          0          0          0         80   sys_stackheap_outer.o
         2          0          0          0          0         68   use_no_semi.o
        60          4          0          0          0         80   vsnprintf.o
        26          0          0          0          0        116   fpinit.o
         4          0          0          0          0        116   printf1.o
         4          0          0          0          0        116   printf2.o
         0          0          0          0          0          0   usenofp.o
        48          0          0          0          0        124   fpclassify.o

    ----------------------------------------------------------------------
      7384        268        552          0         96       4644   Library Totals
        28          4          1          0          0          0   (incl. Padding)

    ----------------------------------------------------------------------

      Code (inc. data)   RO Data    RW Data    ZI Data      Debug   Library Name

      7274        264        551          0         96       4172   c_w.l
        34          0          0          0          0        348   fz_wv.l
        48          0          0          0          0        124   m_wv.l

    ----------------------------------------------------------------------
      7384        268        552          0         96       4644   Library Totals

    ----------------------------------------------------------------------

==============================================================================


      Code (inc. data)   RO Data    RW Data    ZI Data      Debug   

     63392        836       1392       4140       3028     354525   Grand Totals
     63392        836       1392         76       3028     354525   ELF Image Totals (compressed)
     63392        836       1392         76          0          0   ROM Totals

==============================================================================

    Total RO  Size (Code + RO Data)                64784 (  63.27kB)
    Total RW  Size (RW Data + ZI Data)              7168 (   7.00kB)
    Total ROM Size (Code + RO Data + RW Data)      64860 (  63.34kB)

==============================================================================

