------------------------------------------------------------
TimeQuest Timing Analyzer Summary
------------------------------------------------------------

Type  : Slow 1200mV 100C Model Setup 'u_pll|altpll_component|auto_generated|pll1|clk[0]'
Slack : -7.637
TNS   : -113.874

Type  : Slow 1200mV 100C Model Setup 'altera_reserved_tck'
Slack : 43.026
TNS   : 0.000

Type  : Slow 1200mV 100C Model Hold 'u_pll|altpll_component|auto_generated|pll1|clk[0]'
Slack : 0.339
TNS   : 0.000

Type  : Slow 1200mV 100C Model Hold 'altera_reserved_tck'
Slack : 0.416
TNS   : 0.000

Type  : Slow 1200mV 100C Model Recovery 'altera_reserved_tck'
Slack : 48.463
TNS   : 0.000

Type  : Slow 1200mV 100C Model Removal 'altera_reserved_tck'
Slack : 1.016
TNS   : 0.000

Type  : Slow 1200mV 100C Model Minimum Pulse Width 'u_pll|altpll_component|auto_generated|pll1|clk[0]'
Slack : 3.716
TNS   : 0.000

Type  : Slow 1200mV 100C Model Minimum Pulse Width 'CLK_50M'
Slack : 9.810
TNS   : 0.000

Type  : Slow 1200mV 100C Model Minimum Pulse Width 'altera_reserved_tck'
Slack : 49.471
TNS   : 0.000

Type  : Slow 1200mV -40C Model Setup 'u_pll|altpll_component|auto_generated|pll1|clk[0]'
Slack : -5.670
TNS   : -84.326

Type  : Slow 1200mV -40C Model Setup 'altera_reserved_tck'
Slack : 43.944
TNS   : 0.000

Type  : Slow 1200mV -40C Model Hold 'altera_reserved_tck'
Slack : 0.343
TNS   : 0.000

Type  : Slow 1200mV -40C Model Hold 'u_pll|altpll_component|auto_generated|pll1|clk[0]'
Slack : 0.344
TNS   : 0.000

Type  : Slow 1200mV -40C Model Recovery 'altera_reserved_tck'
Slack : 48.809
TNS   : 0.000

Type  : Slow 1200mV -40C Model Removal 'altera_reserved_tck'
Slack : 0.886
TNS   : 0.000

Type  : Slow 1200mV -40C Model Minimum Pulse Width 'u_pll|altpll_component|auto_generated|pll1|clk[0]'
Slack : 3.712
TNS   : 0.000

Type  : Slow 1200mV -40C Model Minimum Pulse Width 'CLK_50M'
Slack : 9.799
TNS   : 0.000

Type  : Slow 1200mV -40C Model Minimum Pulse Width 'altera_reserved_tck'
Slack : 49.324
TNS   : 0.000

Type  : Fast 1200mV -40C Model Setup 'u_pll|altpll_component|auto_generated|pll1|clk[0]'
Slack : -3.306
TNS   : -16.389

Type  : Fast 1200mV -40C Model Setup 'altera_reserved_tck'
Slack : 46.945
TNS   : 0.000

Type  : Fast 1200mV -40C Model Hold 'u_pll|altpll_component|auto_generated|pll1|clk[0]'
Slack : 0.130
TNS   : 0.000

Type  : Fast 1200mV -40C Model Hold 'altera_reserved_tck'
Slack : 0.179
TNS   : 0.000

Type  : Fast 1200mV -40C Model Recovery 'altera_reserved_tck'
Slack : 49.618
TNS   : 0.000

Type  : Fast 1200mV -40C Model Removal 'altera_reserved_tck'
Slack : 0.474
TNS   : 0.000

Type  : Fast 1200mV -40C Model Minimum Pulse Width 'u_pll|altpll_component|auto_generated|pll1|clk[0]'
Slack : 3.727
TNS   : 0.000

Type  : Fast 1200mV -40C Model Minimum Pulse Width 'CLK_50M'
Slack : 9.443
TNS   : 0.000

Type  : Fast 1200mV -40C Model Minimum Pulse Width 'altera_reserved_tck'
Slack : 49.264
TNS   : 0.000

------------------------------------------------------------
